Archive member included to satisfy reference by file (symbol)

C:/ST/STM32CubeIDE_2.1.0/STM32CubeIDE/plugins/com.st.stm32cube.ide.mcu.externaltools.gnu-tools-for-stm32.14.3.rel1.win32_1.0.100.202602081740/tools/bin/../lib/gcc/arm-none-eabi/14.3.1/../../../../arm-none-eabi/lib/thumb/v7-m/nofp\libc_nano.a(libc_a-exit.o)
                              C:/ST/STM32CubeIDE_2.1.0/STM32CubeIDE/plugins/com.st.stm32cube.ide.mcu.externaltools.gnu-tools-for-stm32.14.3.rel1.win32_1.0.100.202602081740/tools/bin/../lib/gcc/arm-none-eabi/14.3.1/../../../../arm-none-eabi/lib/thumb/v7-m/nofp/crt0.o (exit)
C:/ST/STM32CubeIDE_2.1.0/STM32CubeIDE/plugins/com.st.stm32cube.ide.mcu.externaltools.gnu-tools-for-stm32.14.3.rel1.win32_1.0.100.202602081740/tools/bin/../lib/gcc/arm-none-eabi/14.3.1/../../../../arm-none-eabi/lib/thumb/v7-m/nofp\libc_nano.a(libc_a-findfp.o)
                              C:/ST/STM32CubeIDE_2.1.0/STM32CubeIDE/plugins/com.st.stm32cube.ide.mcu.externaltools.gnu-tools-for-stm32.14.3.rel1.win32_1.0.100.202602081740/tools/bin/../lib/gcc/arm-none-eabi/14.3.1/../../../../arm-none-eabi/lib/thumb/v7-m/nofp\libc_nano.a(libc_a-exit.o) (__stdio_exit_handler)
C:/ST/STM32CubeIDE_2.1.0/STM32CubeIDE/plugins/com.st.stm32cube.ide.mcu.externaltools.gnu-tools-for-stm32.14.3.rel1.win32_1.0.100.202602081740/tools/bin/../lib/gcc/arm-none-eabi/14.3.1/../../../../arm-none-eabi/lib/thumb/v7-m/nofp\libc_nano.a(libc_a-fwalk.o)
                              C:/ST/STM32CubeIDE_2.1.0/STM32CubeIDE/plugins/com.st.stm32cube.ide.mcu.externaltools.gnu-tools-for-stm32.14.3.rel1.win32_1.0.100.202602081740/tools/bin/../lib/gcc/arm-none-eabi/14.3.1/../../../../arm-none-eabi/lib/thumb/v7-m/nofp\libc_nano.a(libc_a-findfp.o) (_fwalk_sglue)
C:/ST/STM32CubeIDE_2.1.0/STM32CubeIDE/plugins/com.st.stm32cube.ide.mcu.externaltools.gnu-tools-for-stm32.14.3.rel1.win32_1.0.100.202602081740/tools/bin/../lib/gcc/arm-none-eabi/14.3.1/../../../../arm-none-eabi/lib/thumb/v7-m/nofp\libc_nano.a(libc_a-stdio.o)
                              C:/ST/STM32CubeIDE_2.1.0/STM32CubeIDE/plugins/com.st.stm32cube.ide.mcu.externaltools.gnu-tools-for-stm32.14.3.rel1.win32_1.0.100.202602081740/tools/bin/../lib/gcc/arm-none-eabi/14.3.1/../../../../arm-none-eabi/lib/thumb/v7-m/nofp\libc_nano.a(libc_a-findfp.o) (__sread)
C:/ST/STM32CubeIDE_2.1.0/STM32CubeIDE/plugins/com.st.stm32cube.ide.mcu.externaltools.gnu-tools-for-stm32.14.3.rel1.win32_1.0.100.202602081740/tools/bin/../lib/gcc/arm-none-eabi/14.3.1/../../../../arm-none-eabi/lib/thumb/v7-m/nofp\libc_nano.a(libc_a-memset.o)
                              C:/ST/STM32CubeIDE_2.1.0/STM32CubeIDE/plugins/com.st.stm32cube.ide.mcu.externaltools.gnu-tools-for-stm32.14.3.rel1.win32_1.0.100.202602081740/tools/bin/../lib/gcc/arm-none-eabi/14.3.1/../../../../arm-none-eabi/lib/thumb/v7-m/nofp/crt0.o (memset)
C:/ST/STM32CubeIDE_2.1.0/STM32CubeIDE/plugins/com.st.stm32cube.ide.mcu.externaltools.gnu-tools-for-stm32.14.3.rel1.win32_1.0.100.202602081740/tools/bin/../lib/gcc/arm-none-eabi/14.3.1/../../../../arm-none-eabi/lib/thumb/v7-m/nofp\libc_nano.a(libc_a-closer.o)
                              C:/ST/STM32CubeIDE_2.1.0/STM32CubeIDE/plugins/com.st.stm32cube.ide.mcu.externaltools.gnu-tools-for-stm32.14.3.rel1.win32_1.0.100.202602081740/tools/bin/../lib/gcc/arm-none-eabi/14.3.1/../../../../arm-none-eabi/lib/thumb/v7-m/nofp\libc_nano.a(libc_a-stdio.o) (_close_r)
C:/ST/STM32CubeIDE_2.1.0/STM32CubeIDE/plugins/com.st.stm32cube.ide.mcu.externaltools.gnu-tools-for-stm32.14.3.rel1.win32_1.0.100.202602081740/tools/bin/../lib/gcc/arm-none-eabi/14.3.1/../../../../arm-none-eabi/lib/thumb/v7-m/nofp\libc_nano.a(libc_a-reent.o)
                              C:/ST/STM32CubeIDE_2.1.0/STM32CubeIDE/plugins/com.st.stm32cube.ide.mcu.externaltools.gnu-tools-for-stm32.14.3.rel1.win32_1.0.100.202602081740/tools/bin/../lib/gcc/arm-none-eabi/14.3.1/../../../../arm-none-eabi/lib/thumb/v7-m/nofp\libc_nano.a(libc_a-closer.o) (errno)
C:/ST/STM32CubeIDE_2.1.0/STM32CubeIDE/plugins/com.st.stm32cube.ide.mcu.externaltools.gnu-tools-for-stm32.14.3.rel1.win32_1.0.100.202602081740/tools/bin/../lib/gcc/arm-none-eabi/14.3.1/../../../../arm-none-eabi/lib/thumb/v7-m/nofp\libc_nano.a(libc_a-impure.o)
                              C:/ST/STM32CubeIDE_2.1.0/STM32CubeIDE/plugins/com.st.stm32cube.ide.mcu.externaltools.gnu-tools-for-stm32.14.3.rel1.win32_1.0.100.202602081740/tools/bin/../lib/gcc/arm-none-eabi/14.3.1/../../../../arm-none-eabi/lib/thumb/v7-m/nofp\libc_nano.a(libc_a-reent.o) (_impure_ptr)
C:/ST/STM32CubeIDE_2.1.0/STM32CubeIDE/plugins/com.st.stm32cube.ide.mcu.externaltools.gnu-tools-for-stm32.14.3.rel1.win32_1.0.100.202602081740/tools/bin/../lib/gcc/arm-none-eabi/14.3.1/../../../../arm-none-eabi/lib/thumb/v7-m/nofp\libc_nano.a(libc_a-lseekr.o)
[...]
Memory Configuration

Name             Origin             Length             Attributes
RAM              0x20000000         0x00005000         xrw
FLASH            0x08000000         0x00010000         xr
*default*        0x00000000         0xffffffff

Linker script and memory map

LOAD C:/ST/STM32CubeIDE_2.1.0/STM32CubeIDE/plugins/com.st.stm32cube.ide.mcu.externaltools.gnu-tools-for-stm32.14.3.rel1.win32_1.0.100.202602081740/tools/bin/../lib/gcc/arm-none-eabi/14.3.1/thumb/v7-m/nofp/crti.o
LOAD C:/ST/STM32CubeIDE_2.1.0/STM32CubeIDE/plugins/com.st.stm32cube.ide.mcu.externaltools.gnu-tools-for-stm32.14.3.rel1.win32_1.0.100.202602081740/tools/bin/../lib/gcc/arm-none-eabi/14.3.1/thumb/v7-m/nofp/crtbegin.o
LOAD C:/ST/STM32CubeIDE_2.1.0/STM32CubeIDE/plugins/com.st.stm32cube.ide.mcu.externaltools.gnu-tools-for-stm32.14.3.rel1.win32_1.0.100.202602081740/tools/bin/../lib/gcc/arm-none-eabi/14.3.1/../../../../arm-none-eabi/lib/thumb/v7-m/nofp/crt0.o
LOAD ./Algorithms/control/pid.o
LOAD ./Algorithms/estimation/estimator.o
LOAD ./Algorithms/filters/lowpass_filter.o
LOAD ./Algorithms/math/math_utils.o
LOAD ./Application/actuator/actuator_app.o
LOAD ./Application/debug_console/debug_console.o
LOAD ./Board/board.o
LOAD ./Board/board_can.o
LOAD ./Board/board_gpio.o
LOAD ./Board/board_pwm.o
LOAD ./Board/board_time.o
LOAD ./Board/board_uart.o
LOAD ./Core/Src/main.o
LOAD ./Core/Src/stm32f1xx_hal_msp.o
LOAD ./Core/Src/stm32f1xx_it.o
LOAD ./Core/Src/syscalls.o
LOAD ./Core/Src/sysmem.o
LOAD ./Core/Src/system_stm32f1xx.o
LOAD ./Core/Startup/startup_stm32f103c8tx.o
LOAD ./Devices/gripper/gripper.o
LOAD ./Devices/motor/motor.o
LOAD ./Drivers/STM32F1xx_HAL_Driver/Src/stm32f1xx_hal.o
LOAD ./Drivers/STM32F1xx_HAL_Driver/Src/stm32f1xx_hal_can.o
LOAD ./Drivers/STM32F1xx_HAL_Driver/Src/stm32f1xx_hal_cortex.o
LOAD ./Drivers/STM32F1xx_HAL_Driver/Src/stm32f1xx_hal_dma.o
LOAD ./Drivers/STM32F1xx_HAL_Driver/Src/stm32f1xx_hal_exti.o
LOAD ./Drivers/STM32F1xx_HAL_Driver/Src/stm32f1xx_hal_flash.o
LOAD ./Drivers/STM32F1xx_HAL_Driver/Src/stm32f1xx_hal_flash_ex.o
LOAD ./Drivers/STM32F1xx_HAL_Driver/Src/stm32f1xx_hal_gpio.o
LOAD ./Drivers/STM32F1xx_HAL_Driver/Src/stm32f1xx_hal_gpio_ex.o
LOAD ./Drivers/STM32F1xx_HAL_Driver/Src/stm32f1xx_hal_pwr.o
LOAD ./Drivers/STM32F1xx_HAL_Driver/Src/stm32f1xx_hal_rcc.o
LOAD ./Drivers/STM32F1xx_HAL_Driver/Src/stm32f1xx_hal_rcc_ex.o
LOAD ./Drivers/STM32F1xx_HAL_Driver/Src/stm32f1xx_hal_tim.o
LOAD ./Drivers/STM32F1xx_HAL_Driver/Src/stm32f1xx_hal_tim_ex.o
LOAD ./Drivers/STM32F1xx_HAL_Driver/Src/stm32f1xx_hal_uart.o
LOAD ./Middleware/dronecan/dronecan.o
LOAD ./Middleware/dronecan/dronecan_port.o
LOAD ./Middleware/dronecan/dronecan_rx.o
LOAD ./Middleware/dronecan/dronecan_tx.o
LOAD ./Middleware/dronecan/dsdl_generated/src/thaco.equipment.actuator.ArrayCommand.o
LOAD ./Middleware/dronecan/dsdl_generated/src/thaco.equipment.actuator.Command.o
LOAD ./Middleware/dronecan/dsdl_generated/src/uavcan.protocol.NodeStatus.o
LOAD ./RTOS/rtos.o
LOAD ./RTOS/tasks/actuator_task.o
LOAD ./RTOS/tasks/can_task.o
LOAD ./RTOS/tasks/health_task.o
LOAD ./Services/command/command_service.o
LOAD ./Services/health/health_service.o
LOAD ./Services/parameter/parameter_service.o
LOAD ./ThirdParty/FreeRTOS-Kernel/croutine.o
LOAD ./ThirdParty/FreeRTOS-Kernel/event_groups.o
LOAD ./ThirdParty/FreeRTOS-Kernel/list.o
LOAD ./ThirdParty/FreeRTOS-Kernel/queue.o
LOAD ./ThirdParty/FreeRTOS-Kernel/stream_buffer.o
LOAD ./ThirdParty/FreeRTOS-Kernel/tasks.o
LOAD ./ThirdParty/FreeRTOS-Kernel/timers.o
LOAD ./ThirdParty/FreeRTOS-Kernel/portable/GCC/ARM_CM3/port.o
LOAD ./ThirdParty/FreeRTOS-Kernel/portable/MemMang/heap_4.o
LOAD ./ThirdParty/libcanard/canard.o
LOAD ./Utils/math_utils.o
LOAD ./Utils/ring_buffer.o
START GROUP
LOAD C:/ST/STM32CubeIDE_2.1.0/STM32CubeIDE/plugins/com.st.stm32cube.ide.mcu.externaltools.gnu-tools-for-stm32.14.3.rel1.win32_1.0.100.202602081740/tools/bin/../lib/gcc/arm-none-eabi/14.3.1/../../../../arm-none-eabi/lib/thumb/v7-m/nofp\libc_nano.a
LOAD C:/ST/STM32CubeIDE_2.1.0/STM32CubeIDE/plugins/com.st.stm32cube.ide.mcu.externaltools.gnu-tools-for-stm32.14.3.rel1.win32_1.0.100.202602081740/tools/bin/../lib/gcc/arm-none-eabi/14.3.1/../../../../arm-none-eabi/lib/thumb/v7-m/nofp\libm.a
END GROUP
START GROUP
LOAD C:/ST/STM32CubeIDE_2.1.0/STM32CubeIDE/plugins/com.st.stm32cube.ide.mcu.externaltools.gnu-tools-for-stm32.14.3.rel1.win32_1.0.100.202602081740/tools/bin/../lib/gcc/arm-none-eabi/14.3.1/thumb/v7-m/nofp\libgcc.a
LOAD C:/ST/STM32CubeIDE_2.1.0/STM32CubeIDE/plugins/com.st.stm32cube.ide.mcu.externaltools.gnu-tools-for-stm32.14.3.rel1.win32_1.0.100.202602081740/tools/bin/../lib/gcc/arm-none-eabi/14.3.1/../../../../arm-none-eabi/lib/thumb/v7-m/nofp\libc_nano.a
END GROUP
START GROUP
LOAD C:/ST/STM32CubeIDE_2.1.0/STM32CubeIDE/plugins/com.st.stm32cube.ide.mcu.externaltools.gnu-tools-for-stm32.14.3.rel1.win32_1.0.100.202602081740/tools/bin/../lib/gcc/arm-none-eabi/14.3.1/thumb/v7-m/nofp\libgcc.a
LOAD C:/ST/STM32CubeIDE_2.1.0/STM32CubeIDE/plugins/com.st.stm32cube.ide.mcu.externaltools.gnu-tools-for-stm32.14.3.rel1.win32_1.0.100.202602081740/tools/bin/../lib/gcc/arm-none-eabi/14.3.1/../../../../arm-none-eabi/lib/thumb/v7-m/nofp\libc_nano.a
LOAD C:/ST/STM32CubeIDE_2.1.0/STM32CubeIDE/plugins/com.st.stm32cube.ide.mcu.externaltools.gnu-tools-for-stm32.14.3.rel1.win32_1.0.100.202602081740/tools/bin/../lib/gcc/arm-none-eabi/14.3.1/../../../../arm-none-eabi/lib/thumb/v7-m/nofp\libnosys.a
END GROUP
START GROUP
LOAD C:/ST/STM32CubeIDE_2.1.0/STM32CubeIDE/plugins/com.st.stm32cube.ide.mcu.externaltools.gnu-tools-for-stm32.14.3.rel1.win32_1.0.100.202602081740/tools/bin/../lib/gcc/arm-none-eabi/14.3.1/thumb/v7-m/nofp\libgcc.a
LOAD C:/ST/STM32CubeIDE_2.1.0/STM32CubeIDE/plugins/com.st.stm32cube.ide.mcu.externaltools.gnu-tools-for-stm32.14.3.rel1.win32_1.0.100.202602081740/tools/bin/../lib/gcc/arm-none-eabi/14.3.1/../../../../arm-none-eabi/lib/thumb/v7-m/nofp\libc_nano.a
LOAD C:/ST/STM32CubeIDE_2.1.0/STM32CubeIDE/plugins/com.st.stm32cube.ide.mcu.externaltools.gnu-tools-for-stm32.14.3.rel1.win32_1.0.100.202602081740/tools/bin/../lib/gcc/arm-none-eabi/14.3.1/../../../../arm-none-eabi/lib/thumb/v7-m/nofp\libnosys.a
END GROUP
LOAD C:/ST/STM32CubeIDE_2.1.0/STM32CubeIDE/plugins/com.st.stm32cube.ide.mcu.externaltools.gnu-tools-for-stm32.14.3.rel1.win32_1.0.100.202602081740/tools/bin/../lib/gcc/arm-none-eabi/14.3.1/thumb/v7-m/nofp/crtend.o
LOAD C:/ST/STM32CubeIDE_2.1.0/STM32CubeIDE/plugins/com.st.stm32cube.ide.mcu.externaltools.gnu-tools-for-stm32.14.3.rel1.win32_1.0.100.202602081740/tools/bin/../lib/gcc/arm-none-eabi/14.3.1/thumb/v7-m/nofp/crtn.o
                0x20005000                        _estack = (ORIGIN (RAM) + LENGTH (RAM))
                0x00000200                        _Min_Heap_Size = 0x200
                0x00000400                        _Min_Stack_Size = 0x400

.isr_vector     0x08000000      0x10c
                0x08000000                        . = ALIGN (0x4)
 *(.isr_vector)
 .isr_vector    0x08000000      0x10c ./Core/Startup/startup_stm32f103c8tx.o
                0x08000000                g_pfnVectors
                0x0800010c                        . = ALIGN (0x4)

.text           0x08000110     0x85f4
                0x08000110                        . = ALIGN (0x4)
 *(.text)
 .text          0x08000110       0x40 C:/ST/STM32CubeIDE_2.1.0/STM32CubeIDE/plugins/com.st.stm32cube.ide.mcu.externaltools.gnu-tools-for-stm32.14.3.rel1.win32_1.0.100.202602081740/tools/bin/../lib/gcc/arm-none-eabi/14.3.1/thumb/v7-m/nofp/crtbegin.o
 .text          0x08000150       0x30 C:/ST/STM32CubeIDE_2.1.0/STM32CubeIDE/plugins/com.st.stm32cube.ide.mcu.externaltools.gnu-tools-for-stm32.14.3.rel1.win32_1.0.100.202602081740/tools/bin/../lib/gcc/arm-none-eabi/14.3.1/thumb/v7-m/nofp\libgcc.a(_aeabi_uldivmod.o)
                0x08000150                __aeabi_uldivmod
 .text          0x08000180      0x2f4 C:/ST/STM32CubeIDE_2.1.0/STM32CubeIDE/plugins/com.st.stm32cube.ide.mcu.externaltools.gnu-tools-for-stm32.14.3.rel1.win32_1.0.100.202602081740/tools/bin/../lib/gcc/arm-none-eabi/14.3.1/thumb/v7-m/nofp\libgcc.a(_udivmoddi4.o)
                0x08000180                __udivmoddi4
 .text          0x08000474        0x4 C:/ST/STM32CubeIDE_2.1.0/STM32CubeIDE/plugins/com.st.stm32cube.ide.mcu.externaltools.gnu-tools-for-stm32.14.3.rel1.win32_1.0.100.202602081740/tools/bin/../lib/gcc/arm-none-eabi/14.3.1/thumb/v7-m/nofp\libgcc.a(_dvmd_tls.o)
                0x08000474                __aeabi_idiv0
                0x08000474                __aeabi_ldiv0
 *(.text*)
 .text.is_gripper_id
                0x08000478       0x2c ./Application/actuator/actuator_app.o
 .text.actuator_app_init
                0x080004a4       0x4c ./Application/actuator/actuator_app.o
                0x080004a4                actuator_app_init
 .text.actuator_app_apply_command
                0x080004f0       0xd0 ./Application/actuator/actuator_app.o
                0x080004f0                actuator_app_apply_command
 .text.main     0x080005c0       0x44 ./Core/Src/main.o
                0x080005c0                main
 .text.SystemClock_Config
                0x08000604       0x8a ./Core/Src/main.o
                0x08000604                SystemClock_Config
 *fill*         0x0800068e        0x2 
 .text.MX_CAN_Init
                0x08000690       0x6c ./Core/Src/main.o
 .text.MX_TIM2_Init
                0x080006fc      0x100 ./Core/Src/main.o
 .text.MX_USART2_UART_Init
                0x080007fc       0x54 ./Core/Src/main.o
 .text.MX_GPIO_Init
                0x08000850       0x98 ./Core/Src/main.o
 .text.Error_Handler
                0x080008e8        0xc ./Core/Src/main.o
                0x080008e8                Error_Handler
 .text.HAL_MspInit
                0x080008f4       0x64 ./Core/Src/stm32f1xx_hal_msp.o
                0x080008f4                HAL_MspInit
 .text.HAL_CAN_MspInit
                0x08000958       0xa8 ./Core/Src/stm32f1xx_hal_msp.o
                0x08000958                HAL_CAN_MspInit
 .text.HAL_TIM_Base_MspInit
                0x08000a00       0x38 ./Core/Src/stm32f1xx_hal_msp.o
                0x08000a00                HAL_TIM_Base_MspInit
 .text.HAL_TIM_MspPostInit
                0x08000a38       0x60 ./Core/Src/stm32f1xx_hal_msp.o
                0x08000a38                HAL_TIM_MspPostInit
 .text.HAL_UART_MspInit
                0x08000a98       0x94 ./Core/Src/stm32f1xx_hal_msp.o
                0x08000a98                HAL_UART_MspInit
 .text.NMI_Handler
                0x08000b2c        0x8 ./Core/Src/stm32f1xx_it.o
                0x08000b2c                NMI_Handler
 .text.HardFault_Handler
                0x08000b34        0x8 ./Core/Src/stm32f1xx_it.o
                0x08000b34                HardFault_Handler
 .text.MemManage_Handler
                0x08000b3c        0x8 ./Core/Src/stm32f1xx_it.o
                0x08000b3c                MemManage_Handler
 .text.BusFault_Handler
                0x08000b44        0x8 ./Core/Src/stm32f1xx_it.o
                0x08000b44                BusFault_Handler
 .text.UsageFault_Handler
                0x08000b4c        0x8 ./Core/Src/stm32f1xx_it.o
                0x08000b4c                UsageFault_Handler
 .text.DebugMon_Handler
                0x08000b54        0xc ./Core/Src/stm32f1xx_it.o
                0x08000b54                DebugMon_Handler
 .text.SysTick_Handler
                0x08000b60       0x1a ./Core/Src/stm32f1xx_it.o
                0x08000b60                SysTick_Handler
 *fill*         0x08000b7a        0x2 
 .text.USB_LP_CAN1_RX0_IRQHandler
                0x08000b7c       0x14 ./Core/Src/stm32f1xx_it.o
                0x08000b7c                USB_LP_CAN1_RX0_IRQHandler
 .text.SystemInit
                0x08000b90        0xc ./Core/Src/system_stm32f1xx.o
                0x08000b90                SystemInit
 .text.Reset_Handler
                0x08000b9c       0x48 ./Core/Startup/startup_stm32f103c8tx.o
                0x08000b9c                Reset_Handler
 .text.Default_Handler
                0x08000be4        0x2 ./Core/Startup/startup_stm32f103c8tx.o
                0x08000be4                RTC_Alarm_IRQHandler
                0x08000be4                EXTI2_IRQHandler
                0x08000be4                TIM1_CC_IRQHandler
                0x08000be4                PVD_IRQHandler
                0x08000be4                EXTI3_IRQHandler
                0x08000be4                EXTI0_IRQHandler
                0x08000be4                I2C2_EV_IRQHandler
                0x08000be4                ADC1_2_IRQHandler
                0x08000be4                SPI1_IRQHandler
                0x08000be4                TAMPER_IRQHandler
                0x08000be4                DMA1_Channel4_IRQHandler
                0x08000be4                USART3_IRQHandler
                0x08000be4                RTC_IRQHandler
                0x08000be4                DMA1_Channel7_IRQHandler
                0x08000be4                CAN1_RX1_IRQHandler
                0x08000be4                TIM4_IRQHandler
                0x08000be4                I2C1_EV_IRQHandler
                0x08000be4                DMA1_Channel6_IRQHandler
                0x08000be4                TIM3_IRQHandler
                0x08000be4                RCC_IRQHandler
                0x08000be4                TIM1_TRG_COM_IRQHandler
                0x08000be4                DMA1_Channel1_IRQHandler
                0x08000be4                Default_Handler
                0x08000be4                EXTI15_10_IRQHandler
                0x08000be4                EXTI9_5_IRQHandler
                0x08000be4                SPI2_IRQHandler
                0x08000be4                DMA1_Channel5_IRQHandler
                0x08000be4                EXTI4_IRQHandler
                0x08000be4                USB_HP_CAN1_TX_IRQHandler
                0x08000be4                DMA1_Channel3_IRQHandler
                0x08000be4                TIM1_UP_IRQHandler
                0x08000be4                WWDG_IRQHandler
                0x08000be4                TIM2_IRQHandler
                0x08000be4                TIM1_BRK_IRQHandler
                0x08000be4                EXTI1_IRQHandler
                0x08000be4                USART2_IRQHandler
                0x08000be4                I2C2_ER_IRQHandler
                0x08000be4                DMA1_Channel2_IRQHandler
                0x08000be4                CAN1_SCE_IRQHandler
                0x08000be4                FLASH_IRQHandler
                0x08000be4                USART1_IRQHandler
                0x08000be4                I2C1_ER_IRQHandler
                0x08000be4                USBWakeUp_IRQHandler
 *fill*         0x08000be6        0x2 
 .text.HAL_Init
                0x08000be8       0x2c ./Drivers/STM32F1xx_HAL_Driver/Src/stm32f1xx_hal.o
                0x08000be8                HAL_Init
 .text.HAL_InitTick
                0x08000c14       0x60 ./Drivers/STM32F1xx_HAL_Driver/Src/stm32f1xx_hal.o
                0x08000c14                HAL_InitTick
 .text.HAL_IncTick
                0x08000c74       0x24 ./Drivers/STM32F1xx_HAL_Driver/Src/stm32f1xx_hal.o
                0x08000c74                HAL_IncTick
 .text.HAL_GetTick
                0x08000c98       0x14 ./Drivers/STM32F1xx_HAL_Driver/Src/stm32f1xx_hal.o
                0x08000c98                HAL_GetTick
 .text.HAL_CAN_Init
                0x08000cac      0x1f6 ./Drivers/STM32F1xx_HAL_Driver/Src/stm32f1xx_hal_can.o
                0x08000cac                HAL_CAN_Init
 .text.HAL_CAN_ConfigFilter
                0x08000ea2      0x192 ./Drivers/STM32F1xx_HAL_Driver/Src/stm32f1xx_hal_can.o
                0x08000ea2                HAL_CAN_ConfigFilter
 .text.HAL_CAN_Start
                0x08001034       0x88 ./Drivers/STM32F1xx_HAL_Driver/Src/stm32f1xx_hal_can.o
                0x08001034                HAL_CAN_Start
 .text.HAL_CAN_GetRxMessage
                0x080010bc      0x242 ./Drivers/STM32F1xx_HAL_Driver/Src/stm32f1xx_hal_can.o
                0x080010bc                HAL_CAN_GetRxMessage
 .text.HAL_CAN_ActivateNotification
                0x080012fe       0x4a ./Drivers/STM32F1xx_HAL_Driver/Src/stm32f1xx_hal_can.o
                0x080012fe                HAL_CAN_ActivateNotification
 .text.HAL_CAN_IRQHandler
                0x08001348      0x36e ./Drivers/STM32F1xx_HAL_Driver/Src/stm32f1xx_hal_can.o
                0x08001348                HAL_CAN_IRQHandler
 .text.HAL_CAN_TxMailbox0CompleteCallback
                0x080016b6       0x12 ./Drivers/STM32F1xx_HAL_Driver/Src/stm32f1xx_hal_can.o
                0x080016b6                HAL_CAN_TxMailbox0CompleteCallback
 .text.HAL_CAN_TxMailbox1CompleteCallback
                0x080016c8       0x12 ./Drivers/STM32F1xx_HAL_Driver/Src/stm32f1xx_hal_can.o
                0x080016c8                HAL_CAN_TxMailbox1CompleteCallback
 .text.HAL_CAN_TxMailbox2CompleteCallback
                0x080016da       0x12 ./Drivers/STM32F1xx_HAL_Driver/Src/stm32f1xx_hal_can.o
                0x080016da                HAL_CAN_TxMailbox2CompleteCallback
 .text.HAL_CAN_TxMailbox0AbortCallback
                0x080016ec       0x12 ./Drivers/STM32F1xx_HAL_Driver/Src/stm32f1xx_hal_can.o
                0x080016ec                HAL_CAN_TxMailbox0AbortCallback
 .text.HAL_CAN_TxMailbox1AbortCallback
                0x080016fe       0x12 ./Drivers/STM32F1xx_HAL_Driver/Src/stm32f1xx_hal_can.o
                0x080016fe                HAL_CAN_TxMailbox1AbortCallback
 .text.HAL_CAN_TxMailbox2AbortCallback
                0x08001710       0x12 ./Drivers/STM32F1xx_HAL_Driver/Src/stm32f1xx_hal_can.o
                0x08001710                HAL_CAN_TxMailbox2AbortCallback
 .text.HAL_CAN_RxFifo0FullCallback
                0x08001722       0x12 ./Drivers/STM32F1xx_HAL_Driver/Src/stm32f1xx_hal_can.o
                0x08001722                HAL_CAN_RxFifo0FullCallback
 .text.HAL_CAN_RxFifo1MsgPendingCallback
                0x08001734       0x12 ./Drivers/STM32F1xx_HAL_Driver/Src/stm32f1xx_hal_can.o
                0x08001734                HAL_CAN_RxFifo1MsgPendingCallback
 .text.HAL_CAN_RxFifo1FullCallback
                0x08001746       0x12 ./Drivers/STM32F1xx_HAL_Driver/Src/stm32f1xx_hal_can.o
                0x08001746                HAL_CAN_RxFifo1FullCallback
 .text.HAL_CAN_SleepCallback
                0x08001758       0x12 ./Drivers/STM32F1xx_HAL_Driver/Src/stm32f1xx_hal_can.o
                0x08001758                HAL_CAN_SleepCallback
 .text.HAL_CAN_WakeUpFromRxMsgCallback
                0x0800176a       0x12 ./Drivers/STM32F1xx_HAL_Driver/Src/stm32f1xx_hal_can.o
                0x0800176a                HAL_CAN_WakeUpFromRxMsgCallback
 .text.HAL_CAN_ErrorCallback
                0x0800177c       0x12 ./Drivers/STM32F1xx_HAL_Driver/Src/stm32f1xx_hal_can.o
                0x0800177c                HAL_CAN_ErrorCallback
 *fill*         0x0800178e        0x2 
 .text.__NVIC_SetPriorityGrouping
                0x08001790       0x48 ./Drivers/STM32F1xx_HAL_Driver/Src/stm32f1xx_hal_cortex.o
 .text.__NVIC_GetPriorityGrouping
                0x080017d8       0x1c ./Drivers/STM32F1xx_HAL_Driver/Src/stm32f1xx_hal_cortex.o
 .text.__NVIC_EnableIRQ
                0x080017f4       0x38 ./Drivers/STM32F1xx_HAL_Driver/Src/stm32f1xx_hal_cortex.o
 .text.__NVIC_SetPriority
                0x0800182c       0x54 ./Drivers/STM32F1xx_HAL_Driver/Src/stm32f1xx_hal_cortex.o
 .text.NVIC_EncodePriority
                0x08001880       0x64 ./Drivers/STM32F1xx_HAL_Driver/Src/stm32f1xx_hal_cortex.o
 .text.SysTick_Config
                0x080018e4       0x44 ./Drivers/STM32F1xx_HAL_Driver/Src/stm32f1xx_hal_cortex.o
 .text.HAL_NVIC_SetPriorityGrouping
                0x08001928       0x16 ./Drivers/STM32F1xx_HAL_Driver/Src/stm32f1xx_hal_cortex.o
                0x08001928                HAL_NVIC_SetPriorityGrouping
 .text.HAL_NVIC_SetPriority
                0x0800193e       0x38 ./Drivers/STM32F1xx_HAL_Driver/Src/stm32f1xx_hal_cortex.o
                0x0800193e                HAL_NVIC_SetPriority
 .text.HAL_NVIC_EnableIRQ
                0x08001976       0x1c ./Drivers/STM32F1xx_HAL_Driver/Src/stm32f1xx_hal_cortex.o
                0x08001976                HAL_NVIC_EnableIRQ
 .text.HAL_SYSTICK_Config
                0x08001992       0x18 ./Drivers/STM32F1xx_HAL_Driver/Src/stm32f1xx_hal_cortex.o
                0x08001992                HAL_SYSTICK_Config
 *fill*         0x080019aa        0x2 
 .text.HAL_GPIO_Init
                0x080019ac      0x308 ./Drivers/STM32F1xx_HAL_Driver/Src/stm32f1xx_hal_gpio.o
                0x080019ac                HAL_GPIO_Init
 .text.HAL_GPIO_WritePin
                0x08001cb4       0x30 ./Drivers/STM32F1xx_HAL_Driver/Src/stm32f1xx_hal_gpio.o
                0x08001cb4                HAL_GPIO_WritePin
 .text.HAL_GPIO_TogglePin
                0x08001ce4       0x32 ./Drivers/STM32F1xx_HAL_Driver/Src/stm32f1xx_hal_gpio.o
                0x08001ce4                HAL_GPIO_TogglePin
 *fill*         0x08001d16        0x2 
 .text.HAL_RCC_OscConfig
                0x08001d18      0x504 ./Drivers/STM32F1xx_HAL_Driver/Src/stm32f1xx_hal_rcc.o
                0x08001d18                HAL_RCC_OscConfig
 .text.HAL_RCC_ClockConfig
                0x0800221c      0x1d4 ./Drivers/STM32F1xx_HAL_Driver/Src/stm32f1xx_hal_rcc.o
                0x0800221c                HAL_RCC_ClockConfig
 .text.HAL_RCC_GetSysClockFreq
                0x080023f0       0xa8 ./Drivers/STM32F1xx_HAL_Driver/Src/stm32f1xx_hal_rcc.o
                0x080023f0                HAL_RCC_GetSysClockFreq
 .text.HAL_RCC_GetHCLKFreq
                0x08002498       0x14 ./Drivers/STM32F1xx_HAL_Driver/Src/stm32f1xx_hal_rcc.o
                0x08002498                HAL_RCC_GetHCLKFreq
 .text.HAL_RCC_GetPCLK1Freq
                0x080024ac       0x28 ./Drivers/STM32F1xx_HAL_Driver/Src/stm32f1xx_hal_rcc.o
                0x080024ac                HAL_RCC_GetPCLK1Freq
 .text.HAL_RCC_GetPCLK2Freq
                0x080024d4       0x28 ./Drivers/STM32F1xx_HAL_Driver/Src/stm32f1xx_hal_rcc.o
                0x080024d4                HAL_RCC_GetPCLK2Freq
 .text.RCC_Delay
                0x080024fc       0x3c ./Drivers/STM32F1xx_HAL_Driver/Src/stm32f1xx_hal_rcc.o
 .text.HAL_TIM_Base_Init
                0x08002538       0x9e ./Drivers/STM32F1xx_HAL_Driver/Src/stm32f1xx_hal_tim.o
                0x08002538                HAL_TIM_Base_Init
 .text.HAL_TIM_PWM_Init
                0x080025d6       0x9e ./Drivers/STM32F1xx_HAL_Driver/Src/stm32f1xx_hal_tim.o
                0x080025d6                HAL_TIM_PWM_Init
 .text.HAL_TIM_PWM_MspInit
                0x08002674       0x12 ./Drivers/STM32F1xx_HAL_Driver/Src/stm32f1xx_hal_tim.o
                0x08002674                HAL_TIM_PWM_MspInit
 *fill*         0x08002686        0x2 
 .text.HAL_TIM_PWM_ConfigChannel
                0x08002688      0x184 ./Drivers/STM32F1xx_HAL_Driver/Src/stm32f1xx_hal_tim.o
                0x08002688                HAL_TIM_PWM_ConfigChannel
 .text.HAL_TIM_ConfigClockSource
                0x0800280c      0x18e ./Drivers/STM32F1xx_HAL_Driver/Src/stm32f1xx_hal_tim.o
                0x0800280c                HAL_TIM_ConfigClockSource
 *fill*         0x0800299a        0x2 
 .text.TIM_Base_SetConfig
                0x0800299c       0xdc ./Drivers/STM32F1xx_HAL_Driver/Src/stm32f1xx_hal_tim.o
                0x0800299c                TIM_Base_SetConfig
 .text.TIM_OC1_SetConfig
                0x08002a78       0xcc ./Drivers/STM32F1xx_HAL_Driver/Src/stm32f1xx_hal_tim.o
 .text.TIM_OC2_SetConfig
                0x08002b44       0xd4 ./Drivers/STM32F1xx_HAL_Driver/Src/stm32f1xx_hal_tim.o
                0x08002b44                TIM_OC2_SetConfig
 .text.TIM_OC3_SetConfig
                0x08002c18       0xd4 ./Drivers/STM32F1xx_HAL_Driver/Src/stm32f1xx_hal_tim.o
 .text.TIM_OC4_SetConfig
                0x08002cec       0x9c ./Drivers/STM32F1xx_HAL_Driver/Src/stm32f1xx_hal_tim.o
 .text.TIM_TI1_ConfigInputStage
                0x08002d88       0x5c ./Drivers/STM32F1xx_HAL_Driver/Src/stm32f1xx_hal_tim.o
 .text.TIM_TI2_ConfigInputStage
                0x08002de4       0x5e ./Drivers/STM32F1xx_HAL_Driver/Src/stm32f1xx_hal_tim.o
 .text.TIM_ITRx_SetConfig
                0x08002e42       0x34 ./Drivers/STM32F1xx_HAL_Driver/Src/stm32f1xx_hal_tim.o
 .text.TIM_ETR_SetConfig
                0x08002e76       0x3e ./Drivers/STM32F1xx_HAL_Driver/Src/stm32f1xx_hal_tim.o
                0x08002e76                TIM_ETR_SetConfig
 .text.HAL_TIMEx_MasterConfigSynchronization
                0x08002eb4       0xbc ./Drivers/STM32F1xx_HAL_Driver/Src/stm32f1xx_hal_tim_ex.o
                0x08002eb4                HAL_TIMEx_MasterConfigSynchronization
 .text.HAL_UART_Init
                0x08002f70       0xa0 ./Drivers/STM32F1xx_HAL_Driver/Src/stm32f1xx_hal_uart.o
                0x08002f70                HAL_UART_Init
 .text.HAL_UART_Transmit
                0x08003010      0x116 ./Drivers/STM32F1xx_HAL_Driver/Src/stm32f1xx_hal_uart.o
                0x08003010                HAL_UART_Transmit
 .text.UART_WaitOnFlagUntilTimeout
                0x08003126       0xb2 ./Drivers/STM32F1xx_HAL_Driver/Src/stm32f1xx_hal_uart.o
 .text.UART_EndRxTransfer
                0x080031d8       0xc4 ./Drivers/STM32F1xx_HAL_Driver/Src/stm32f1xx_hal_uart.o
 .text.UART_SetConfig
                0x0800329c      0x11c ./Drivers/STM32F1xx_HAL_Driver/Src/stm32f1xx_hal_uart.o
 .text.thaco_equipment_actuator_ArrayCommand_decode
                0x080033b8       0x1c ./Middleware/dronecan/dronecan.o
 .text.uavcan_protocol_NodeStatus_decode
                0x080033d4       0x1c ./Middleware/dronecan/dronecan.o
 .text.should_accept_transfer
                0x080033f0       0x80 ./Middleware/dronecan/dronecan.o
 .text.handle_node_status
                0x08003470       0xac ./Middleware/dronecan/dronecan.o
 .text.handle_array_command
                0x0800351c      0x13c ./Middleware/dronecan/dronecan.o
 .text.on_transfer_reception
                0x08003658       0x4a ./Middleware/dronecan/dronecan.o
 *fill*         0x080036a2        0x2 
 .text.dronecan_init
                0x080036a4       0x8c ./Middleware/dronecan/dronecan.o
                0x080036a4                dronecan_init
 .text.dronecan_process_rx_frame
                0x08003730      0x104 ./Middleware/dronecan/dronecan.o
                0x08003730                dronecan_process_rx_frame
 .text.dronecan_cleanup_stale_transfers
                0x08003834       0x20 ./Middleware/dronecan/dronecan.o
                0x08003834                dronecan_cleanup_stale_transfers
 .text.__thaco_equipment_actuator_Command_decode
                0x08003854       0x76 ./Middleware/dronecan/dsdl_generated/src/thaco.equipment.actuator.ArrayCommand.o
 .text.__thaco_equipment_actuator_ArrayCommand_decode
                0x080038ca      0x100 ./Middleware/dronecan/dsdl_generated/src/thaco.equipment.actuator.ArrayCommand.o
 .text._thaco_equipment_actuator_ArrayCommand_decode
                0x080039ca       0x48 ./Middleware/dronecan/dsdl_generated/src/thaco.equipment.actuator.ArrayCommand.o
                0x080039ca                _thaco_equipment_actuator_ArrayCommand_decode
 .text.__uavcan_protocol_NodeStatus_decode
                0x08003a12       0xb0 ./Middleware/dronecan/dsdl_generated/src/uavcan.protocol.NodeStatus.o
 .text._uavcan_protocol_NodeStatus_decode
                0x08003ac2       0x48 ./Middleware/dronecan/dsdl_generated/src/uavcan.protocol.NodeStatus.o
                0x08003ac2                _uavcan_protocol_NodeStatus_decode
 .text.rtos_init
                0x08003b0a       0x20 ./RTOS/rtos.o
                0x08003b0a                rtos_init
 .text.vApplicationStackOverflowHook
                0x08003b2a       0x16 ./RTOS/rtos.o
                0x08003b2a                vApplicationStackOverflowHook
 .text.vApplicationMallocFailedHook
                0x08003b40        0xc ./RTOS/rtos.o
                0x08003b40                vApplicationMallocFailedHook
 .text.configure_message_filter
                0x08003b4c       0x68 ./RTOS/tasks/can_task.o
 .text.can_start
                0x08003bb4       0x68 ./RTOS/tasks/can_task.o
 .text.console_write
                0x08003c1c       0x3c ./RTOS/tasks/can_task.o
 .text.ticks_until_period
                0x08003c58       0x30 ./RTOS/tasks/can_task.o
 .text.append_text
                0x08003c88       0x3c ./RTOS/tasks/can_task.o
 .text.append_hex
                0x08003cc4       0x58 ./RTOS/tasks/can_task.o
 .text.append_uint32
                0x08003d1c       0x8c ./RTOS/tasks/can_task.o
 .text.node_health_text
                0x08003da8       0x58 ./RTOS/tasks/can_task.o
 .text.node_mode_text
                0x08003e00       0x70 ./RTOS/tasks/can_task.o
 .text.dronecan_time_usec
                0x08003e70       0xdc ./RTOS/tasks/can_task.o
 .text.node_status_received
                0x08003f4c      0x258 ./RTOS/tasks/can_task.o
 .text.array_command_received
                0x080041a4      0x2f0 ./RTOS/tasks/can_task.o
 .text.test_console_task
                0x08004494       0xd4 ./RTOS/tasks/can_task.o
 .text.can_tasks_init
                0x08004568       0x94 ./RTOS/tasks/can_task.o
                0x08004568                can_tasks_init
 .text.HAL_CAN_RxFifo0MsgPendingCallback
                0x080045fc       0xf0 ./RTOS/tasks/can_task.o
                0x080045fc                HAL_CAN_RxFifo0MsgPendingCallback
 .text.vListInitialise
                0x080046ec       0x3e ./ThirdParty/FreeRTOS-Kernel/list.o
                0x080046ec                vListInitialise
 .text.vListInitialiseItem
                0x0800472a       0x18 ./ThirdParty/FreeRTOS-Kernel/list.o
                0x0800472a                vListInitialiseItem
 .text.vListInsert
                0x08004742       0x70 ./ThirdParty/FreeRTOS-Kernel/list.o
                0x08004742                vListInsert
 .text.uxListRemove
                0x080047b2       0x52 ./ThirdParty/FreeRTOS-Kernel/list.o
                0x080047b2                uxListRemove
 .text.xQueueGenericReset
                0x08004804      0x124 ./ThirdParty/FreeRTOS-Kernel/queue.o
                0x08004804                xQueueGenericReset
 .text.xQueueGenericCreate
                0x08004928       0x9e ./ThirdParty/FreeRTOS-Kernel/queue.o
                0x08004928                xQueueGenericCreate
 .text.prvInitialiseNewQueue
                0x080049c6       0x3e ./ThirdParty/FreeRTOS-Kernel/queue.o
 .text.xQueueGenericSendFromISR
                0x08004a04      0x15a ./ThirdParty/FreeRTOS-Kernel/queue.o
                0x08004a04                xQueueGenericSendFromISR
 *fill*         0x08004b5e        0x2 
 .text.xQueueReceive
                0x08004b60      0x1c4 ./ThirdParty/FreeRTOS-Kernel/queue.o
                0x08004b60                xQueueReceive
 .text.vQueueDelete
                0x08004d24       0x78 ./ThirdParty/FreeRTOS-Kernel/queue.o
                0x08004d24                vQueueDelete
 .text.prvCopyDataToQueue
                0x08004d9c       0xd4 ./ThirdParty/FreeRTOS-Kernel/queue.o
 .text.prvCopyDataFromQueue
                0x08004e70       0x4c ./ThirdParty/FreeRTOS-Kernel/queue.o
 .text.prvUnlockQueue
                0x08004ebc       0xa4 ./ThirdParty/FreeRTOS-Kernel/queue.o
 .text.prvIsQueueEmpty
                0x08004f60       0x2c ./ThirdParty/FreeRTOS-Kernel/queue.o
 .text.vQueueWaitForMessageRestricted
                0x08004f8c       0x68 ./ThirdParty/FreeRTOS-Kernel/queue.o
                0x08004f8c                vQueueWaitForMessageRestricted
 .text.prvCreateTask
                0x08004ff4       0x78 ./ThirdParty/FreeRTOS-Kernel/tasks.o
 .text.xTaskCreate
                0x0800506c       0x46 ./ThirdParty/FreeRTOS-Kernel/tasks.o
                0x0800506c                xTaskCreate
 .text.prvInitialiseNewTask
                0x080050b2      0x14a ./ThirdParty/FreeRTOS-Kernel/tasks.o
 .text.prvAddNewTaskToReadyList
                0x080051fc      0x128 ./ThirdParty/FreeRTOS-Kernel/tasks.o
 .text.prvCreateIdleTasks
                0x08005324       0xac ./ThirdParty/FreeRTOS-Kernel/tasks.o
 .text.vTaskStartScheduler
                0x080053d0       0x88 ./ThirdParty/FreeRTOS-Kernel/tasks.o
                0x080053d0                vTaskStartScheduler
 .text.vTaskSuspendAll
                0x08005458       0x1c ./ThirdParty/FreeRTOS-Kernel/tasks.o
                0x08005458                vTaskSuspendAll
 .text.xTaskResumeAll
                0x08005474      0x210 ./ThirdParty/FreeRTOS-Kernel/tasks.o
                0x08005474                xTaskResumeAll
 .text.xTaskGetTickCount
                0x08005684       0x1c ./ThirdParty/FreeRTOS-Kernel/tasks.o
                0x08005684                xTaskGetTickCount
 .text.uxTaskGetNumberOfTasks
                0x080056a0       0x14 ./ThirdParty/FreeRTOS-Kernel/tasks.o
                0x080056a0                uxTaskGetNumberOfTasks
 .text.xTaskIncrementTick
                0x080056b4      0x234 ./ThirdParty/FreeRTOS-Kernel/tasks.o
                0x080056b4                xTaskIncrementTick
 .text.vTaskSwitchContext
                0x080058e8      0x118 ./ThirdParty/FreeRTOS-Kernel/tasks.o
                0x080058e8                vTaskSwitchContext
 .text.vTaskPlaceOnEventList
                0x08005a00       0x4c ./ThirdParty/FreeRTOS-Kernel/tasks.o
                0x08005a00                vTaskPlaceOnEventList
 .text.vTaskPlaceOnEventListRestricted
                0x08005a4c       0x8c ./ThirdParty/FreeRTOS-Kernel/tasks.o
                0x08005a4c                vTaskPlaceOnEventListRestricted
 .text.xTaskRemoveFromEventList
                0x08005ad8      0x1b0 ./ThirdParty/FreeRTOS-Kernel/tasks.o
                0x08005ad8                xTaskRemoveFromEventList
 .text.vTaskInternalSetTimeOutState
                0x08005c88       0x2c ./ThirdParty/FreeRTOS-Kernel/tasks.o
                0x08005c88                vTaskInternalSetTimeOutState
 .text.xTaskCheckForTimeOut
                0x08005cb4       0xd0 ./ThirdParty/FreeRTOS-Kernel/tasks.o
                0x08005cb4                xTaskCheckForTimeOut
 .text.vTaskMissedYield
                0x08005d84       0x18 ./ThirdParty/FreeRTOS-Kernel/tasks.o
                0x08005d84                vTaskMissedYield
 .text.prvIdleTask
                0x08005d9c       0x30 ./ThirdParty/FreeRTOS-Kernel/tasks.o
 .text.prvInitialiseTaskLists
                0x08005dcc       0x80 ./ThirdParty/FreeRTOS-Kernel/tasks.o
 .text.prvCheckTasksWaitingTermination
                0x08005e4c       0x5c ./ThirdParty/FreeRTOS-Kernel/tasks.o
 .text.prvDeleteTCB
                0x08005ea8       0x20 ./ThirdParty/FreeRTOS-Kernel/tasks.o
 .text.prvResetNextTaskUnblockTime
                0x08005ec8       0x34 ./ThirdParty/FreeRTOS-Kernel/tasks.o
 .text.xTaskGetSchedulerState
                0x08005efc       0x3c ./ThirdParty/FreeRTOS-Kernel/tasks.o
                0x08005efc                xTaskGetSchedulerState
 .text.xTaskPriorityDisinherit
                0x08005f38      0x150 ./ThirdParty/FreeRTOS-Kernel/tasks.o
                0x08005f38                xTaskPriorityDisinherit
 .text.prvAddCurrentTaskToDelayedList
                0x08006088      0x104 ./ThirdParty/FreeRTOS-Kernel/tasks.o
 .text.xTimerCreateTimerTask
                0x0800618c       0x64 ./ThirdParty/FreeRTOS-Kernel/timers.o
                0x0800618c                xTimerCreateTimerTask
 .text.prvReloadTimer
                0x080061f0       0x42 ./ThirdParty/FreeRTOS-Kernel/timers.o
 *fill*         0x08006232        0x2 
 .text.prvProcessExpiredTimer
                0x08006234       0x60 ./ThirdParty/FreeRTOS-Kernel/timers.o
 .text.prvTimerTask
                0x08006294       0x26 ./ThirdParty/FreeRTOS-Kernel/timers.o
 *fill*         0x080062ba        0x2 
 .text.prvProcessTimerOrBlockTask
                0x080062bc       0x9c ./ThirdParty/FreeRTOS-Kernel/timers.o
 .text.prvGetNextExpireTime
                0x08006358       0x44 ./ThirdParty/FreeRTOS-Kernel/timers.o
 .text.prvSampleTimeNow
                0x0800639c       0x40 ./ThirdParty/FreeRTOS-Kernel/timers.o
 .text.prvInsertTimerInActiveList
                0x080063dc       0x84 ./ThirdParty/FreeRTOS-Kernel/timers.o
 .text.prvProcessReceivedCommands
                0x08006460      0x198 ./ThirdParty/FreeRTOS-Kernel/timers.o
 .text.prvSwitchTimerLists
                0x080065f8       0x4c ./ThirdParty/FreeRTOS-Kernel/timers.o
 .text.prvCheckForValidListAndQueue
                0x08006644       0x54 ./ThirdParty/FreeRTOS-Kernel/timers.o
 .text.pxPortInitialiseStack
                0x08006698       0x58 ./ThirdParty/FreeRTOS-Kernel/portable/GCC/ARM_CM3/port.o
                0x08006698                pxPortInitialiseStack
 .text.prvTaskExitError
                0x080066f0       0x58 ./ThirdParty/FreeRTOS-Kernel/portable/GCC/ARM_CM3/port.o
 .text.SVC_Handler
                0x08006748       0x28 ./ThirdParty/FreeRTOS-Kernel/portable/GCC/ARM_CM3/port.o
                0x08006748                SVC_Handler
 .text.prvPortStartFirstTask
                0x08006770       0x24 ./ThirdParty/FreeRTOS-Kernel/portable/GCC/ARM_CM3/port.o
 .text.xPortStartScheduler
                0x08006794      0x17c ./ThirdParty/FreeRTOS-Kernel/portable/GCC/ARM_CM3/port.o
                0x08006794                xPortStartScheduler
 .text.vPortEnterCritical
                0x08006910       0x60 ./ThirdParty/FreeRTOS-Kernel/portable/GCC/ARM_CM3/port.o
                0x08006910                vPortEnterCritical
 .text.vPortExitCritical
                0x08006970       0x54 ./ThirdParty/FreeRTOS-Kernel/portable/GCC/ARM_CM3/port.o
                0x08006970                vPortExitCritical
 .text.PendSV_Handler
                0x080069c4       0x48 ./ThirdParty/FreeRTOS-Kernel/portable/GCC/ARM_CM3/port.o
                0x080069c4                PendSV_Handler
 .text.xPortSysTickHandler
                0x08006a0c       0x44 ./ThirdParty/FreeRTOS-Kernel/portable/GCC/ARM_CM3/port.o
                0x08006a0c                xPortSysTickHandler
 .text.vPortSetupTimerInterrupt
                0x08006a50       0x34 ./ThirdParty/FreeRTOS-Kernel/portable/GCC/ARM_CM3/port.o
                0x08006a50                vPortSetupTimerInterrupt
 .text.vPortValidateInterruptPriority
                0x08006a84       0x80 ./ThirdParty/FreeRTOS-Kernel/portable/GCC/ARM_CM3/port.o
                0x08006a84                vPortValidateInterruptPriority
 .text.pvPortMalloc
                0x08006b04      0x278 ./ThirdParty/FreeRTOS-Kernel/portable/MemMang/heap_4.o
                0x08006b04                pvPortMalloc
 .text.vPortFree
                0x08006d7c       0xec ./ThirdParty/FreeRTOS-Kernel/portable/MemMang/heap_4.o
                0x08006d7c                vPortFree
 .text.prvHeapInit
                0x08006e68       0xb4 ./ThirdParty/FreeRTOS-Kernel/portable/MemMang/heap_4.o
 .text.prvInsertBlockIntoFreeList
                0x08006f1c       0xf4 ./ThirdParty/FreeRTOS-Kernel/portable/MemMang/heap_4.o
 .text.canardInit
                0x08007010       0x68 ./ThirdParty/libcanard/canard.o
                0x08007010                canardInit
 .text.canardGetLocalNodeID
                0x08007078       0x16 ./ThirdParty/libcanard/canard.o
                0x08007078                canardGetLocalNodeID
 .text.canardBufferFromIdx
                0x0800708e       0x16 ./ThirdParty/libcanard/canard.o
 .text.canardBufferToIdx
                0x080070a4       0x16 ./ThirdParty/libcanard/canard.o
 .text.canardRxFromIdx
                0x080070ba       0x16 ./ThirdParty/libcanard/canard.o
 .text.canardRxToIdx
                0x080070d0       0x16 ./ThirdParty/libcanard/canard.o
 *fill*         0x080070e6        0x2 
 .text.canardHandleRxFrame
                0x080070e8      0x75c ./ThirdParty/libcanard/canard.o
                0x080070e8                canardHandleRxFrame
 .text.canardCleanupStaleTransfers
                0x08007844       0xd8 ./ThirdParty/libcanard/canard.o
                0x08007844                canardCleanupStaleTransfers
 .text.canardDecodeScalar
                0x0800791c      0x312 ./ThirdParty/libcanard/canard.o
                0x0800791c                canardDecodeScalar
 .text.canardReleaseRxTransferPayload
                0x08007c2e       0x54 ./ThirdParty/libcanard/canard.o
                0x08007c2e                canardReleaseRxTransferPayload
 .text.computeTransferIDForwardDistance
                0x08007c82       0x3c ./ThirdParty/libcanard/canard.o
 .text.prepareForNextTransfer
                0x08007cbe       0x42 ./ThirdParty/libcanard/canard.o
 .text.extractDataType
                0x08007d00       0x40 ./ThirdParty/libcanard/canard.o
                0x08007d00                extractDataType
 .text.extractTransferType
                0x08007d40       0x46 ./ThirdParty/libcanard/canard.o
                0x08007d40                extractTransferType
 .text.traverseRxStates
                0x08007d86       0x5e ./ThirdParty/libcanard/canard.o
 .text.findRxState
                0x08007de4       0x44 ./ThirdParty/libcanard/canard.o
 .text.prependRxState
                0x08007e28       0x4a ./ThirdParty/libcanard/canard.o
 .text.createRxState
                0x08007e72       0x46 ./ThirdParty/libcanard/canard.o
 .text.releaseStatePayload
                0x08007eb8       0x68 ./ThirdParty/libcanard/canard.o
 .text.bufferBlockPushBytes
                0x08007f20      0x1f8 ./ThirdParty/libcanard/canard.o
 .text.createBufferBlock
                0x08008118       0x2a ./ThirdParty/libcanard/canard.o
 .text.copyBitArray
                0x08008142       0xec ./ThirdParty/libcanard/canard.o
 .text.descatterTransferPayload
                0x0800822e      0x1ea ./ThirdParty/libcanard/canard.o
 .text.isBigEndian
                0x08008418       0x20 ./ThirdParty/libcanard/canard.o
 .text.swapByteOrder
                0x08008438       0x5e ./ThirdParty/libcanard/canard.o
 .text.crcAddByte
                0x08008496       0x5c ./ThirdParty/libcanard/canard.o
 .text.crcAddSignature
                0x080084f2       0x5e ./ThirdParty/libcanard/canard.o
 .text.crcAdd   0x08008550       0x3a ./ThirdParty/libcanard/canard.o
 .text.initPoolAllocator
                0x0800858a       0x6c ./ThirdParty/libcanard/canard.o
 .text.allocateBlock
                0x080085f6       0x50 ./ThirdParty/libcanard/canard.o
 .text.freeBlock
                0x08008646       0x32 ./ThirdParty/libcanard/canard.o
 .text.memset   0x08008678       0x10 C:/ST/STM32CubeIDE_2.1.0/STM32CubeIDE/plugins/com.st.stm32cube.ide.mcu.externaltools.gnu-tools-for-stm32.14.3.rel1.win32_1.0.100.202602081740/tools/bin/../lib/gcc/arm-none-eabi/14.3.1/../../../../arm-none-eabi/lib/thumb/v7-m/nofp\libc_nano.a(libc_a-memset.o)
                0x08008678                memset
 .text.__libc_init_array
                0x08008688       0x48 C:/ST/STM32CubeIDE_2.1.0/STM32CubeIDE/plugins/com.st.stm32cube.ide.mcu.externaltools.gnu-tools-for-stm32.14.3.rel1.win32_1.0.100.202602081740/tools/bin/../lib/gcc/arm-none-eabi/14.3.1/../../../../arm-none-eabi/lib/thumb/v7-m/nofp\libc_nano.a(libc_a-init.o)
                0x08008688                __libc_init_array
 .text.memcpy   0x080086d0       0x1c C:/ST/STM32CubeIDE_2.1.0/STM32CubeIDE/plugins/com.st.stm32cube.ide.mcu.externaltools.gnu-tools-for-stm32.14.3.rel1.win32_1.0.100.202602081740/tools/bin/../lib/gcc/arm-none-eabi/14.3.1/../../../../arm-none-eabi/lib/thumb/v7-m/nofp\libc_nano.a(libc_a-memcpy-stub.o)
                0x080086d0                memcpy
 *(.glue_7)
 .glue_7        0x080086ec        0x0 linker stubs
 *(.glue_7t)
 .glue_7t       0x080086ec        0x0 linker stubs
 *(.eh_frame)
 .eh_frame      0x080086ec        0x0 C:/ST/STM32CubeIDE_2.1.0/STM32CubeIDE/plugins/com.st.stm32cube.ide.mcu.externaltools.gnu-tools-for-stm32.14.3.rel1.win32_1.0.100.202602081740/tools/bin/../lib/gcc/arm-none-eabi/14.3.1/thumb/v7-m/nofp/crtbegin.o
 *(.init)
 .init          0x080086ec        0x4 C:/ST/STM32CubeIDE_2.1.0/STM32CubeIDE/plugins/com.st.stm32cube.ide.mcu.externaltools.gnu-tools-for-stm32.14.3.rel1.win32_1.0.100.202602081740/tools/bin/../lib/gcc/arm-none-eabi/14.3.1/thumb/v7-m/nofp/crti.o
                0x080086ec                _init
 .init          0x080086f0        0x8 C:/ST/STM32CubeIDE_2.1.0/STM32CubeIDE/plugins/com.st.stm32cube.ide.mcu.externaltools.gnu-tools-for-stm32.14.3.rel1.win32_1.0.100.202602081740/tools/bin/../lib/gcc/arm-none-eabi/14.3.1/thumb/v7-m/nofp/crtn.o
 *(.fini)
 .fini          0x080086f8        0x4 C:/ST/STM32CubeIDE_2.1.0/STM32CubeIDE/plugins/com.st.stm32cube.ide.mcu.externaltools.gnu-tools-for-stm32.14.3.rel1.win32_1.0.100.202602081740/tools/bin/../lib/gcc/arm-none-eabi/14.3.1/thumb/v7-m/nofp/crti.o
                0x080086f8                _fini
 .fini          0x080086fc        0x8 C:/ST/STM32CubeIDE_2.1.0/STM32CubeIDE/plugins/com.st.stm32cube.ide.mcu.externaltools.gnu-tools-for-stm32.14.3.rel1.win32_1.0.100.202602081740/tools/bin/../lib/gcc/arm-none-eabi/14.3.1/thumb/v7-m/nofp/crtn.o
                0x08008704                        . = ALIGN (0x4)
                0x08008704                        _etext = .

.vfp11_veneer   0x08008704        0x0
 .vfp11_veneer  0x08008704        0x0 linker stubs

.v4_bx          0x08008704        0x0
 .v4_bx         0x08008704        0x0 linker stubs

.iplt           0x08008704        0x0
 .iplt          0x08008704        0x0 C:/ST/STM32CubeIDE_2.1.0/STM32CubeIDE/plugins/com.st.stm32cube.ide.mcu.externaltools.gnu-tools-for-stm32.14.3.rel1.win32_1.0.100.202602081740/tools/bin/../lib/gcc/arm-none-eabi/14.3.1/thumb/v7-m/nofp/crtbegin.o

.rodata         0x08008704      0x194
                0x08008704                        . = ALIGN (0x4)
 *(.rodata)
 .rodata        0x08008704      0x13d ./RTOS/tasks/can_task.o
 *fill*         0x08008841        0x3 
 .rodata        0x08008844        0x5 ./ThirdParty/FreeRTOS-Kernel/tasks.o
 *fill*         0x08008849        0x3 
 .rodata        0x0800884c        0x8 ./ThirdParty/FreeRTOS-Kernel/timers.o
 *(.rodata*)
 .rodata.AHBPrescTable
                0x08008854       0x10 ./Core/Src/system_stm32f1xx.o
                0x08008854                AHBPrescTable
 .rodata.APBPrescTable
                0x08008864        0x8 ./Core/Src/system_stm32f1xx.o
                0x08008864                APBPrescTable
 .rodata.aPLLMULFactorTable.1
                0x0800886c       0x10 ./Drivers/STM32F1xx_HAL_Driver/Src/stm32f1xx_hal_rcc.o
 .rodata.aPredivFactorTable.0
                0x0800887c        0x2 ./Drivers/STM32F1xx_HAL_Driver/Src/stm32f1xx_hal_rcc.o
 *fill*         0x0800887e        0x2 
 .rodata.hex_digits.2
                0x08008880       0x11 ./RTOS/tasks/can_task.o
 *fill*         0x08008891        0x3 
 .rodata.uxTopUsedPriority
                0x08008894        0x4 ./ThirdParty/FreeRTOS-Kernel/tasks.o
                0x08008898                        . = ALIGN (0x4)

.ARM.extab      0x08008898        0x0
                0x08008898                        . = ALIGN (0x4)
 *(.ARM.extab* .gnu.linkonce.armextab.*)
                0x08008898                        . = ALIGN (0x4)

.ARM            0x08008898        0x8
                0x08008898                        . = ALIGN (0x4)
                0x08008898                        __exidx_start = .
 *(.ARM.exidx*)
 .ARM.exidx     0x08008898        0x8 C:/ST/STM32CubeIDE_2.1.0/STM32CubeIDE/plugins/com.st.stm32cube.ide.mcu.externaltools.gnu-tools-for-stm32.14.3.rel1.win32_1.0.100.202602081740/tools/bin/../lib/gcc/arm-none-eabi/14.3.1/thumb/v7-m/nofp\libgcc.a(_udivmoddi4.o)
                0x080088a0                        __exidx_end = .
                0x080088a0                        . = ALIGN (0x4)

.preinit_array  0x080088a0        0x0
                0x080088a0                        . = ALIGN (0x4)
                0x080088a0                        PROVIDE (__preinit_array_start = .)
 *(.preinit_array*)
                0x080088a0                        PROVIDE (__preinit_array_end = .)
                0x080088a0                        . = ALIGN (0x4)

.init_array     0x080088a0        0x4
                0x080088a0                        . = ALIGN (0x4)
                0x080088a0                        PROVIDE (__init_array_start = .)
 *(SORT_BY_NAME(.init_array.*))
 *(.init_array*)
 .init_array    0x080088a0        0x4 C:/ST/STM32CubeIDE_2.1.0/STM32CubeIDE/plugins/com.st.stm32cube.ide.mcu.externaltools.gnu-tools-for-stm32.14.3.rel1.win32_1.0.100.202602081740/tools/bin/../lib/gcc/arm-none-eabi/14.3.1/thumb/v7-m/nofp/crtbegin.o
                0x080088a4                        PROVIDE (__init_array_end = .)
                0x080088a4                        . = ALIGN (0x4)

.fini_array     0x080088a4        0x4
                0x080088a4                        . = ALIGN (0x4)
                [!provide]                        PROVIDE (__fini_array_start = .)
 *(SORT_BY_NAME(.fini_array.*))
 *(.fini_array*)
 .fini_array    0x080088a4        0x4 C:/ST/STM32CubeIDE_2.1.0/STM32CubeIDE/plugins/com.st.stm32cube.ide.mcu.externaltools.gnu-tools-for-stm32.14.3.rel1.win32_1.0.100.202602081740/tools/bin/../lib/gcc/arm-none-eabi/14.3.1/thumb/v7-m/nofp/crtbegin.o
                [!provide]                        PROVIDE (__fini_array_end = .)
                0x080088a8                        . = ALIGN (0x4)
                0x080088a8                        _sidata = LOADADDR (.data)

.rel.dyn        0x080088a8        0x0
 .rel.iplt      0x080088a8        0x0 C:/ST/STM32CubeIDE_2.1.0/STM32CubeIDE/plugins/com.st.stm32cube.ide.mcu.externaltools.gnu-tools-for-stm32.14.3.rel1.win32_1.0.100.202602081740/tools/bin/../lib/gcc/arm-none-eabi/14.3.1/thumb/v7-m/nofp/crtbegin.o

.data           0x20000000       0x10 load address 0x080088a8
                0x20000000                        . = ALIGN (0x4)
                0x20000000                        _sdata = .
 *(.data)
 *(.data*)
 .data.SystemCoreClock
                0x20000000        0x4 ./Core/Src/system_stm32f1xx.o
                0x20000000                SystemCoreClock
 .data.uwTickPrio
                0x20000004        0x4 ./Drivers/STM32F1xx_HAL_Driver/Src/stm32f1xx_hal.o
                0x20000004                uwTickPrio
 .data.uwTickFreq
                0x20000008        0x1 ./Drivers/STM32F1xx_HAL_Driver/Src/stm32f1xx_hal.o
                0x20000008                uwTickFreq
 *fill*         0x20000009        0x3 
 .data.uxCriticalNesting
                0x2000000c        0x4 ./ThirdParty/FreeRTOS-Kernel/portable/GCC/ARM_CM3/port.o
 *(.RamFunc)
 *(.RamFunc*)
                0x20000010                        . = ALIGN (0x4)
                0x20000010                        _edata = .

.igot.plt       0x20000010        0x0 load address 0x080088b8
 .igot.plt      0x20000010        0x0 C:/ST/STM32CubeIDE_2.1.0/STM32CubeIDE/plugins/com.st.stm32cube.ide.mcu.externaltools.gnu-tools-for-stm32.14.3.rel1.win32_1.0.100.202602081740/tools/bin/../lib/gcc/arm-none-eabi/14.3.1/thumb/v7-m/nofp/crtbegin.o
                0x20000010                        . = ALIGN (0x4)

.bss            0x20000010     0x240c load address 0x080088b8
                0x20000010                        _sbss = .
                0x20000010                        __bss_start__ = _sbss
 *(.bss)
 .bss           0x20000010       0x1c C:/ST/STM32CubeIDE_2.1.0/STM32CubeIDE/plugins/com.st.stm32cube.ide.mcu.externaltools.gnu-tools-for-stm32.14.3.rel1.win32_1.0.100.202602081740/tools/bin/../lib/gcc/arm-none-eabi/14.3.1/thumb/v7-m/nofp/crtbegin.o
 *(.bss*)
 .bss.actuator_app_data
                0x2000002c       0x58 ./Application/actuator/actuator_app.o
                0x2000002c                actuator_app_data
 .bss.hcan      0x20000084       0x28 ./Core/Src/main.o
                0x20000084                hcan
 .bss.htim2     0x200000ac       0x48 ./Core/Src/main.o
                0x200000ac                htim2
 .bss.huart2    0x200000f4       0x48 ./Core/Src/main.o
                0x200000f4                huart2
 .bss.uwTick    0x2000013c        0x4 ./Drivers/STM32F1xx_HAL_Driver/Src/stm32f1xx_hal.o
                0x2000013c                uwTick
 .bss.dronecan_rx_error_count
                0x20000140        0x4 ./Middleware/dronecan/dronecan.o
                0x20000140                dronecan_rx_error_count
 .bss.dronecan_node_status_decode_error_count
                0x20000144        0x4 ./Middleware/dronecan/dronecan.o
                0x20000144                dronecan_node_status_decode_error_count
 .bss.dronecan_node_status_received_count
                0x20000148        0x4 ./Middleware/dronecan/dronecan.o
                0x20000148                dronecan_node_status_received_count
 .bss.dronecan_array_command_decode_error_count
                0x2000014c        0x4 ./Middleware/dronecan/dronecan.o
                0x2000014c                dronecan_array_command_decode_error_count
 .bss.dronecan_array_command_received_count
                0x20000150        0x4 ./Middleware/dronecan/dronecan.o
                0x20000150                dronecan_array_command_received_count
 .bss.canard_instance
                0x20000154       0x2c ./Middleware/dronecan/dronecan.o
 .bss.canard_memory_pool
                0x20000180      0x100 ./Middleware/dronecan/dronecan.o
 .bss.application_node_status_handler
                0x20000280        0x4 ./Middleware/dronecan/dronecan.o
 .bss.application_array_command_handler
                0x20000284        0x4 ./Middleware/dronecan/dronecan.o
 .bss.application_user_reference
                0x20000288        0x4 ./Middleware/dronecan/dronecan.o
 .bss.can_rx_queue_drop_count
                0x2000028c        0x4 ./RTOS/tasks/can_task.o
                0x2000028c                can_rx_queue_drop_count
 .bss.can_rx_hal_error_count
                0x20000290        0x4 ./RTOS/tasks/can_task.o
                0x20000290                can_rx_hal_error_count
 .bss.can_rx_frame_count
                0x20000294        0x4 ./RTOS/tasks/can_task.o
                0x20000294                can_rx_frame_count
 .bss.can_console_uart_error_count
                0x20000298        0x4 ./RTOS/tasks/can_task.o
                0x20000298                can_console_uart_error_count
 .bss.can_instance
                0x2000029c        0x4 ./RTOS/tasks/can_task.o
 .bss.can_test_queue
                0x200002a0        0x4 ./RTOS/tasks/can_task.o
 .bss.console_uart_instance
                0x200002a4        0x4 ./RTOS/tasks/can_task.o
 .bss.previous_tick.1
                0x200002a8        0x4 ./RTOS/tasks/can_task.o
 *fill*         0x200002ac        0x4 
 .bss.accumulated_ticks.0
                0x200002b0        0x8 ./RTOS/tasks/can_task.o
 .bss.pxCurrentTCB
                0x200002b8        0x4 ./ThirdParty/FreeRTOS-Kernel/tasks.o
                0x200002b8                pxCurrentTCB
 .bss.pxReadyTasksLists
                0x200002bc       0x64 ./ThirdParty/FreeRTOS-Kernel/tasks.o
 .bss.xDelayedTaskList1
                0x20000320       0x14 ./ThirdParty/FreeRTOS-Kernel/tasks.o
 .bss.xDelayedTaskList2
                0x20000334       0x14 ./ThirdParty/FreeRTOS-Kernel/tasks.o
 .bss.pxDelayedTaskList
                0x20000348        0x4 ./ThirdParty/FreeRTOS-Kernel/tasks.o
 .bss.pxOverflowDelayedTaskList
                0x2000034c        0x4 ./ThirdParty/FreeRTOS-Kernel/tasks.o
 .bss.xPendingReadyList
                0x20000350       0x14 ./ThirdParty/FreeRTOS-Kernel/tasks.o
 .bss.xTasksWaitingTermination
                0x20000364       0x14 ./ThirdParty/FreeRTOS-Kernel/tasks.o
 .bss.uxDeletedTasksWaitingCleanUp
                0x20000378        0x4 ./ThirdParty/FreeRTOS-Kernel/tasks.o
 .bss.xSuspendedTaskList
                0x2000037c       0x14 ./ThirdParty/FreeRTOS-Kernel/tasks.o
 .bss.uxCurrentNumberOfTasks
                0x20000390        0x4 ./ThirdParty/FreeRTOS-Kernel/tasks.o
 .bss.xTickCount
                0x20000394        0x4 ./ThirdParty/FreeRTOS-Kernel/tasks.o
 .bss.uxTopReadyPriority
                0x20000398        0x4 ./ThirdParty/FreeRTOS-Kernel/tasks.o
 .bss.xSchedulerRunning
                0x2000039c        0x4 ./ThirdParty/FreeRTOS-Kernel/tasks.o
 .bss.xPendedTicks
                0x200003a0        0x4 ./ThirdParty/FreeRTOS-Kernel/tasks.o
 .bss.xYieldPendings
                0x200003a4        0x4 ./ThirdParty/FreeRTOS-Kernel/tasks.o
 .bss.xNumOfOverflows
                0x200003a8        0x4 ./ThirdParty/FreeRTOS-Kernel/tasks.o
 .bss.uxTaskNumber
                0x200003ac        0x4 ./ThirdParty/FreeRTOS-Kernel/tasks.o
 .bss.xNextTaskUnblockTime
                0x200003b0        0x4 ./ThirdParty/FreeRTOS-Kernel/tasks.o
 .bss.xIdleTaskHandles
                0x200003b4        0x4 ./ThirdParty/FreeRTOS-Kernel/tasks.o
 .bss.uxSchedulerSuspended
                0x200003b8        0x4 ./ThirdParty/FreeRTOS-Kernel/tasks.o
 .bss.xActiveTimerList1
                0x200003bc       0x14 ./ThirdParty/FreeRTOS-Kernel/timers.o
 .bss.xActiveTimerList2
                0x200003d0       0x14 ./ThirdParty/FreeRTOS-Kernel/timers.o
 .bss.pxCurrentTimerList
                0x200003e4        0x4 ./ThirdParty/FreeRTOS-Kernel/timers.o
 .bss.pxOverflowTimerList
                0x200003e8        0x4 ./ThirdParty/FreeRTOS-Kernel/timers.o
 .bss.xTimerQueue
                0x200003ec        0x4 ./ThirdParty/FreeRTOS-Kernel/timers.o
 .bss.xTimerTaskHandle
                0x200003f0        0x4 ./ThirdParty/FreeRTOS-Kernel/timers.o
 .bss.xLastTime.0
                0x200003f4        0x4 ./ThirdParty/FreeRTOS-Kernel/timers.o
 .bss.ucMaxSysCallPriority
                0x200003f8        0x1 ./ThirdParty/FreeRTOS-Kernel/portable/GCC/ARM_CM3/port.o
 *fill*         0x200003f9        0x3 
 .bss.ulMaxPRIGROUPValue
                0x200003fc        0x4 ./ThirdParty/FreeRTOS-Kernel/portable/GCC/ARM_CM3/port.o
 .bss.ucHeap    0x20000400     0x2000 ./ThirdParty/FreeRTOS-Kernel/portable/MemMang/heap_4.o
 .bss.xStart    0x20002400        0x8 ./ThirdParty/FreeRTOS-Kernel/portable/MemMang/heap_4.o
 .bss.pxEnd     0x20002408        0x4 ./ThirdParty/FreeRTOS-Kernel/portable/MemMang/heap_4.o
 .bss.xFreeBytesRemaining
                0x2000240c        0x4 ./ThirdParty/FreeRTOS-Kernel/portable/MemMang/heap_4.o
 .bss.xMinimumEverFreeBytesRemaining
                0x20002410        0x4 ./ThirdParty/FreeRTOS-Kernel/portable/MemMang/heap_4.o
 .bss.xNumberOfSuccessfulAllocations
                0x20002414        0x4 ./ThirdParty/FreeRTOS-Kernel/portable/MemMang/heap_4.o
 .bss.xNumberOfSuccessfulFrees
                0x20002418        0x4 ./ThirdParty/FreeRTOS-Kernel/portable/MemMang/heap_4.o
 *(COMMON)
                0x2000241c                        . = ALIGN (0x4)
                0x2000241c                        _ebss = .
                0x2000241c                        __bss_end__ = _ebss

._user_heap_stack
                0x2000241c      0x604 load address 0x080088b8
                0x20002420                        . = ALIGN (0x8)
 *fill*         0x2000241c        0x4 
                [!provide]                        PROVIDE (end = .)
                0x20002420                        PROVIDE (_end = .)
                0x20002620                        . = (. + _Min_Heap_Size)
 *fill*         0x20002420      0x200 
                0x20002a20                        . = (. + _Min_Stack_Size)
 *fill*         0x20002620      0x400 
                0x20002a20                        . = ALIGN (0x8)

/DISCARD/
 libc.a(*)
 libm.a(*)
 libgcc.a(*)

.ARM.attributes
                0x00000000       0x29
 *(.ARM.attributes)
 .ARM.attributes
                0x00000000       0x1d C:/ST/STM32CubeIDE_2.1.0/STM32CubeIDE/plugins/com.st.stm32cube.ide.mcu.externaltools.gnu-tools-for-stm32.14.3.rel1.win32_1.0.100.202602081740/tools/bin/../lib/gcc/arm-none-eabi/14.3.1/thumb/v7-m/nofp/crti.o
 .ARM.attributes
                0x0000001d       0x2d C:/ST/STM32CubeIDE_2.1.0/STM32CubeIDE/plugins/com.st.stm32cube.ide.mcu.externaltools.gnu-tools-for-stm32.14.3.rel1.win32_1.0.100.202602081740/tools/bin/../lib/gcc/arm-none-eabi/14.3.1/thumb/v7-m/nofp/crtbegin.o
 .ARM.attributes
                0x0000004a       0x2d ./Application/actuator/actuator_app.o
 .ARM.attributes
                0x00000077       0x2d ./Core/Src/main.o
 .ARM.attributes
                0x000000a4       0x2d ./Core/Src/stm32f1xx_hal_msp.o
 .ARM.attributes
                0x000000d1       0x2d ./Core/Src/stm32f1xx_it.o
 .ARM.attributes
                0x000000fe       0x2d ./Core/Src/system_stm32f1xx.o
 .ARM.attributes
                0x0000012b       0x21 ./Core/Startup/startup_stm32f103c8tx.o
 .ARM.attributes
                0x0000014c       0x2d ./Drivers/STM32F1xx_HAL_Driver/Src/stm32f1xx_hal.o
 .ARM.attributes
                0x00000179       0x2d ./Drivers/STM32F1xx_HAL_Driver/Src/stm32f1xx_hal_can.o
 .ARM.attributes
                0x000001a6       0x2d ./Drivers/STM32F1xx_HAL_Driver/Src/stm32f1xx_hal_cortex.o
 .ARM.attributes
                0x000001d3       0x2d ./Drivers/STM32F1xx_HAL_Driver/Src/stm32f1xx_hal_gpio.o
 .ARM.attributes
                0x00000200       0x2d ./Drivers/STM32F1xx_HAL_Driver/Src/stm32f1xx_hal_rcc.o
 .ARM.attributes
                0x0000022d       0x2d ./Drivers/STM32F1xx_HAL_Driver/Src/stm32f1xx_hal_tim.o
 .ARM.attributes
                0x0000025a       0x2d ./Drivers/STM32F1xx_HAL_Driver/Src/stm32f1xx_hal_tim_ex.o
 .ARM.attributes
                0x00000287       0x2d ./Drivers/STM32F1xx_HAL_Driver/Src/stm32f1xx_hal_uart.o
 .ARM.attributes
                0x000002b4       0x2d ./Middleware/dronecan/dronecan.o
 .ARM.attributes
                0x000002e1       0x2d ./Middleware/dronecan/dsdl_generated/src/thaco.equipment.actuator.ArrayCommand.o
 .ARM.attributes
                0x0000030e       0x2d ./Middleware/dronecan/dsdl_generated/src/uavcan.protocol.NodeStatus.o
 .ARM.attributes
                0x0000033b       0x2d ./RTOS/rtos.o
 .ARM.attributes
                0x00000368       0x2d ./RTOS/tasks/can_task.o
 .ARM.attributes
                0x00000395       0x2d ./ThirdParty/FreeRTOS-Kernel/list.o
 .ARM.attributes
                0x000003c2       0x2d ./ThirdParty/FreeRTOS-Kernel/queue.o
 .ARM.attributes
                0x000003ef       0x2d ./ThirdParty/FreeRTOS-Kernel/tasks.o
 .ARM.attributes
                0x0000041c       0x2d ./ThirdParty/FreeRTOS-Kernel/timers.o
 .ARM.attributes
                0x00000449       0x2d ./ThirdParty/FreeRTOS-Kernel/portable/GCC/ARM_CM3/port.o
 .ARM.attributes
                0x00000476       0x2d ./ThirdParty/FreeRTOS-Kernel/portable/MemMang/heap_4.o
 .ARM.attributes
                0x000004a3       0x2d ./ThirdParty/libcanard/canard.o
 .ARM.attributes
                0x000004d0       0x2d C:/ST/STM32CubeIDE_2.1.0/STM32CubeIDE/plugins/com.st.stm32cube.ide.mcu.externaltools.gnu-tools-for-stm32.14.3.rel1.win32_1.0.100.202602081740/tools/bin/../lib/gcc/arm-none-eabi/14.3.1/../../../../arm-none-eabi/lib/thumb/v7-m/nofp\libc_nano.a(libc_a-memset.o)
 .ARM.attributes
                0x000004fd       0x2d C:/ST/STM32CubeIDE_2.1.0/STM32CubeIDE/plugins/com.st.stm32cube.ide.mcu.externaltools.gnu-tools-for-stm32.14.3.rel1.win32_1.0.100.202602081740/tools/bin/../lib/gcc/arm-none-eabi/14.3.1/../../../../arm-none-eabi/lib/thumb/v7-m/nofp\libc_nano.a(libc_a-init.o)
 .ARM.attributes
                0x0000052a       0x2d C:/ST/STM32CubeIDE_2.1.0/STM32CubeIDE/plugins/com.st.stm32cube.ide.mcu.externaltools.gnu-tools-for-stm32.14.3.rel1.win32_1.0.100.202602081740/tools/bin/../lib/gcc/arm-none-eabi/14.3.1/../../../../arm-none-eabi/lib/thumb/v7-m/nofp\libc_nano.a(libc_a-memcpy-stub.o)
 .ARM.attributes
                0x00000557       0x1d C:/ST/STM32CubeIDE_2.1.0/STM32CubeIDE/plugins/com.st.stm32cube.ide.mcu.externaltools.gnu-tools-for-stm32.14.3.rel1.win32_1.0.100.202602081740/tools/bin/../lib/gcc/arm-none-eabi/14.3.1/thumb/v7-m/nofp\libgcc.a(_aeabi_uldivmod.o)
 .ARM.attributes
                0x00000574       0x2d C:/ST/STM32CubeIDE_2.1.0/STM32CubeIDE/plugins/com.st.stm32cube.ide.mcu.externaltools.gnu-tools-for-stm32.14.3.rel1.win32_1.0.100.202602081740/tools/bin/../lib/gcc/arm-none-eabi/14.3.1/thumb/v7-m/nofp\libgcc.a(_udivmoddi4.o)
 .ARM.attributes
                0x000005a1       0x1d C:/ST/STM32CubeIDE_2.1.0/STM32CubeIDE/plugins/com.st.stm32cube.ide.mcu.externaltools.gnu-tools-for-stm32.14.3.rel1.win32_1.0.100.202602081740/tools/bin/../lib/gcc/arm-none-eabi/14.3.1/thumb/v7-m/nofp\libgcc.a(_dvmd_tls.o)
 .ARM.attributes
                0x000005be       0x1d C:/ST/STM32CubeIDE_2.1.0/STM32CubeIDE/plugins/com.st.stm32cube.ide.mcu.externaltools.gnu-tools-for-stm32.14.3.rel1.win32_1.0.100.202602081740/tools/bin/../lib/gcc/arm-none-eabi/14.3.1/thumb/v7-m/nofp/crtn.o
OUTPUT(drone_actuator.elf elf32-littlearm)
LOAD linker stubs
LOAD C:/ST/STM32CubeIDE_2.1.0/STM32CubeIDE/plugins/com.st.stm32cube.ide.mcu.externaltools.gnu-tools-for-stm32.14.3.rel1.win32_1.0.100.202602081740/tools/bin/../lib/gcc/arm-none-eabi/14.3.1/../../../../arm-none-eabi/lib/thumb/v7-m/nofp\libc.a
LOAD C:/ST/STM32CubeIDE_2.1.0/STM32CubeIDE/plugins/com.st.stm32cube.ide.mcu.externaltools.gnu-tools-for-stm32.14.3.rel1.win32_1.0.100.202602081740/tools/bin/../lib/gcc/arm-none-eabi/14.3.1/../../../../arm-none-eabi/lib/thumb/v7-m/nofp\libm.a
LOAD C:/ST/STM32CubeIDE_2.1.0/STM32CubeIDE/plugins/com.st.stm32cube.ide.mcu.externaltools.gnu-tools-for-stm32.14.3.rel1.win32_1.0.100.202602081740/tools/bin/../lib/gcc/arm-none-eabi/14.3.1/thumb/v7-m/nofp\libgcc.a

.debug_info     0x00000000    0x173a1
 .debug_info    0x00000000      0x36c ./Application/actuator/actuator_app.o
 .debug_info    0x0000036c     0x12da ./Core/Src/main.o
 .debug_info    0x00001646     0x11bd ./Core/Src/stm32f1xx_hal_msp.o
 .debug_info    0x00002803      0x509 ./Core/Src/stm32f1xx_it.o
 .debug_info    0x00002d0c      0x222 ./Core/Src/system_stm32f1xx.o
 .debug_info    0x00002f2e       0x30 ./Core/Startup/startup_stm32f103c8tx.o
 .debug_info    0x00002f5e      0x704 ./Drivers/STM32F1xx_HAL_Driver/Src/stm32f1xx_hal.o
 .debug_info    0x00003662      0xf13 ./Drivers/STM32F1xx_HAL_Driver/Src/stm32f1xx_hal_can.o
 .debug_info    0x00004575      0xa87 ./Drivers/STM32F1xx_HAL_Driver/Src/stm32f1xx_hal_cortex.o
 .debug_info    0x00004ffc      0x5ab ./Drivers/STM32F1xx_HAL_Driver/Src/stm32f1xx_hal_gpio.o
 .debug_info    0x000055a7      0x7d5 ./Drivers/STM32F1xx_HAL_Driver/Src/stm32f1xx_hal_rcc.o
 .debug_info    0x00005d7c     0x2959 ./Drivers/STM32F1xx_HAL_Driver/Src/stm32f1xx_hal_tim.o
 .debug_info    0x000086d5     0x149b ./Drivers/STM32F1xx_HAL_Driver/Src/stm32f1xx_hal_tim_ex.o
 .debug_info    0x00009b70     0x2eed ./Drivers/STM32F1xx_HAL_Driver/Src/stm32f1xx_hal_uart.o
 .debug_info    0x0000ca5d      0xc20 ./Middleware/dronecan/dronecan.o
 .debug_info    0x0000d67d      0x577 ./Middleware/dronecan/dsdl_generated/src/thaco.equipment.actuator.ArrayCommand.o
 .debug_info    0x0000dbf4      0x40f ./Middleware/dronecan/dsdl_generated/src/uavcan.protocol.NodeStatus.o
 .debug_info    0x0000e003      0x99d ./RTOS/rtos.o
 .debug_info    0x0000e9a0     0x1491 ./RTOS/tasks/can_task.o
 .debug_info    0x0000fe31      0x2aa ./ThirdParty/FreeRTOS-Kernel/list.o
 .debug_info    0x000100db     0x1679 ./ThirdParty/FreeRTOS-Kernel/queue.o
 .debug_info    0x00011754     0x25c7 ./ThirdParty/FreeRTOS-Kernel/tasks.o
 .debug_info    0x00013d1b      0xe45 ./ThirdParty/FreeRTOS-Kernel/timers.o
 .debug_info    0x00014b60      0x52b ./ThirdParty/FreeRTOS-Kernel/portable/GCC/ARM_CM3/port.o
 .debug_info    0x0001508b      0x5f6 ./ThirdParty/FreeRTOS-Kernel/portable/MemMang/heap_4.o
 .debug_info    0x00015681     0x1d20 ./ThirdParty/libcanard/canard.o

.debug_abbrev   0x00000000     0x3bbc
 .debug_abbrev  0x00000000      0x1c3 ./Application/actuator/actuator_app.o
 .debug_abbrev  0x000001c3      0x308 ./Core/Src/main.o
 .debug_abbrev  0x000004cb      0x26a ./Core/Src/stm32f1xx_hal_msp.o
 .debug_abbrev  0x00000735      0x1a4 ./Core/Src/stm32f1xx_it.o
 .debug_abbrev  0x000008d9      0x13f ./Core/Src/system_stm32f1xx.o
 .debug_abbrev  0x00000a18       0x24 ./Core/Startup/startup_stm32f103c8tx.o
 .debug_abbrev  0x00000a3c      0x201 ./Drivers/STM32F1xx_HAL_Driver/Src/stm32f1xx_hal.o
 .debug_abbrev  0x00000c3d      0x21c ./Drivers/STM32F1xx_HAL_Driver/Src/stm32f1xx_hal_can.o
 .debug_abbrev  0x00000e59      0x2f8 ./Drivers/STM32F1xx_HAL_Driver/Src/stm32f1xx_hal_cortex.o
 .debug_abbrev  0x00001151      0x1ca ./Drivers/STM32F1xx_HAL_Driver/Src/stm32f1xx_hal_gpio.o
 .debug_abbrev  0x0000131b      0x2b3 ./Drivers/STM32F1xx_HAL_Driver/Src/stm32f1xx_hal_rcc.o
 .debug_abbrev  0x000015ce      0x277 ./Drivers/STM32F1xx_HAL_Driver/Src/stm32f1xx_hal_tim.o
 .debug_abbrev  0x00001845      0x282 ./Drivers/STM32F1xx_HAL_Driver/Src/stm32f1xx_hal_tim_ex.o
 .debug_abbrev  0x00001ac7      0x2f8 ./Drivers/STM32F1xx_HAL_Driver/Src/stm32f1xx_hal_uart.o
 .debug_abbrev  0x00001dbf      0x2ba ./Middleware/dronecan/dronecan.o
 .debug_abbrev  0x00002079      0x1f4 ./Middleware/dronecan/dsdl_generated/src/thaco.equipment.actuator.ArrayCommand.o
 .debug_abbrev  0x0000226d      0x18c ./Middleware/dronecan/dsdl_generated/src/uavcan.protocol.NodeStatus.o
 .debug_abbrev  0x000023f9      0x202 ./RTOS/rtos.o
 .debug_abbrev  0x000025fb      0x35e ./RTOS/tasks/can_task.o
 .debug_abbrev  0x00002959       0xee ./ThirdParty/FreeRTOS-Kernel/list.o
 .debug_abbrev  0x00002a47      0x2ce ./ThirdParty/FreeRTOS-Kernel/queue.o
 .debug_abbrev  0x00002d15      0x392 ./ThirdParty/FreeRTOS-Kernel/tasks.o
 .debug_abbrev  0x000030a7      0x2c3 ./ThirdParty/FreeRTOS-Kernel/timers.o
 .debug_abbrev  0x0000336a      0x255 ./ThirdParty/FreeRTOS-Kernel/portable/GCC/ARM_CM3/port.o
 .debug_abbrev  0x000035bf      0x258 ./ThirdParty/FreeRTOS-Kernel/portable/MemMang/heap_4.o
 .debug_abbrev  0x00003817      0x3a5 ./ThirdParty/libcanard/canard.o

.debug_aranges  0x00000000     0x1548
 .debug_aranges
                0x00000000       0x40 ./Application/actuator/actuator_app.o
 .debug_aranges
                0x00000040       0x50 ./Core/Src/main.o
 .debug_aranges
                0x00000090       0x58 ./Core/Src/stm32f1xx_hal_msp.o
 .debug_aranges
                0x000000e8       0x58 ./Core/Src/stm32f1xx_it.o
 .debug_aranges
                0x00000140       0x28 ./Core/Src/system_stm32f1xx.o
 .debug_aranges
                0x00000168       0x28 ./Core/Startup/startup_stm32f103c8tx.o
 .debug_aranges
                0x00000190       0xe0 ./Drivers/STM32F1xx_HAL_Driver/Src/stm32f1xx_hal.o
 .debug_aranges
                0x00000270      0x138 ./Drivers/STM32F1xx_HAL_Driver/Src/stm32f1xx_hal_can.o
 .debug_aranges
                0x000003a8      0x100 ./Drivers/STM32F1xx_HAL_Driver/Src/stm32f1xx_hal_cortex.o
 .debug_aranges
                0x000004a8       0x58 ./Drivers/STM32F1xx_HAL_Driver/Src/stm32f1xx_hal_gpio.o
 .debug_aranges
                0x00000500       0x90 ./Drivers/STM32F1xx_HAL_Driver/Src/stm32f1xx_hal_rcc.o
 .debug_aranges
                0x00000590      0x3d0 ./Drivers/STM32F1xx_HAL_Driver/Src/stm32f1xx_hal_tim.o
 .debug_aranges
                0x00000960      0x168 ./Drivers/STM32F1xx_HAL_Driver/Src/stm32f1xx_hal_tim_ex.o
 .debug_aranges
                0x00000ac8      0x208 ./Drivers/STM32F1xx_HAL_Driver/Src/stm32f1xx_hal_uart.o
 .debug_aranges
                0x00000cd0       0x60 ./Middleware/dronecan/dronecan.o
 .debug_aranges
                0x00000d30       0x48 ./Middleware/dronecan/dsdl_generated/src/thaco.equipment.actuator.ArrayCommand.o
 .debug_aranges
                0x00000d78       0x38 ./Middleware/dronecan/dsdl_generated/src/uavcan.protocol.NodeStatus.o
 .debug_aranges
                0x00000db0       0x30 ./RTOS/rtos.o
 .debug_aranges
                0x00000de0       0x90 ./RTOS/tasks/can_task.o
 .debug_aranges
                0x00000e70       0x40 ./ThirdParty/FreeRTOS-Kernel/list.o
 .debug_aranges
                0x00000eb0      0x110 ./ThirdParty/FreeRTOS-Kernel/queue.o
 .debug_aranges
                0x00000fc0      0x1f8 ./ThirdParty/FreeRTOS-Kernel/tasks.o
 .debug_aranges
                0x000011b8       0xe8 ./ThirdParty/FreeRTOS-Kernel/timers.o
 .debug_aranges
                0x000012a0       0x78 ./ThirdParty/FreeRTOS-Kernel/portable/GCC/ARM_CM3/port.o
 .debug_aranges
                0x00001318       0x70 ./ThirdParty/FreeRTOS-Kernel/portable/MemMang/heap_4.o
 .debug_aranges
                0x00001388      0x1c0 ./ThirdParty/libcanard/canard.o

.debug_rnglists
                0x00000000     0x1089
 .debug_rnglists
                0x00000000       0x2c ./Application/actuator/actuator_app.o
 .debug_rnglists
                0x0000002c       0x3a ./Core/Src/main.o
 .debug_rnglists
                0x00000066       0x3f ./Core/Src/stm32f1xx_hal_msp.o
 .debug_rnglists
                0x000000a5       0x3d ./Core/Src/stm32f1xx_it.o
 .debug_rnglists
                0x000000e2       0x1a ./Core/Src/system_stm32f1xx.o
 .debug_rnglists
                0x000000fc       0x19 ./Core/Startup/startup_stm32f103c8tx.o
 .debug_rnglists
                0x00000115       0xa3 ./Drivers/STM32F1xx_HAL_Driver/Src/stm32f1xx_hal.o
 .debug_rnglists
                0x000001b8       0xed ./Drivers/STM32F1xx_HAL_Driver/Src/stm32f1xx_hal_can.o
 .debug_rnglists
                0x000002a5       0xbb ./Drivers/STM32F1xx_HAL_Driver/Src/stm32f1xx_hal_cortex.o
 .debug_rnglists
                0x00000360       0x3f ./Drivers/STM32F1xx_HAL_Driver/Src/stm32f1xx_hal_gpio.o
 .debug_rnglists
                0x0000039f       0x6c ./Drivers/STM32F1xx_HAL_Driver/Src/stm32f1xx_hal_rcc.o
 .debug_rnglists
                0x0000040b      0x31a ./Drivers/STM32F1xx_HAL_Driver/Src/stm32f1xx_hal_tim.o
 .debug_rnglists
                0x00000725      0x125 ./Drivers/STM32F1xx_HAL_Driver/Src/stm32f1xx_hal_tim_ex.o
 .debug_rnglists
                0x0000084a      0x1bc ./Drivers/STM32F1xx_HAL_Driver/Src/stm32f1xx_hal_uart.o
 .debug_rnglists
                0x00000a06       0x48 ./Middleware/dronecan/dronecan.o
 .debug_rnglists
                0x00000a4e       0x33 ./Middleware/dronecan/dsdl_generated/src/thaco.equipment.actuator.ArrayCommand.o
 .debug_rnglists
                0x00000a81       0x27 ./Middleware/dronecan/dsdl_generated/src/uavcan.protocol.NodeStatus.o
 .debug_rnglists
                0x00000aa8       0x1f ./RTOS/rtos.o
 .debug_rnglists
                0x00000ac7       0x6e ./RTOS/tasks/can_task.o
 .debug_rnglists
                0x00000b35       0x2b ./ThirdParty/FreeRTOS-Kernel/list.o
 .debug_rnglists
                0x00000b60       0xd4 ./ThirdParty/FreeRTOS-Kernel/queue.o
 .debug_rnglists
                0x00000c34      0x1a5 ./ThirdParty/FreeRTOS-Kernel/tasks.o
 .debug_rnglists
                0x00000dd9       0xad ./ThirdParty/FreeRTOS-Kernel/timers.o
 .debug_rnglists
                0x00000e86       0x57 ./ThirdParty/FreeRTOS-Kernel/portable/GCC/ARM_CM3/port.o
 .debug_rnglists
                0x00000edd       0x54 ./ThirdParty/FreeRTOS-Kernel/portable/MemMang/heap_4.o
 .debug_rnglists
                0x00000f31      0x158 ./ThirdParty/libcanard/canard.o

.debug_macro    0x00000000    0x1a678
 .debug_macro   0x00000000      0x2aa ./Application/actuator/actuator_app.o
 .debug_macro   0x000002aa       0x22 ./Application/actuator/actuator_app.o
 .debug_macro   0x000002cc       0x22 ./Application/actuator/actuator_app.o
 .debug_macro   0x000002ee       0x8e ./Application/actuator/actuator_app.o
 .debug_macro   0x0000037c       0x51 ./Application/actuator/actuator_app.o
 .debug_macro   0x000003cd      0x103 ./Application/actuator/actuator_app.o
 .debug_macro   0x000004d0       0x6a ./Application/actuator/actuator_app.o
 .debug_macro   0x0000053a      0x1df ./Application/actuator/actuator_app.o
 .debug_macro   0x00000719       0x16 ./Application/actuator/actuator_app.o
 .debug_macro   0x0000072f      0x190 ./Application/actuator/actuator_app.o
 .debug_macro   0x000008bf       0x61 ./Application/actuator/actuator_app.o
 .debug_macro   0x00000920       0x24 ./Application/actuator/actuator_app.o
 .debug_macro   0x00000944       0x43 ./Application/actuator/actuator_app.o
 .debug_macro   0x00000987       0x34 ./Application/actuator/actuator_app.o
 .debug_macro   0x000009bb      0x364 ./Application/actuator/actuator_app.o
 .debug_macro   0x00000d1f       0x16 ./Application/actuator/actuator_app.o
 .debug_macro   0x00000d35       0x4a ./Application/actuator/actuator_app.o
 .debug_macro   0x00000d7f       0x34 ./Application/actuator/actuator_app.o
 .debug_macro   0x00000db3       0x10 ./Application/actuator/actuator_app.o
 .debug_macro   0x00000dc3       0x58 ./Application/actuator/actuator_app.o
 .debug_macro   0x00000e1b       0x8e ./Application/actuator/actuator_app.o
 .debug_macro   0x00000ea9       0x1c ./Application/actuator/actuator_app.o
 .debug_macro   0x00000ec5      0x17e ./Application/actuator/actuator_app.o
 .debug_macro   0x00001043       0x10 ./Application/actuator/actuator_app.o
 .debug_macro   0x00001053       0x3c ./Application/actuator/actuator_app.o
 .debug_macro   0x0000108f       0x20 ./Application/actuator/actuator_app.o
 .debug_macro   0x000010af       0x22 ./Application/actuator/actuator_app.o
 .debug_macro   0x000010d1      0x221 ./Application/actuator/actuator_app.o
 .debug_macro   0x000012f2       0x2e ./Application/actuator/actuator_app.o
 .debug_macro   0x00001320       0x22 ./Application/actuator/actuator_app.o
 .debug_macro   0x00001342       0x1c ./Application/actuator/actuator_app.o
 .debug_macro   0x0000135e       0x22 ./Application/actuator/actuator_app.o
 .debug_macro   0x00001380       0xbd ./Application/actuator/actuator_app.o
 .debug_macro   0x0000143d      0xd23 ./Application/actuator/actuator_app.o
 .debug_macro   0x00002160     0xe09e ./Application/actuator/actuator_app.o
 .debug_macro   0x000101fe       0x6d ./Application/actuator/actuator_app.o
 .debug_macro   0x0001026b     0x34a2 ./Application/actuator/actuator_app.o
 .debug_macro   0x0001370d       0x56 ./Application/actuator/actuator_app.o
 .debug_macro   0x00013763      0x5bc ./Application/actuator/actuator_app.o
 .debug_macro   0x00013d1f      0x289 ./Application/actuator/actuator_app.o
 .debug_macro   0x00013fa8      0x1cb ./Application/actuator/actuator_app.o
 .debug_macro   0x00014173      0x114 ./Application/actuator/actuator_app.o
 .debug_macro   0x00014287      0x1b2 ./Application/actuator/actuator_app.o
 .debug_macro   0x00014439       0x27 ./Application/actuator/actuator_app.o
 .debug_macro   0x00014460      0x136 ./Application/actuator/actuator_app.o
 .debug_macro   0x00014596      0x1bc ./Application/actuator/actuator_app.o
 .debug_macro   0x00014752       0x34 ./Application/actuator/actuator_app.o
 .debug_macro   0x00014786       0x3c ./Application/actuator/actuator_app.o
 .debug_macro   0x000147c2      0x408 ./Application/actuator/actuator_app.o
 .debug_macro   0x00014bca       0x57 ./Application/actuator/actuator_app.o
 .debug_macro   0x00014c21       0x87 ./Application/actuator/actuator_app.o
 .debug_macro   0x00014ca8      0x240 ./Application/actuator/actuator_app.o
 .debug_macro   0x00014ee8      0x140 ./Application/actuator/actuator_app.o
 .debug_macro   0x00015028      0x8ed ./Application/actuator/actuator_app.o
 .debug_macro   0x00015915      0x28e ./Application/actuator/actuator_app.o
 .debug_macro   0x00015ba3       0x83 ./Application/actuator/actuator_app.o
 .debug_macro   0x00015c26      0x238 ./Core/Src/main.o
 .debug_macro   0x00015e5e       0x5c ./Core/Src/main.o
 .debug_macro   0x00015eba       0x16 ./Core/Src/main.o
 .debug_macro   0x00015ed0      0x112 ./Core/Src/main.o
 .debug_macro   0x00015fe2       0x28 ./Core/Src/main.o
 .debug_macro   0x0001600a      0x182 ./Core/Src/main.o
 .debug_macro   0x0001618c       0xee ./Core/Src/main.o
 .debug_macro   0x0001627a       0x3a ./Core/Src/main.o
 .debug_macro   0x000162b4       0x1f ./Core/Src/main.o
 .debug_macro   0x000162d3       0x12 ./Core/Src/main.o
 .debug_macro   0x000162e5     0x1105 ./Core/Src/main.o
 .debug_macro   0x000173ea       0xc3 ./Core/Src/main.o
 .debug_macro   0x000174ad      0x161 ./Core/Src/main.o
 .debug_macro   0x0001760e      0x1b7 ./Core/Src/stm32f1xx_hal_msp.o
 .debug_macro   0x000177c5      0x244 ./Core/Src/stm32f1xx_it.o
 .debug_macro   0x00017a09      0x1ad ./Core/Src/system_stm32f1xx.o
 .debug_macro   0x00017bb6      0x1d1 ./Drivers/STM32F1xx_HAL_Driver/Src/stm32f1xx_hal.o
 .debug_macro   0x00017d87      0x1bc ./Drivers/STM32F1xx_HAL_Driver/Src/stm32f1xx_hal_can.o
 .debug_macro   0x00017f43      0x1ad ./Drivers/STM32F1xx_HAL_Driver/Src/stm32f1xx_hal_cortex.o
 .debug_macro   0x000180f0      0x218 ./Drivers/STM32F1xx_HAL_Driver/Src/stm32f1xx_hal_gpio.o
 .debug_macro   0x00018308      0x1bf ./Drivers/STM32F1xx_HAL_Driver/Src/stm32f1xx_hal_rcc.o
 .debug_macro   0x000184c7      0x1ae ./Drivers/STM32F1xx_HAL_Driver/Src/stm32f1xx_hal_tim.o
 .debug_macro   0x00018675      0x1ad ./Drivers/STM32F1xx_HAL_Driver/Src/stm32f1xx_hal_tim_ex.o
 .debug_macro   0x00018822      0x1ae ./Drivers/STM32F1xx_HAL_Driver/Src/stm32f1xx_hal_uart.o
 .debug_macro   0x000189d0      0x193 ./Middleware/dronecan/dronecan.o
 .debug_macro   0x00018b63       0x16 ./Middleware/dronecan/dronecan.o
 .debug_macro   0x00018b79      0x12a ./Middleware/dronecan/dronecan.o
 .debug_macro   0x00018ca3       0x28 ./Middleware/dronecan/dronecan.o
 .debug_macro   0x00018ccb       0x10 ./Middleware/dronecan/dronecan.o
 .debug_macro   0x00018cdb       0x16 ./Middleware/dronecan/dronecan.o
 .debug_macro   0x00018cf1       0x5e ./Middleware/dronecan/dronecan.o
 .debug_macro   0x00018d4f      0x173 ./Middleware/dronecan/dsdl_generated/src/thaco.equipment.actuator.ArrayCommand.o
 .debug_macro   0x00018ec2      0x16a ./Middleware/dronecan/dsdl_generated/src/uavcan.protocol.NodeStatus.o
 .debug_macro   0x0001902c      0x25a ./RTOS/rtos.o
 .debug_macro   0x00019286      0x112 ./RTOS/rtos.o
 .debug_macro   0x00019398      0x313 ./RTOS/tasks/can_task.o
 .debug_macro   0x000196ab       0x10 ./RTOS/tasks/can_task.o
 .debug_macro   0x000196bb       0x80 ./RTOS/tasks/can_task.o
 .debug_macro   0x0001973b      0x1a2 ./ThirdParty/FreeRTOS-Kernel/list.o
 .debug_macro   0x000198dd      0x239 ./ThirdParty/FreeRTOS-Kernel/queue.o
 .debug_macro   0x00019b16       0x16 ./ThirdParty/FreeRTOS-Kernel/queue.o
 .debug_macro   0x00019b2c      0x2cd ./ThirdParty/FreeRTOS-Kernel/tasks.o
 .debug_macro   0x00019df9       0x16 ./ThirdParty/FreeRTOS-Kernel/tasks.o
 .debug_macro   0x00019e0f      0x1f1 ./ThirdParty/FreeRTOS-Kernel/timers.o
 .debug_macro   0x0001a000       0x9e ./ThirdParty/FreeRTOS-Kernel/timers.o
 .debug_macro   0x0001a09e      0x1ab ./ThirdParty/FreeRTOS-Kernel/portable/GCC/ARM_CM3/port.o
 .debug_macro   0x0001a249      0x237 ./ThirdParty/FreeRTOS-Kernel/portable/MemMang/heap_4.o
 .debug_macro   0x0001a480      0x1e2 ./ThirdParty/libcanard/canard.o
 .debug_macro   0x0001a662       0x16 ./ThirdParty/libcanard/canard.o

.debug_line     0x00000000    0x18c75
 .debug_line    0x00000000      0x9fd ./Application/actuator/actuator_app.o
 .debug_line    0x000009fd      0xaa3 ./Core/Src/main.o
 .debug_line    0x000014a0      0x825 ./Core/Src/stm32f1xx_hal_msp.o
 .debug_line    0x00001cc5      0x94a ./Core/Src/stm32f1xx_it.o
 .debug_line    0x0000260f      0x796 ./Core/Src/system_stm32f1xx.o
 .debug_line    0x00002da5       0x78 ./Core/Startup/startup_stm32f103c8tx.o
 .debug_line    0x00002e1d      0x9ca ./Drivers/STM32F1xx_HAL_Driver/Src/stm32f1xx_hal.o
 .debug_line    0x000037e7     0x11c0 ./Drivers/STM32F1xx_HAL_Driver/Src/stm32f1xx_hal_can.o
 .debug_line    0x000049a7      0xb91 ./Drivers/STM32F1xx_HAL_Driver/Src/stm32f1xx_hal_cortex.o
 .debug_line    0x00005538      0xa21 ./Drivers/STM32F1xx_HAL_Driver/Src/stm32f1xx_hal_gpio.o
 .debug_line    0x00005f59      0xe80 ./Drivers/STM32F1xx_HAL_Driver/Src/stm32f1xx_hal_rcc.o
 .debug_line    0x00006dd9     0x34bb ./Drivers/STM32F1xx_HAL_Driver/Src/stm32f1xx_hal_tim.o
 .debug_line    0x0000a294     0x188b ./Drivers/STM32F1xx_HAL_Driver/Src/stm32f1xx_hal_tim_ex.o
 .debug_line    0x0000bb1f     0x24e3 ./Drivers/STM32F1xx_HAL_Driver/Src/stm32f1xx_hal_uart.o
 .debug_line    0x0000e002      0x994 ./Middleware/dronecan/dronecan.o
 .debug_line    0x0000e996      0x8ab ./Middleware/dronecan/dsdl_generated/src/thaco.equipment.actuator.ArrayCommand.o
 .debug_line    0x0000f241      0x783 ./Middleware/dronecan/dsdl_generated/src/uavcan.protocol.NodeStatus.o
 .debug_line    0x0000f9c4      0x97a ./RTOS/rtos.o
 .debug_line    0x0001033e      0xff7 ./RTOS/tasks/can_task.o
 .debug_line    0x00011335      0x80b ./ThirdParty/FreeRTOS-Kernel/list.o
 .debug_line    0x00011b40     0x160a ./ThirdParty/FreeRTOS-Kernel/queue.o
 .debug_line    0x0001314a     0x1f13 ./ThirdParty/FreeRTOS-Kernel/tasks.o
 .debug_line    0x0001505d      0xdb8 ./ThirdParty/FreeRTOS-Kernel/timers.o
 .debug_line    0x00015e15      0x8bd ./ThirdParty/FreeRTOS-Kernel/portable/GCC/ARM_CM3/port.o
 .debug_line    0x000166d2      0xbb2 ./ThirdParty/FreeRTOS-Kernel/portable/MemMang/heap_4.o
 .debug_line    0x00017284     0x19f1 ./ThirdParty/libcanard/canard.o

.debug_str      0x00000000    0x9e051
 .debug_str     0x00000000    0x9e051 ./Application/actuator/actuator_app.o
                              0x88cc8 (size before relaxing)
 .debug_str     0x0009e051    0x91357 ./Core/Src/main.o
 .debug_str     0x0009e051    0x86640 ./Core/Src/stm32f1xx_hal_msp.o
 .debug_str     0x0009e051    0x90950 ./Core/Src/stm32f1xx_it.o
 .debug_str     0x0009e051    0x85929 ./Core/Src/system_stm32f1xx.o
 .debug_str     0x0009e051       0x7e ./Core/Startup/startup_stm32f103c8tx.o
 .debug_str     0x0009e051    0x8605c ./Drivers/STM32F1xx_HAL_Driver/Src/stm32f1xx_hal.o
 .debug_str     0x0009e051    0x86131 ./Drivers/STM32F1xx_HAL_Driver/Src/stm32f1xx_hal_can.o
 .debug_str     0x0009e051    0x85fa8 ./Drivers/STM32F1xx_HAL_Driver/Src/stm32f1xx_hal_cortex.o
 .debug_str     0x0009e051    0x85caf ./Drivers/STM32F1xx_HAL_Driver/Src/stm32f1xx_hal_gpio.o
 .debug_str     0x0009e051    0x85d58 ./Drivers/STM32F1xx_HAL_Driver/Src/stm32f1xx_hal_rcc.o
 .debug_str     0x0009e051    0x86d5a ./Drivers/STM32F1xx_HAL_Driver/Src/stm32f1xx_hal_tim.o
 .debug_str     0x0009e051    0x86566 ./Drivers/STM32F1xx_HAL_Driver/Src/stm32f1xx_hal_tim_ex.o
 .debug_str     0x0009e051    0x863c9 ./Drivers/STM32F1xx_HAL_Driver/Src/stm32f1xx_hal_uart.o
 .debug_str     0x0009e051     0x85f1 ./Middleware/dronecan/dronecan.o
 .debug_str     0x0009e051     0x7d30 ./Middleware/dronecan/dsdl_generated/src/thaco.equipment.actuator.ArrayCommand.o
 .debug_str     0x0009e051     0x7e02 ./Middleware/dronecan/dsdl_generated/src/uavcan.protocol.NodeStatus.o
 .debug_str     0x0009e051    0x90d4f ./RTOS/rtos.o
 .debug_str     0x0009e051    0x92a76 ./RTOS/tasks/can_task.o
 .debug_str     0x0009e051    0x10c5d ./ThirdParty/FreeRTOS-Kernel/list.o
 .debug_str     0x0009e051    0x13536 ./ThirdParty/FreeRTOS-Kernel/queue.o
 .debug_str     0x0009e051    0x145e5 ./ThirdParty/FreeRTOS-Kernel/tasks.o
 .debug_str     0x0009e051    0x1388c ./ThirdParty/FreeRTOS-Kernel/timers.o
 .debug_str     0x0009e051     0xf6e5 ./ThirdParty/FreeRTOS-Kernel/portable/GCC/ARM_CM3/port.o
 .debug_str     0x0009e051    0x1287f ./ThirdParty/FreeRTOS-Kernel/portable/MemMang/heap_4.o
 .debug_str     0x0009e051     0x8a05 ./ThirdParty/libcanard/canard.o

.comment        0x00000000       0x43
 .comment       0x00000000       0x43 ./Application/actuator/actuator_app.o
                                 0x44 (size before relaxing)
 .comment       0x00000043       0x44 ./Core/Src/main.o
 .comment       0x00000043       0x44 ./Core/Src/stm32f1xx_hal_msp.o
 .comment       0x00000043       0x44 ./Core/Src/stm32f1xx_it.o
 .comment       0x00000043       0x44 ./Core/Src/system_stm32f1xx.o
 .comment       0x00000043       0x44 ./Drivers/STM32F1xx_HAL_Driver/Src/stm32f1xx_hal.o
 .comment       0x00000043       0x44 ./Drivers/STM32F1xx_HAL_Driver/Src/stm32f1xx_hal_can.o
 .comment       0x00000043       0x44 ./Drivers/STM32F1xx_HAL_Driver/Src/stm32f1xx_hal_cortex.o
 .comment       0x00000043       0x44 ./Drivers/STM32F1xx_HAL_Driver/Src/stm32f1xx_hal_gpio.o
 .comment       0x00000043       0x44 ./Drivers/STM32F1xx_HAL_Driver/Src/stm32f1xx_hal_rcc.o
 .comment       0x00000043       0x44 ./Drivers/STM32F1xx_HAL_Driver/Src/stm32f1xx_hal_tim.o
 .comment       0x00000043       0x44 ./Drivers/STM32F1xx_HAL_Driver/Src/stm32f1xx_hal_tim_ex.o
 .comment       0x00000043       0x44 ./Drivers/STM32F1xx_HAL_Driver/Src/stm32f1xx_hal_uart.o
 .comment       0x00000043       0x44 ./Middleware/dronecan/dronecan.o
 .comment       0x00000043       0x44 ./Middleware/dronecan/dsdl_generated/src/thaco.equipment.actuator.ArrayCommand.o
 .comment       0x00000043       0x44 ./Middleware/dronecan/dsdl_generated/src/uavcan.protocol.NodeStatus.o
 .comment       0x00000043       0x44 ./RTOS/rtos.o
 .comment       0x00000043       0x44 ./RTOS/tasks/can_task.o
 .comment       0x00000043       0x44 ./ThirdParty/FreeRTOS-Kernel/list.o
 .comment       0x00000043       0x44 ./ThirdParty/FreeRTOS-Kernel/queue.o
 .comment       0x00000043       0x44 ./ThirdParty/FreeRTOS-Kernel/tasks.o
 .comment       0x00000043       0x44 ./ThirdParty/FreeRTOS-Kernel/timers.o
 .comment       0x00000043       0x44 ./ThirdParty/FreeRTOS-Kernel/portable/GCC/ARM_CM3/port.o
 .comment       0x00000043       0x44 ./ThirdParty/FreeRTOS-Kernel/portable/MemMang/heap_4.o
 .comment       0x00000043       0x44 ./ThirdParty/libcanard/canard.o

.debug_frame    0x00000000     0x5554
 .debug_frame   0x00000000       0xc0 ./Application/actuator/actuator_app.o
 .debug_frame   0x000000c0       0xe8 ./Core/Src/main.o
 .debug_frame   0x000001a8      0x130 ./Core/Src/stm32f1xx_hal_msp.o
 .debug_frame   0x000002d8       0xdc ./Core/Src/stm32f1xx_it.o
 .debug_frame   0x000003b4       0x50 ./Core/Src/system_stm32f1xx.o
 .debug_frame   0x00000404      0x2e4 ./Drivers/STM32F1xx_HAL_Driver/Src/stm32f1xx_hal.o
 .debug_frame   0x000006e8      0x524 ./Drivers/STM32F1xx_HAL_Driver/Src/stm32f1xx_hal_can.o
 .debug_frame   0x00000c0c      0x3f0 ./Drivers/STM32F1xx_HAL_Driver/Src/stm32f1xx_hal_cortex.o
 .debug_frame   0x00000ffc      0x130 ./Drivers/STM32F1xx_HAL_Driver/Src/stm32f1xx_hal_gpio.o
 .debug_frame   0x0000112c      0x1f8 ./Drivers/STM32F1xx_HAL_Driver/Src/stm32f1xx_hal_rcc.o
 .debug_frame   0x00001324     0x10e8 ./Drivers/STM32F1xx_HAL_Driver/Src/stm32f1xx_hal_tim.o
 .debug_frame   0x0000240c      0x600 ./Drivers/STM32F1xx_HAL_Driver/Src/stm32f1xx_hal_tim_ex.o
 .debug_frame   0x00002a0c      0x8dc ./Drivers/STM32F1xx_HAL_Driver/Src/stm32f1xx_hal_uart.o
 .debug_frame   0x000032e8      0x154 ./Middleware/dronecan/dronecan.o
 .debug_frame   0x0000343c       0xec ./Middleware/dronecan/dsdl_generated/src/thaco.equipment.actuator.ArrayCommand.o
 .debug_frame   0x00003528       0xa4 ./Middleware/dronecan/dsdl_generated/src/uavcan.protocol.NodeStatus.o
 .debug_frame   0x000035cc       0x74 ./RTOS/rtos.o
 .debug_frame   0x00003640      0x240 ./RTOS/tasks/can_task.o
 .debug_frame   0x00003880       0xc4 ./ThirdParty/FreeRTOS-Kernel/list.o
 .debug_frame   0x00003944      0x478 ./ThirdParty/FreeRTOS-Kernel/queue.o
 .debug_frame   0x00003dbc      0x868 ./ThirdParty/FreeRTOS-Kernel/tasks.o
 .debug_frame   0x00004624      0x3a4 ./ThirdParty/FreeRTOS-Kernel/timers.o
 .debug_frame   0x000049c8      0x17c ./ThirdParty/FreeRTOS-Kernel/portable/GCC/ARM_CM3/port.o
 .debug_frame   0x00004b44      0x178 ./ThirdParty/FreeRTOS-Kernel/portable/MemMang/heap_4.o
 .debug_frame   0x00004cbc      0x7c4 ./ThirdParty/libcanard/canard.o
 .debug_frame   0x00005480       0x20 C:/ST/STM32CubeIDE_2.1.0/STM32CubeIDE/plugins/com.st.stm32cube.ide.mcu.externaltools.gnu-tools-for-stm32.14.3.rel1.win32_1.0.100.202602081740/tools/bin/../lib/gcc/arm-none-eabi/14.3.1/../../../../arm-none-eabi/lib/thumb/v7-m/nofp\libc_nano.a(libc_a-memset.o)
 .debug_frame   0x000054a0       0x2c C:/ST/STM32CubeIDE_2.1.0/STM32CubeIDE/plugins/com.st.stm32cube.ide.mcu.externaltools.gnu-tools-for-stm32.14.3.rel1.win32_1.0.100.202602081740/tools/bin/../lib/gcc/arm-none-eabi/14.3.1/../../../../arm-none-eabi/lib/thumb/v7-m/nofp\libc_nano.a(libc_a-init.o)
 .debug_frame   0x000054cc       0x28 C:/ST/STM32CubeIDE_2.1.0/STM32CubeIDE/plugins/com.st.stm32cube.ide.mcu.externaltools.gnu-tools-for-stm32.14.3.rel1.win32_1.0.100.202602081740/tools/bin/../lib/gcc/arm-none-eabi/14.3.1/../../../../arm-none-eabi/lib/thumb/v7-m/nofp\libc_nano.a(libc_a-memcpy-stub.o)
 .debug_frame   0x000054f4       0x2c C:/ST/STM32CubeIDE_2.1.0/STM32CubeIDE/plugins/com.st.stm32cube.ide.mcu.externaltools.gnu-tools-for-stm32.14.3.rel1.win32_1.0.100.202602081740/tools/bin/../lib/gcc/arm-none-eabi/14.3.1/thumb/v7-m/nofp\libgcc.a(_aeabi_uldivmod.o)
 .debug_frame   0x00005520       0x34 C:/ST/STM32CubeIDE_2.1.0/STM32CubeIDE/plugins/com.st.stm32cube.ide.mcu.externaltools.gnu-tools-for-stm32.14.3.rel1.win32_1.0.100.202602081740/tools/bin/../lib/gcc/arm-none-eabi/14.3.1/thumb/v7-m/nofp\libgcc.a(_udivmoddi4.o)

.debug_line_str
                0x00000000       0x62
 .debug_line_str
                0x00000000       0x62 ./Core/Startup/startup_stm32f103c8tx.o