Archive member included to satisfy reference by file (symbol)

C:/ST/STM32CubeIDE_2.1.0/STM32CubeIDE/plugins/com.st.stm32cube.ide.mcu.externaltools.gnu-tools-for-stm32.14.3.rel1.win32_1.0.100.202602081740/tools/bin/../lib/gcc/arm-none-eabi/14.3.1/../../../../arm-none-eabi/lib/thumb/v7-m/nofp\libc_nano.a(libc_a-exit.o)
                              C:/ST/STM32CubeIDE_2.1.0/STM32CubeIDE/plugins/com.st.stm32cube.ide.mcu.externaltools.gnu-tools-for-stm32.14.3.rel1.win32_1.0.100.202602081740/tools/bin/../lib/gcc/arm-none-eabi/14.3.1/../../../../arm-none-eabi/lib/thumb/v7-m/nofp/crt0.o (exit)
C:/ST/STM32CubeIDE_2.1.0/STM32CubeIDE/plugins/com.st.stm32cube.ide.mcu.externaltools.gnu-tools-for-stm32.14.3.rel1.win32_1.0.100.202602081740/tools/bin/../lib/gcc/arm-none-eabi/14.3.1/../../../../arm-none-eabi/lib/thumb/v7-m/nofp\libc_nano.a(libc_a-findfp.o)
                              C:/ST/STM32CubeIDE_2.1.0/STM32CubeIDE/plugins/com.st.stm32cube.ide.mcu.externaltools.gnu-tools-for-stm32.14.3.rel1.win32_1.0.100.202602081740/tools/bin/../lib/gcc/arm-none-eabi/14.3.1/../../../../arm-none-eabi/lib/thumb/v7-m/nofp\libc_nano.a(libc_a-exit.o) (__stdio_exit_handler)
C:/ST/STM32CubeIDE_2.1.0/STM32CubeIDE/plugins/com.st.stm32cube.ide.mcu.externaltools.gnu-tools-for-stm32.14.3.rel1.win32_1.0.100.202602081740/tools/bin/../lib/gcc/arm-none-eabi/14.3.1/../../../../arm-none-eabi/lib/thumb/v7-m/nofp\libc_nano.a(libc_a-fwalk.o)
                              C:/ST/STM32CubeIDE_2.1.0/STM32CubeIDE/plugins/com.st.stm32cube.ide.mcu.externaltools.gnu-tools-for-stm32.14.3.rel1.win32_1.0.100.202602081740/tools/bin/../lib/gcc/arm-none-eabi/14.3.1/../../../../arm-none-eabi/lib/thumb/v7-m/nofp\libc_nano.a(libc_a-findfp.o) (_fwalk_sglue)
C:/ST/STM32CubeIDE_2.1.0/STM32CubeIDE/plugins/com.st.stm32cube.ide.mcu.externaltools.gnu-tools-for-stm32.14.3.rel1.win32_1.0.100.202602081740/tools/bin/../lib/gcc/arm-none-eabi/14.3.1/../../../../arm-none-eabi/lib/thumb/v7-m/nofp\libc_nano.a(libc_a-stdio.o)
                              C:/ST/STM32CubeIDE_2.1.0/STM32CubeIDE/plugins/com.st.stm32cube.ide.mcu.externaltools.gnu-tools-for-stm32.14.3.rel1.win32_1.0.100.202602081740/tools/bin/../lib/gcc/arm-none-eabi/14.3.1/../../../../arm-none-eabi/lib/thumb/v7-m/nofp\libc_nano.a(libc_a-findfp.o) (__sread)
C:/ST/STM32CubeIDE_2.1.0/STM32CubeIDE/plugins/com.st.stm32cube.ide.mcu.externaltools.gnu-tools-for-stm32.14.3.rel1.win32_1.0.100.202602081740/tools/bin/../lib/gcc/arm-none-eabi/14.3.1/../../../../arm-none-eabi/lib/thumb/v7-m/nofp\libc_nano.a(libc_a-memset.o)
                              C:/ST/STM32CubeIDE_2.1.0/STM32CubeIDE/plugins/com.st.stm32cube.ide.mcu.externaltools.gnu-tools-for-stm32.14.3.rel1.win32_1.0.100.202602081740/tools/bin/../lib/gcc/arm-none-eabi/14.3.1/../../../../arm-none-eabi/lib/thumb/v7-m/nofp/crt0.o (memset)
C:/ST/STM32CubeIDE_2.1.0/STM32CubeIDE/plugins/com.st.stm32cube.ide.mcu.externaltools.gnu-tools-for-stm32.14.3.rel1.win32_1.0.100.202602081740/tools/bin/../lib/gcc/arm-none-eabi/14.3.1/../../../../arm-none-eabi/lib/thumb/v7-m/nofp\libc_nano.a(libc_a-closer.o)
                              C:/ST/STM32CubeIDE_2.1.0/STM32CubeIDE/plugins/com.st.stm32cube.ide.mcu.externaltools.gnu-tools-for-stm32.14.3.rel1.win32_1.0.100.202602081740/tools/bin/../lib/gcc/arm-none-eabi/14.3.1/../../../../arm-none-eabi/lib/thumb/v7-m/nofp\libc_nano.a(libc_a-stdio.o) (_close_r)
C:/ST/STM32CubeIDE_2.1.0/STM32CubeIDE/plugins/com.st.stm32cube.ide.mcu.externaltools.gnu-tools-for-stm32.14.3.rel1.win32_1.0.100.202602081740/tools/bin/../lib/gcc/arm-none-eabi/14.3.1/../../../../arm-none-eabi/lib/thumb/v7-m/nofp\libc_nano.a(libc_a-reent.o)
                              C:/ST/STM32CubeIDE_2.1.0/STM32CubeIDE/plugins/com.st.stm32cube.ide.mcu.externaltools.gnu-tools-for-stm32.14.3.rel1.win32_1.0.100.202602081740/tools/bin/../lib/gcc/arm-none-eabi/14.3.1/../../../../arm-none-eabi/lib/thumb/v7-m/nofp\libc_nano.a(libc_a-closer.o) (errno)
C:/ST/STM32CubeIDE_2.1.0/STM32CubeIDE/plugins/com.st.stm32cube.ide.mcu.externaltools.gnu-tools-for-stm32.14.3.rel1.win32_1.0.100.202602081740/tools/bin/../lib/gcc/arm-none-eabi/14.3.1/../../../../arm-none-eabi/lib/thumb/v7-m/nofp\libc_nano.a(libc_a-impure.o)
                              C:/ST/STM32CubeIDE_2.1.0/STM32CubeIDE/plugins/com.st.stm32cube.ide.mcu.externaltools.gnu-tools-for-stm32.14.3.rel1.win32_1.0.100.202602081740/tools/bin/../lib/gcc/arm-none-eabi/14.3.1/../../../../arm-none-eabi/lib/thumb/v7-m/nofp\libc_nano.a(libc_a-reent.o) (_impure_ptr)
C:/ST/STM32CubeIDE_2.1.0/STM32CubeIDE/plugins/com.st.stm32cube.ide.mcu.externaltools.gnu-tools-for-stm32.14.3.rel1.win32_1.0.100.202602081740/tools/bin/../lib/gcc/arm-none-eabi/14.3.1/../../../../arm-none-eabi/lib/thumb/v7-m/nofp\libc_nano.a(libc_a-lseekr.o)
[...]
Memory Configuration

Name             Origin             Length             Attributes
RAM              0x20000000         0x00005000         xrw
FLASH            0x08000000         0x00010000         xr
*default*        0x00000000         0xffffffff

Linker script and memory map

LOAD C:/ST/STM32CubeIDE_2.1.0/STM32CubeIDE/plugins/com.st.stm32cube.ide.mcu.externaltools.gnu-tools-for-stm32.14.3.rel1.win32_1.0.100.202602081740/tools/bin/../lib/gcc/arm-none-eabi/14.3.1/thumb/v7-m/nofp/crti.o
LOAD C:/ST/STM32CubeIDE_2.1.0/STM32CubeIDE/plugins/com.st.stm32cube.ide.mcu.externaltools.gnu-tools-for-stm32.14.3.rel1.win32_1.0.100.202602081740/tools/bin/../lib/gcc/arm-none-eabi/14.3.1/thumb/v7-m/nofp/crtbegin.o
LOAD C:/ST/STM32CubeIDE_2.1.0/STM32CubeIDE/plugins/com.st.stm32cube.ide.mcu.externaltools.gnu-tools-for-stm32.14.3.rel1.win32_1.0.100.202602081740/tools/bin/../lib/gcc/arm-none-eabi/14.3.1/../../../../arm-none-eabi/lib/thumb/v7-m/nofp/crt0.o
LOAD ./Algorithms/control/pid.o
LOAD ./Algorithms/estimation/estimator.o
LOAD ./Algorithms/filters/lowpass_filter.o
LOAD ./Algorithms/math/math_utils.o
LOAD ./Application/actuator/actuator_app.o
LOAD ./Application/debug_console/debug_console.o
LOAD ./Board/board.o
LOAD ./Board/board_can.o
LOAD ./Board/board_gpio.o
LOAD ./Board/board_pwm.o
LOAD ./Board/board_time.o
LOAD ./Board/board_uart.o
LOAD ./Core/Src/main.o
LOAD ./Core/Src/stm32f1xx_hal_msp.o
LOAD ./Core/Src/stm32f1xx_it.o
LOAD ./Core/Src/syscalls.o
LOAD ./Core/Src/sysmem.o
LOAD ./Core/Src/system_stm32f1xx.o
LOAD ./Core/Startup/startup_stm32f103c8tx.o
LOAD ./Devices/gripper/gripper.o
LOAD ./Devices/motor/motor.o
LOAD ./Drivers/STM32F1xx_HAL_Driver/Src/stm32f1xx_hal.o
LOAD ./Drivers/STM32F1xx_HAL_Driver/Src/stm32f1xx_hal_can.o
LOAD ./Drivers/STM32F1xx_HAL_Driver/Src/stm32f1xx_hal_cortex.o
LOAD ./Drivers/STM32F1xx_HAL_Driver/Src/stm32f1xx_hal_dma.o
LOAD ./Drivers/STM32F1xx_HAL_Driver/Src/stm32f1xx_hal_exti.o
LOAD ./Drivers/STM32F1xx_HAL_Driver/Src/stm32f1xx_hal_flash.o
LOAD ./Drivers/STM32F1xx_HAL_Driver/Src/stm32f1xx_hal_flash_ex.o
LOAD ./Drivers/STM32F1xx_HAL_Driver/Src/stm32f1xx_hal_gpio.o
LOAD ./Drivers/STM32F1xx_HAL_Driver/Src/stm32f1xx_hal_gpio_ex.o
LOAD ./Drivers/STM32F1xx_HAL_Driver/Src/stm32f1xx_hal_pwr.o
LOAD ./Drivers/STM32F1xx_HAL_Driver/Src/stm32f1xx_hal_rcc.o
LOAD ./Drivers/STM32F1xx_HAL_Driver/Src/stm32f1xx_hal_rcc_ex.o
LOAD ./Drivers/STM32F1xx_HAL_Driver/Src/stm32f1xx_hal_tim.o
LOAD ./Drivers/STM32F1xx_HAL_Driver/Src/stm32f1xx_hal_tim_ex.o
LOAD ./Drivers/STM32F1xx_HAL_Driver/Src/stm32f1xx_hal_uart.o
LOAD ./Middleware/dronecan/dronecan.o
LOAD ./Middleware/dronecan/dronecan_port.o
LOAD ./Middleware/dronecan/dronecan_rx.o
LOAD ./Middleware/dronecan/dronecan_tx.o
LOAD ./Middleware/dronecan/dsdl_generated/src/thaco.equipment.actuator.ArrayCommand.o
LOAD ./Middleware/dronecan/dsdl_generated/src/thaco.equipment.actuator.Command.o
LOAD ./Middleware/dronecan/dsdl_generated/src/uavcan.protocol.NodeStatus.o
LOAD ./RTOS/rtos.o
LOAD ./RTOS/tasks/actuator_task.o
LOAD ./RTOS/tasks/can_task.o
LOAD ./RTOS/tasks/health_task.o
LOAD ./Services/command/command_service.o
LOAD ./Services/health/health_service.o
LOAD ./Services/parameter/parameter_service.o
LOAD ./ThirdParty/FreeRTOS-Kernel/croutine.o
LOAD ./ThirdParty/FreeRTOS-Kernel/event_groups.o
LOAD ./ThirdParty/FreeRTOS-Kernel/list.o
LOAD ./ThirdParty/FreeRTOS-Kernel/queue.o
LOAD ./ThirdParty/FreeRTOS-Kernel/stream_buffer.o
LOAD ./ThirdParty/FreeRTOS-Kernel/tasks.o
LOAD ./ThirdParty/FreeRTOS-Kernel/timers.o
LOAD ./ThirdParty/FreeRTOS-Kernel/portable/GCC/ARM_CM3/port.o
LOAD ./ThirdParty/FreeRTOS-Kernel/portable/MemMang/heap_4.o
LOAD ./ThirdParty/libcanard/canard.o
LOAD ./Utils/math_utils.o
LOAD ./Utils/ring_buffer.o
START GROUP
LOAD C:/ST/STM32CubeIDE_2.1.0/STM32CubeIDE/plugins/com.st.stm32cube.ide.mcu.externaltools.gnu-tools-for-stm32.14.3.rel1.win32_1.0.100.202602081740/tools/bin/../lib/gcc/arm-none-eabi/14.3.1/../../../../arm-none-eabi/lib/thumb/v7-m/nofp\libc_nano.a
LOAD C:/ST/STM32CubeIDE_2.1.0/STM32CubeIDE/plugins/com.st.stm32cube.ide.mcu.externaltools.gnu-tools-for-stm32.14.3.rel1.win32_1.0.100.202602081740/tools/bin/../lib/gcc/arm-none-eabi/14.3.1/../../../../arm-none-eabi/lib/thumb/v7-m/nofp\libm.a
END GROUP
START GROUP
LOAD C:/ST/STM32CubeIDE_2.1.0/STM32CubeIDE/plugins/com.st.stm32cube.ide.mcu.externaltools.gnu-tools-for-stm32.14.3.rel1.win32_1.0.100.202602081740/tools/bin/../lib/gcc/arm-none-eabi/14.3.1/thumb/v7-m/nofp\libgcc.a
LOAD C:/ST/STM32CubeIDE_2.1.0/STM32CubeIDE/plugins/com.st.stm32cube.ide.mcu.externaltools.gnu-tools-for-stm32.14.3.rel1.win32_1.0.100.202602081740/tools/bin/../lib/gcc/arm-none-eabi/14.3.1/../../../../arm-none-eabi/lib/thumb/v7-m/nofp\libc_nano.a
END GROUP
START GROUP
LOAD C:/ST/STM32CubeIDE_2.1.0/STM32CubeIDE/plugins/com.st.stm32cube.ide.mcu.externaltools.gnu-tools-for-stm32.14.3.rel1.win32_1.0.100.202602081740/tools/bin/../lib/gcc/arm-none-eabi/14.3.1/thumb/v7-m/nofp\libgcc.a
LOAD C:/ST/STM32CubeIDE_2.1.0/STM32CubeIDE/plugins/com.st.stm32cube.ide.mcu.externaltools.gnu-tools-for-stm32.14.3.rel1.win32_1.0.100.202602081740/tools/bin/../lib/gcc/arm-none-eabi/14.3.1/../../../../arm-none-eabi/lib/thumb/v7-m/nofp\libc_nano.a
LOAD C:/ST/STM32CubeIDE_2.1.0/STM32CubeIDE/plugins/com.st.stm32cube.ide.mcu.externaltools.gnu-tools-for-stm32.14.3.rel1.win32_1.0.100.202602081740/tools/bin/../lib/gcc/arm-none-eabi/14.3.1/../../../../arm-none-eabi/lib/thumb/v7-m/nofp\libnosys.a
END GROUP
START GROUP
LOAD C:/ST/STM32CubeIDE_2.1.0/STM32CubeIDE/plugins/com.st.stm32cube.ide.mcu.externaltools.gnu-tools-for-stm32.14.3.rel1.win32_1.0.100.202602081740/tools/bin/../lib/gcc/arm-none-eabi/14.3.1/thumb/v7-m/nofp\libgcc.a
LOAD C:/ST/STM32CubeIDE_2.1.0/STM32CubeIDE/plugins/com.st.stm32cube.ide.mcu.externaltools.gnu-tools-for-stm32.14.3.rel1.win32_1.0.100.202602081740/tools/bin/../lib/gcc/arm-none-eabi/14.3.1/../../../../arm-none-eabi/lib/thumb/v7-m/nofp\libc_nano.a
LOAD C:/ST/STM32CubeIDE_2.1.0/STM32CubeIDE/plugins/com.st.stm32cube.ide.mcu.externaltools.gnu-tools-for-stm32.14.3.rel1.win32_1.0.100.202602081740/tools/bin/../lib/gcc/arm-none-eabi/14.3.1/../../../../arm-none-eabi/lib/thumb/v7-m/nofp\libnosys.a
END GROUP
LOAD C:/ST/STM32CubeIDE_2.1.0/STM32CubeIDE/plugins/com.st.stm32cube.ide.mcu.externaltools.gnu-tools-for-stm32.14.3.rel1.win32_1.0.100.202602081740/tools/bin/../lib/gcc/arm-none-eabi/14.3.1/thumb/v7-m/nofp/crtend.o
LOAD C:/ST/STM32CubeIDE_2.1.0/STM32CubeIDE/plugins/com.st.stm32cube.ide.mcu.externaltools.gnu-tools-for-stm32.14.3.rel1.win32_1.0.100.202602081740/tools/bin/../lib/gcc/arm-none-eabi/14.3.1/thumb/v7-m/nofp/crtn.o
                0x20005000                        _estack = (ORIGIN (RAM) + LENGTH (RAM))
                0x00000200                        _Min_Heap_Size = 0x200
                0x00000400                        _Min_Stack_Size = 0x400

.isr_vector     0x08000000      0x10c
                0x08000000                        . = ALIGN (0x4)
 *(.isr_vector)
 .isr_vector    0x08000000      0x10c ./Core/Startup/startup_stm32f103c8tx.o
                0x08000000                g_pfnVectors
                0x0800010c                        . = ALIGN (0x4)

.text           0x08000110     0x8468
                0x08000110                        . = ALIGN (0x4)
 *(.text)
 .text          0x08000110       0x40 C:/ST/STM32CubeIDE_2.1.0/STM32CubeIDE/plugins/com.st.stm32cube.ide.mcu.externaltools.gnu-tools-for-stm32.14.3.rel1.win32_1.0.100.202602081740/tools/bin/../lib/gcc/arm-none-eabi/14.3.1/thumb/v7-m/nofp/crtbegin.o
 .text          0x08000150       0x30 C:/ST/STM32CubeIDE_2.1.0/STM32CubeIDE/plugins/com.st.stm32cube.ide.mcu.externaltools.gnu-tools-for-stm32.14.3.rel1.win32_1.0.100.202602081740/tools/bin/../lib/gcc/arm-none-eabi/14.3.1/thumb/v7-m/nofp\libgcc.a(_aeabi_uldivmod.o)
                0x08000150                __aeabi_uldivmod
 .text          0x08000180      0x2f4 C:/ST/STM32CubeIDE_2.1.0/STM32CubeIDE/plugins/com.st.stm32cube.ide.mcu.externaltools.gnu-tools-for-stm32.14.3.rel1.win32_1.0.100.202602081740/tools/bin/../lib/gcc/arm-none-eabi/14.3.1/thumb/v7-m/nofp\libgcc.a(_udivmoddi4.o)
                0x08000180                __udivmoddi4
 .text          0x08000474        0x4 C:/ST/STM32CubeIDE_2.1.0/STM32CubeIDE/plugins/com.st.stm32cube.ide.mcu.externaltools.gnu-tools-for-stm32.14.3.rel1.win32_1.0.100.202602081740/tools/bin/../lib/gcc/arm-none-eabi/14.3.1/thumb/v7-m/nofp\libgcc.a(_dvmd_tls.o)
                0x08000474                __aeabi_idiv0
                0x08000474                __aeabi_ldiv0
 *(.text*)
 .text.main     0x08000478       0x44 ./Core/Src/main.o
                0x08000478                main
 .text.SystemClock_Config
                0x080004bc       0x8a ./Core/Src/main.o
                0x080004bc                SystemClock_Config
 *fill*         0x08000546        0x2 
 .text.MX_CAN_Init
                0x08000548       0x6c ./Core/Src/main.o
 .text.MX_TIM2_Init
                0x080005b4      0x100 ./Core/Src/main.o
 .text.MX_USART2_UART_Init
                0x080006b4       0x54 ./Core/Src/main.o
 .text.MX_GPIO_Init
                0x08000708       0x98 ./Core/Src/main.o
 .text.Error_Handler
                0x080007a0        0xc ./Core/Src/main.o
                0x080007a0                Error_Handler
 .text.HAL_MspInit
                0x080007ac       0x64 ./Core/Src/stm32f1xx_hal_msp.o
                0x080007ac                HAL_MspInit
 .text.HAL_CAN_MspInit
                0x08000810       0xa8 ./Core/Src/stm32f1xx_hal_msp.o
                0x08000810                HAL_CAN_MspInit
 .text.HAL_TIM_Base_MspInit
                0x080008b8       0x38 ./Core/Src/stm32f1xx_hal_msp.o
                0x080008b8                HAL_TIM_Base_MspInit
 .text.HAL_TIM_MspPostInit
                0x080008f0       0x60 ./Core/Src/stm32f1xx_hal_msp.o
                0x080008f0                HAL_TIM_MspPostInit
 .text.HAL_UART_MspInit
                0x08000950       0x94 ./Core/Src/stm32f1xx_hal_msp.o
                0x08000950                HAL_UART_MspInit
 .text.NMI_Handler
                0x080009e4        0x8 ./Core/Src/stm32f1xx_it.o
                0x080009e4                NMI_Handler
 .text.HardFault_Handler
                0x080009ec        0x8 ./Core/Src/stm32f1xx_it.o
                0x080009ec                HardFault_Handler
 .text.MemManage_Handler
                0x080009f4        0x8 ./Core/Src/stm32f1xx_it.o
                0x080009f4                MemManage_Handler
 .text.BusFault_Handler
                0x080009fc        0x8 ./Core/Src/stm32f1xx_it.o
                0x080009fc                BusFault_Handler
 .text.UsageFault_Handler
                0x08000a04        0x8 ./Core/Src/stm32f1xx_it.o
                0x08000a04                UsageFault_Handler
 .text.DebugMon_Handler
                0x08000a0c        0xc ./Core/Src/stm32f1xx_it.o
                0x08000a0c                DebugMon_Handler
 .text.SysTick_Handler
                0x08000a18       0x1a ./Core/Src/stm32f1xx_it.o
                0x08000a18                SysTick_Handler
 *fill*         0x08000a32        0x2 
 .text.USB_LP_CAN1_RX0_IRQHandler
                0x08000a34       0x14 ./Core/Src/stm32f1xx_it.o
                0x08000a34                USB_LP_CAN1_RX0_IRQHandler
 .text.SystemInit
                0x08000a48        0xc ./Core/Src/system_stm32f1xx.o
                0x08000a48                SystemInit
 .text.Reset_Handler
                0x08000a54       0x48 ./Core/Startup/startup_stm32f103c8tx.o
                0x08000a54                Reset_Handler
 .text.Default_Handler
                0x08000a9c        0x2 ./Core/Startup/startup_stm32f103c8tx.o
                0x08000a9c                RTC_Alarm_IRQHandler
                0x08000a9c                EXTI2_IRQHandler
                0x08000a9c                TIM1_CC_IRQHandler
                0x08000a9c                PVD_IRQHandler
                0x08000a9c                EXTI3_IRQHandler
                0x08000a9c                EXTI0_IRQHandler
                0x08000a9c                I2C2_EV_IRQHandler
                0x08000a9c                ADC1_2_IRQHandler
                0x08000a9c                SPI1_IRQHandler
                0x08000a9c                TAMPER_IRQHandler
                0x08000a9c                DMA1_Channel4_IRQHandler
                0x08000a9c                USART3_IRQHandler
                0x08000a9c                RTC_IRQHandler
                0x08000a9c                DMA1_Channel7_IRQHandler
                0x08000a9c                CAN1_RX1_IRQHandler
                0x08000a9c                TIM4_IRQHandler
                0x08000a9c                I2C1_EV_IRQHandler
                0x08000a9c                DMA1_Channel6_IRQHandler
                0x08000a9c                TIM3_IRQHandler
                0x08000a9c                RCC_IRQHandler
                0x08000a9c                TIM1_TRG_COM_IRQHandler
                0x08000a9c                DMA1_Channel1_IRQHandler
                0x08000a9c                Default_Handler
                0x08000a9c                EXTI15_10_IRQHandler
                0x08000a9c                EXTI9_5_IRQHandler
                0x08000a9c                SPI2_IRQHandler
                0x08000a9c                DMA1_Channel5_IRQHandler
                0x08000a9c                EXTI4_IRQHandler
                0x08000a9c                USB_HP_CAN1_TX_IRQHandler
                0x08000a9c                DMA1_Channel3_IRQHandler
                0x08000a9c                TIM1_UP_IRQHandler
                0x08000a9c                WWDG_IRQHandler
                0x08000a9c                TIM2_IRQHandler
                0x08000a9c                TIM1_BRK_IRQHandler
                0x08000a9c                EXTI1_IRQHandler
                0x08000a9c                USART2_IRQHandler
                0x08000a9c                I2C2_ER_IRQHandler
                0x08000a9c                DMA1_Channel2_IRQHandler
                0x08000a9c                CAN1_SCE_IRQHandler
                0x08000a9c                FLASH_IRQHandler
                0x08000a9c                USART1_IRQHandler
                0x08000a9c                I2C1_ER_IRQHandler
                0x08000a9c                USBWakeUp_IRQHandler
 *fill*         0x08000a9e        0x2 
 .text.HAL_Init
                0x08000aa0       0x2c ./Drivers/STM32F1xx_HAL_Driver/Src/stm32f1xx_hal.o
                0x08000aa0                HAL_Init
 .text.HAL_InitTick
                0x08000acc       0x60 ./Drivers/STM32F1xx_HAL_Driver/Src/stm32f1xx_hal.o
                0x08000acc                HAL_InitTick
 .text.HAL_IncTick
                0x08000b2c       0x24 ./Drivers/STM32F1xx_HAL_Driver/Src/stm32f1xx_hal.o
                0x08000b2c                HAL_IncTick
 .text.HAL_GetTick
                0x08000b50       0x14 ./Drivers/STM32F1xx_HAL_Driver/Src/stm32f1xx_hal.o
                0x08000b50                HAL_GetTick
 .text.HAL_CAN_Init
                0x08000b64      0x1f6 ./Drivers/STM32F1xx_HAL_Driver/Src/stm32f1xx_hal_can.o
                0x08000b64                HAL_CAN_Init
 .text.HAL_CAN_ConfigFilter
                0x08000d5a      0x192 ./Drivers/STM32F1xx_HAL_Driver/Src/stm32f1xx_hal_can.o
                0x08000d5a                HAL_CAN_ConfigFilter
 .text.HAL_CAN_Start
                0x08000eec       0x88 ./Drivers/STM32F1xx_HAL_Driver/Src/stm32f1xx_hal_can.o
                0x08000eec                HAL_CAN_Start
 .text.HAL_CAN_GetRxMessage
                0x08000f74      0x242 ./Drivers/STM32F1xx_HAL_Driver/Src/stm32f1xx_hal_can.o
                0x08000f74                HAL_CAN_GetRxMessage
 .text.HAL_CAN_ActivateNotification
                0x080011b6       0x4a ./Drivers/STM32F1xx_HAL_Driver/Src/stm32f1xx_hal_can.o
                0x080011b6                HAL_CAN_ActivateNotification
 .text.HAL_CAN_IRQHandler
                0x08001200      0x36e ./Drivers/STM32F1xx_HAL_Driver/Src/stm32f1xx_hal_can.o
                0x08001200                HAL_CAN_IRQHandler
 .text.HAL_CAN_TxMailbox0CompleteCallback
                0x0800156e       0x12 ./Drivers/STM32F1xx_HAL_Driver/Src/stm32f1xx_hal_can.o
                0x0800156e                HAL_CAN_TxMailbox0CompleteCallback
 .text.HAL_CAN_TxMailbox1CompleteCallback
                0x08001580       0x12 ./Drivers/STM32F1xx_HAL_Driver/Src/stm32f1xx_hal_can.o
                0x08001580                HAL_CAN_TxMailbox1CompleteCallback
 .text.HAL_CAN_TxMailbox2CompleteCallback
                0x08001592       0x12 ./Drivers/STM32F1xx_HAL_Driver/Src/stm32f1xx_hal_can.o
                0x08001592                HAL_CAN_TxMailbox2CompleteCallback
 .text.HAL_CAN_TxMailbox0AbortCallback
                0x080015a4       0x12 ./Drivers/STM32F1xx_HAL_Driver/Src/stm32f1xx_hal_can.o
                0x080015a4                HAL_CAN_TxMailbox0AbortCallback
 .text.HAL_CAN_TxMailbox1AbortCallback
                0x080015b6       0x12 ./Drivers/STM32F1xx_HAL_Driver/Src/stm32f1xx_hal_can.o
                0x080015b6                HAL_CAN_TxMailbox1AbortCallback
 .text.HAL_CAN_TxMailbox2AbortCallback
                0x080015c8       0x12 ./Drivers/STM32F1xx_HAL_Driver/Src/stm32f1xx_hal_can.o
                0x080015c8                HAL_CAN_TxMailbox2AbortCallback
 .text.HAL_CAN_RxFifo0FullCallback
                0x080015da       0x12 ./Drivers/STM32F1xx_HAL_Driver/Src/stm32f1xx_hal_can.o
                0x080015da                HAL_CAN_RxFifo0FullCallback
 .text.HAL_CAN_RxFifo1MsgPendingCallback
                0x080015ec       0x12 ./Drivers/STM32F1xx_HAL_Driver/Src/stm32f1xx_hal_can.o
                0x080015ec                HAL_CAN_RxFifo1MsgPendingCallback
 .text.HAL_CAN_RxFifo1FullCallback
                0x080015fe       0x12 ./Drivers/STM32F1xx_HAL_Driver/Src/stm32f1xx_hal_can.o
                0x080015fe                HAL_CAN_RxFifo1FullCallback
 .text.HAL_CAN_SleepCallback
                0x08001610       0x12 ./Drivers/STM32F1xx_HAL_Driver/Src/stm32f1xx_hal_can.o
                0x08001610                HAL_CAN_SleepCallback
 .text.HAL_CAN_WakeUpFromRxMsgCallback
                0x08001622       0x12 ./Drivers/STM32F1xx_HAL_Driver/Src/stm32f1xx_hal_can.o
                0x08001622                HAL_CAN_WakeUpFromRxMsgCallback
 .text.HAL_CAN_ErrorCallback
                0x08001634       0x12 ./Drivers/STM32F1xx_HAL_Driver/Src/stm32f1xx_hal_can.o
                0x08001634                HAL_CAN_ErrorCallback
 *fill*         0x08001646        0x2 
 .text.__NVIC_SetPriorityGrouping
                0x08001648       0x48 ./Drivers/STM32F1xx_HAL_Driver/Src/stm32f1xx_hal_cortex.o
 .text.__NVIC_GetPriorityGrouping
                0x08001690       0x1c ./Drivers/STM32F1xx_HAL_Driver/Src/stm32f1xx_hal_cortex.o
 .text.__NVIC_EnableIRQ
                0x080016ac       0x38 ./Drivers/STM32F1xx_HAL_Driver/Src/stm32f1xx_hal_cortex.o
 .text.__NVIC_SetPriority
                0x080016e4       0x54 ./Drivers/STM32F1xx_HAL_Driver/Src/stm32f1xx_hal_cortex.o
 .text.NVIC_EncodePriority
                0x08001738       0x64 ./Drivers/STM32F1xx_HAL_Driver/Src/stm32f1xx_hal_cortex.o
 .text.SysTick_Config
                0x0800179c       0x44 ./Drivers/STM32F1xx_HAL_Driver/Src/stm32f1xx_hal_cortex.o
 .text.HAL_NVIC_SetPriorityGrouping
                0x080017e0       0x16 ./Drivers/STM32F1xx_HAL_Driver/Src/stm32f1xx_hal_cortex.o
                0x080017e0                HAL_NVIC_SetPriorityGrouping
 .text.HAL_NVIC_SetPriority
                0x080017f6       0x38 ./Drivers/STM32F1xx_HAL_Driver/Src/stm32f1xx_hal_cortex.o
                0x080017f6                HAL_NVIC_SetPriority
 .text.HAL_NVIC_EnableIRQ
                0x0800182e       0x1c ./Drivers/STM32F1xx_HAL_Driver/Src/stm32f1xx_hal_cortex.o
                0x0800182e                HAL_NVIC_EnableIRQ
 .text.HAL_SYSTICK_Config
                0x0800184a       0x18 ./Drivers/STM32F1xx_HAL_Driver/Src/stm32f1xx_hal_cortex.o
                0x0800184a                HAL_SYSTICK_Config
 *fill*         0x08001862        0x2 
 .text.HAL_GPIO_Init
                0x08001864      0x308 ./Drivers/STM32F1xx_HAL_Driver/Src/stm32f1xx_hal_gpio.o
                0x08001864                HAL_GPIO_Init
 .text.HAL_GPIO_WritePin
                0x08001b6c       0x30 ./Drivers/STM32F1xx_HAL_Driver/Src/stm32f1xx_hal_gpio.o
                0x08001b6c                HAL_GPIO_WritePin
 .text.HAL_GPIO_TogglePin
                0x08001b9c       0x32 ./Drivers/STM32F1xx_HAL_Driver/Src/stm32f1xx_hal_gpio.o
                0x08001b9c                HAL_GPIO_TogglePin
 *fill*         0x08001bce        0x2 
 .text.HAL_RCC_OscConfig
                0x08001bd0      0x504 ./Drivers/STM32F1xx_HAL_Driver/Src/stm32f1xx_hal_rcc.o
                0x08001bd0                HAL_RCC_OscConfig
 .text.HAL_RCC_ClockConfig
                0x080020d4      0x1d4 ./Drivers/STM32F1xx_HAL_Driver/Src/stm32f1xx_hal_rcc.o
                0x080020d4                HAL_RCC_ClockConfig
 .text.HAL_RCC_GetSysClockFreq
                0x080022a8       0xa8 ./Drivers/STM32F1xx_HAL_Driver/Src/stm32f1xx_hal_rcc.o
                0x080022a8                HAL_RCC_GetSysClockFreq
 .text.HAL_RCC_GetHCLKFreq
                0x08002350       0x14 ./Drivers/STM32F1xx_HAL_Driver/Src/stm32f1xx_hal_rcc.o
                0x08002350                HAL_RCC_GetHCLKFreq
 .text.HAL_RCC_GetPCLK1Freq
                0x08002364       0x28 ./Drivers/STM32F1xx_HAL_Driver/Src/stm32f1xx_hal_rcc.o
                0x08002364                HAL_RCC_GetPCLK1Freq
 .text.HAL_RCC_GetPCLK2Freq
                0x0800238c       0x28 ./Drivers/STM32F1xx_HAL_Driver/Src/stm32f1xx_hal_rcc.o
                0x0800238c                HAL_RCC_GetPCLK2Freq
 .text.RCC_Delay
                0x080023b4       0x3c ./Drivers/STM32F1xx_HAL_Driver/Src/stm32f1xx_hal_rcc.o
 .text.HAL_TIM_Base_Init
                0x080023f0       0x9e ./Drivers/STM32F1xx_HAL_Driver/Src/stm32f1xx_hal_tim.o
                0x080023f0                HAL_TIM_Base_Init
 .text.HAL_TIM_PWM_Init
                0x0800248e       0x9e ./Drivers/STM32F1xx_HAL_Driver/Src/stm32f1xx_hal_tim.o
                0x0800248e                HAL_TIM_PWM_Init
 .text.HAL_TIM_PWM_MspInit
                0x0800252c       0x12 ./Drivers/STM32F1xx_HAL_Driver/Src/stm32f1xx_hal_tim.o
                0x0800252c                HAL_TIM_PWM_MspInit
 *fill*         0x0800253e        0x2 
 .text.HAL_TIM_PWM_ConfigChannel
                0x08002540      0x184 ./Drivers/STM32F1xx_HAL_Driver/Src/stm32f1xx_hal_tim.o
                0x08002540                HAL_TIM_PWM_ConfigChannel
 .text.HAL_TIM_ConfigClockSource
                0x080026c4      0x18e ./Drivers/STM32F1xx_HAL_Driver/Src/stm32f1xx_hal_tim.o
                0x080026c4                HAL_TIM_ConfigClockSource
 *fill*         0x08002852        0x2 
 .text.TIM_Base_SetConfig
                0x08002854       0xdc ./Drivers/STM32F1xx_HAL_Driver/Src/stm32f1xx_hal_tim.o
                0x08002854                TIM_Base_SetConfig
 .text.TIM_OC1_SetConfig
                0x08002930       0xcc ./Drivers/STM32F1xx_HAL_Driver/Src/stm32f1xx_hal_tim.o
 .text.TIM_OC2_SetConfig
                0x080029fc       0xd4 ./Drivers/STM32F1xx_HAL_Driver/Src/stm32f1xx_hal_tim.o
                0x080029fc                TIM_OC2_SetConfig
 .text.TIM_OC3_SetConfig
                0x08002ad0       0xd4 ./Drivers/STM32F1xx_HAL_Driver/Src/stm32f1xx_hal_tim.o
 .text.TIM_OC4_SetConfig
                0x08002ba4       0x9c ./Drivers/STM32F1xx_HAL_Driver/Src/stm32f1xx_hal_tim.o
 .text.TIM_TI1_ConfigInputStage
                0x08002c40       0x5c ./Drivers/STM32F1xx_HAL_Driver/Src/stm32f1xx_hal_tim.o
 .text.TIM_TI2_ConfigInputStage
                0x08002c9c       0x5e ./Drivers/STM32F1xx_HAL_Driver/Src/stm32f1xx_hal_tim.o
 .text.TIM_ITRx_SetConfig
                0x08002cfa       0x34 ./Drivers/STM32F1xx_HAL_Driver/Src/stm32f1xx_hal_tim.o
 .text.TIM_ETR_SetConfig
                0x08002d2e       0x3e ./Drivers/STM32F1xx_HAL_Driver/Src/stm32f1xx_hal_tim.o
                0x08002d2e                TIM_ETR_SetConfig
 .text.HAL_TIMEx_MasterConfigSynchronization
                0x08002d6c       0xbc ./Drivers/STM32F1xx_HAL_Driver/Src/stm32f1xx_hal_tim_ex.o
                0x08002d6c                HAL_TIMEx_MasterConfigSynchronization
 .text.HAL_UART_Init
                0x08002e28       0xa0 ./Drivers/STM32F1xx_HAL_Driver/Src/stm32f1xx_hal_uart.o
                0x08002e28                HAL_UART_Init
 .text.HAL_UART_Transmit
                0x08002ec8      0x116 ./Drivers/STM32F1xx_HAL_Driver/Src/stm32f1xx_hal_uart.o
                0x08002ec8                HAL_UART_Transmit
 .text.UART_WaitOnFlagUntilTimeout
                0x08002fde       0xb2 ./Drivers/STM32F1xx_HAL_Driver/Src/stm32f1xx_hal_uart.o
 .text.UART_EndRxTransfer
                0x08003090       0xc4 ./Drivers/STM32F1xx_HAL_Driver/Src/stm32f1xx_hal_uart.o
 .text.UART_SetConfig
                0x08003154      0x11c ./Drivers/STM32F1xx_HAL_Driver/Src/stm32f1xx_hal_uart.o
 .text.thaco_equipment_actuator_ArrayCommand_decode
                0x08003270       0x1c ./Middleware/dronecan/dronecan.o
 .text.uavcan_protocol_NodeStatus_decode
                0x0800328c       0x1c ./Middleware/dronecan/dronecan.o
 .text.should_accept_transfer
                0x080032a8       0x80 ./Middleware/dronecan/dronecan.o
 .text.handle_node_status
                0x08003328       0xac ./Middleware/dronecan/dronecan.o
 .text.handle_array_command
                0x080033d4      0x13c ./Middleware/dronecan/dronecan.o
 .text.on_transfer_reception
                0x08003510       0x4a ./Middleware/dronecan/dronecan.o
 *fill*         0x0800355a        0x2 
 .text.dronecan_init
                0x0800355c       0x8c ./Middleware/dronecan/dronecan.o
                0x0800355c                dronecan_init
 .text.dronecan_process_rx_frame
                0x080035e8      0x104 ./Middleware/dronecan/dronecan.o
                0x080035e8                dronecan_process_rx_frame
 .text.dronecan_cleanup_stale_transfers
                0x080036ec       0x20 ./Middleware/dronecan/dronecan.o
                0x080036ec                dronecan_cleanup_stale_transfers
 .text.__thaco_equipment_actuator_Command_decode
                0x0800370c       0x76 ./Middleware/dronecan/dsdl_generated/src/thaco.equipment.actuator.ArrayCommand.o
 .text.__thaco_equipment_actuator_ArrayCommand_decode
                0x08003782      0x100 ./Middleware/dronecan/dsdl_generated/src/thaco.equipment.actuator.ArrayCommand.o
 .text._thaco_equipment_actuator_ArrayCommand_decode
                0x08003882       0x48 ./Middleware/dronecan/dsdl_generated/src/thaco.equipment.actuator.ArrayCommand.o
                0x08003882                _thaco_equipment_actuator_ArrayCommand_decode
 .text.__uavcan_protocol_NodeStatus_decode
                0x080038ca       0xb0 ./Middleware/dronecan/dsdl_generated/src/uavcan.protocol.NodeStatus.o
 .text._uavcan_protocol_NodeStatus_decode
                0x0800397a       0x48 ./Middleware/dronecan/dsdl_generated/src/uavcan.protocol.NodeStatus.o
                0x0800397a                _uavcan_protocol_NodeStatus_decode
 .text.rtos_init
                0x080039c2       0x1c ./RTOS/rtos.o
                0x080039c2                rtos_init
 .text.vApplicationStackOverflowHook
                0x080039de       0x16 ./RTOS/rtos.o
                0x080039de                vApplicationStackOverflowHook
 .text.vApplicationMallocFailedHook
                0x080039f4        0xc ./RTOS/rtos.o
                0x080039f4                vApplicationMallocFailedHook
 .text.configure_message_filter
                0x08003a00       0x68 ./RTOS/tasks/can_task.o
 .text.can_start
                0x08003a68       0x68 ./RTOS/tasks/can_task.o
 .text.console_write
                0x08003ad0       0x3c ./RTOS/tasks/can_task.o
 .text.ticks_until_period
                0x08003b0c       0x30 ./RTOS/tasks/can_task.o
 .text.append_text
                0x08003b3c       0x3c ./RTOS/tasks/can_task.o
 .text.append_hex
                0x08003b78       0x58 ./RTOS/tasks/can_task.o
 .text.append_uint32
                0x08003bd0       0x8c ./RTOS/tasks/can_task.o
 .text.node_health_text
                0x08003c5c       0x58 ./RTOS/tasks/can_task.o
 .text.node_mode_text
                0x08003cb4       0x70 ./RTOS/tasks/can_task.o
 .text.dronecan_time_usec
                0x08003d24       0xdc ./RTOS/tasks/can_task.o
 .text.node_status_received
                0x08003e00      0x264 ./RTOS/tasks/can_task.o
 .text.array_command_received
                0x08004064      0x2a4 ./RTOS/tasks/can_task.o
 .text.test_console_task
                0x08004308       0xd4 ./RTOS/tasks/can_task.o
 .text.can_tasks_init
                0x080043dc       0x94 ./RTOS/tasks/can_task.o
                0x080043dc                can_tasks_init
 .text.HAL_CAN_RxFifo0MsgPendingCallback
                0x08004470       0xf0 ./RTOS/tasks/can_task.o
                0x08004470                HAL_CAN_RxFifo0MsgPendingCallback
 .text.vListInitialise
                0x08004560       0x3e ./ThirdParty/FreeRTOS-Kernel/list.o
                0x08004560                vListInitialise
 .text.vListInitialiseItem
                0x0800459e       0x18 ./ThirdParty/FreeRTOS-Kernel/list.o
                0x0800459e                vListInitialiseItem
 .text.vListInsert
                0x080045b6       0x70 ./ThirdParty/FreeRTOS-Kernel/list.o
                0x080045b6                vListInsert
 .text.uxListRemove
                0x08004626       0x52 ./ThirdParty/FreeRTOS-Kernel/list.o
                0x08004626                uxListRemove
 .text.xQueueGenericReset
                0x08004678      0x124 ./ThirdParty/FreeRTOS-Kernel/queue.o
                0x08004678                xQueueGenericReset
 .text.xQueueGenericCreate
                0x0800479c       0x9e ./ThirdParty/FreeRTOS-Kernel/queue.o
                0x0800479c                xQueueGenericCreate
 .text.prvInitialiseNewQueue
                0x0800483a       0x3e ./ThirdParty/FreeRTOS-Kernel/queue.o
 .text.xQueueGenericSendFromISR
                0x08004878      0x15a ./ThirdParty/FreeRTOS-Kernel/queue.o
                0x08004878                xQueueGenericSendFromISR
 *fill*         0x080049d2        0x2 
 .text.xQueueReceive
                0x080049d4      0x1c4 ./ThirdParty/FreeRTOS-Kernel/queue.o
                0x080049d4                xQueueReceive
 .text.vQueueDelete
                0x08004b98       0x78 ./ThirdParty/FreeRTOS-Kernel/queue.o
                0x08004b98                vQueueDelete
 .text.prvCopyDataToQueue
                0x08004c10       0xd4 ./ThirdParty/FreeRTOS-Kernel/queue.o
 .text.prvCopyDataFromQueue
                0x08004ce4       0x4c ./ThirdParty/FreeRTOS-Kernel/queue.o
 .text.prvUnlockQueue
                0x08004d30       0xa4 ./ThirdParty/FreeRTOS-Kernel/queue.o
 .text.prvIsQueueEmpty
                0x08004dd4       0x2c ./ThirdParty/FreeRTOS-Kernel/queue.o
 .text.vQueueWaitForMessageRestricted
                0x08004e00       0x68 ./ThirdParty/FreeRTOS-Kernel/queue.o
                0x08004e00                vQueueWaitForMessageRestricted
 .text.prvCreateTask
                0x08004e68       0x78 ./ThirdParty/FreeRTOS-Kernel/tasks.o
 .text.xTaskCreate
                0x08004ee0       0x46 ./ThirdParty/FreeRTOS-Kernel/tasks.o
                0x08004ee0                xTaskCreate
 .text.prvInitialiseNewTask
                0x08004f26      0x14a ./ThirdParty/FreeRTOS-Kernel/tasks.o
 .text.prvAddNewTaskToReadyList
                0x08005070      0x128 ./ThirdParty/FreeRTOS-Kernel/tasks.o
 .text.prvCreateIdleTasks
                0x08005198       0xac ./ThirdParty/FreeRTOS-Kernel/tasks.o
 .text.vTaskStartScheduler
                0x08005244       0x88 ./ThirdParty/FreeRTOS-Kernel/tasks.o
                0x08005244                vTaskStartScheduler
 .text.vTaskSuspendAll
                0x080052cc       0x1c ./ThirdParty/FreeRTOS-Kernel/tasks.o
                0x080052cc                vTaskSuspendAll
 .text.xTaskResumeAll
                0x080052e8      0x210 ./ThirdParty/FreeRTOS-Kernel/tasks.o
                0x080052e8                xTaskResumeAll
 .text.xTaskGetTickCount
                0x080054f8       0x1c ./ThirdParty/FreeRTOS-Kernel/tasks.o
                0x080054f8                xTaskGetTickCount
 .text.uxTaskGetNumberOfTasks
                0x08005514       0x14 ./ThirdParty/FreeRTOS-Kernel/tasks.o
                0x08005514                uxTaskGetNumberOfTasks
 .text.xTaskIncrementTick
                0x08005528      0x234 ./ThirdParty/FreeRTOS-Kernel/tasks.o
                0x08005528                xTaskIncrementTick
 .text.vTaskSwitchContext
                0x0800575c      0x118 ./ThirdParty/FreeRTOS-Kernel/tasks.o
                0x0800575c                vTaskSwitchContext
 .text.vTaskPlaceOnEventList
                0x08005874       0x4c ./ThirdParty/FreeRTOS-Kernel/tasks.o
                0x08005874                vTaskPlaceOnEventList
 .text.vTaskPlaceOnEventListRestricted
                0x080058c0       0x8c ./ThirdParty/FreeRTOS-Kernel/tasks.o
                0x080058c0                vTaskPlaceOnEventListRestricted
 .text.xTaskRemoveFromEventList
                0x0800594c      0x1b0 ./ThirdParty/FreeRTOS-Kernel/tasks.o
                0x0800594c                xTaskRemoveFromEventList
 .text.vTaskInternalSetTimeOutState
                0x08005afc       0x2c ./ThirdParty/FreeRTOS-Kernel/tasks.o
                0x08005afc                vTaskInternalSetTimeOutState
 .text.xTaskCheckForTimeOut
                0x08005b28       0xd0 ./ThirdParty/FreeRTOS-Kernel/tasks.o
                0x08005b28                xTaskCheckForTimeOut
 .text.vTaskMissedYield
                0x08005bf8       0x18 ./ThirdParty/FreeRTOS-Kernel/tasks.o
                0x08005bf8                vTaskMissedYield
 .text.prvIdleTask
                0x08005c10       0x30 ./ThirdParty/FreeRTOS-Kernel/tasks.o
 .text.prvInitialiseTaskLists
                0x08005c40       0x80 ./ThirdParty/FreeRTOS-Kernel/tasks.o
 .text.prvCheckTasksWaitingTermination
                0x08005cc0       0x5c ./ThirdParty/FreeRTOS-Kernel/tasks.o
 .text.prvDeleteTCB
                0x08005d1c       0x20 ./ThirdParty/FreeRTOS-Kernel/tasks.o
 .text.prvResetNextTaskUnblockTime
                0x08005d3c       0x34 ./ThirdParty/FreeRTOS-Kernel/tasks.o
 .text.xTaskGetSchedulerState
                0x08005d70       0x3c ./ThirdParty/FreeRTOS-Kernel/tasks.o
                0x08005d70                xTaskGetSchedulerState
 .text.xTaskPriorityDisinherit
                0x08005dac      0x150 ./ThirdParty/FreeRTOS-Kernel/tasks.o
                0x08005dac                xTaskPriorityDisinherit
 .text.prvAddCurrentTaskToDelayedList
                0x08005efc      0x104 ./ThirdParty/FreeRTOS-Kernel/tasks.o
 .text.xTimerCreateTimerTask
                0x08006000       0x64 ./ThirdParty/FreeRTOS-Kernel/timers.o
                0x08006000                xTimerCreateTimerTask
 .text.prvReloadTimer
                0x08006064       0x42 ./ThirdParty/FreeRTOS-Kernel/timers.o
 *fill*         0x080060a6        0x2 
 .text.prvProcessExpiredTimer
                0x080060a8       0x60 ./ThirdParty/FreeRTOS-Kernel/timers.o
 .text.prvTimerTask
                0x08006108       0x26 ./ThirdParty/FreeRTOS-Kernel/timers.o
 *fill*         0x0800612e        0x2 
 .text.prvProcessTimerOrBlockTask
                0x08006130       0x9c ./ThirdParty/FreeRTOS-Kernel/timers.o
 .text.prvGetNextExpireTime
                0x080061cc       0x44 ./ThirdParty/FreeRTOS-Kernel/timers.o
 .text.prvSampleTimeNow
                0x08006210       0x40 ./ThirdParty/FreeRTOS-Kernel/timers.o
 .text.prvInsertTimerInActiveList
                0x08006250       0x84 ./ThirdParty/FreeRTOS-Kernel/timers.o
 .text.prvProcessReceivedCommands
                0x080062d4      0x198 ./ThirdParty/FreeRTOS-Kernel/timers.o
 .text.prvSwitchTimerLists
                0x0800646c       0x4c ./ThirdParty/FreeRTOS-Kernel/timers.o
 .text.prvCheckForValidListAndQueue
                0x080064b8       0x54 ./ThirdParty/FreeRTOS-Kernel/timers.o
 .text.pxPortInitialiseStack
                0x0800650c       0x58 ./ThirdParty/FreeRTOS-Kernel/portable/GCC/ARM_CM3/port.o
                0x0800650c                pxPortInitialiseStack
 .text.prvTaskExitError
                0x08006564       0x58 ./ThirdParty/FreeRTOS-Kernel/portable/GCC/ARM_CM3/port.o
 .text.SVC_Handler
                0x080065bc       0x28 ./ThirdParty/FreeRTOS-Kernel/portable/GCC/ARM_CM3/port.o
                0x080065bc                SVC_Handler
 .text.prvPortStartFirstTask
                0x080065e4       0x24 ./ThirdParty/FreeRTOS-Kernel/portable/GCC/ARM_CM3/port.o
 .text.xPortStartScheduler
                0x08006608      0x17c ./ThirdParty/FreeRTOS-Kernel/portable/GCC/ARM_CM3/port.o
                0x08006608                xPortStartScheduler
 .text.vPortEnterCritical
                0x08006784       0x60 ./ThirdParty/FreeRTOS-Kernel/portable/GCC/ARM_CM3/port.o
                0x08006784                vPortEnterCritical
 .text.vPortExitCritical
                0x080067e4       0x54 ./ThirdParty/FreeRTOS-Kernel/portable/GCC/ARM_CM3/port.o
                0x080067e4                vPortExitCritical
 .text.PendSV_Handler
                0x08006838       0x48 ./ThirdParty/FreeRTOS-Kernel/portable/GCC/ARM_CM3/port.o
                0x08006838                PendSV_Handler
 .text.xPortSysTickHandler
                0x08006880       0x44 ./ThirdParty/FreeRTOS-Kernel/portable/GCC/ARM_CM3/port.o
                0x08006880                xPortSysTickHandler
 .text.vPortSetupTimerInterrupt
                0x080068c4       0x34 ./ThirdParty/FreeRTOS-Kernel/portable/GCC/ARM_CM3/port.o
                0x080068c4                vPortSetupTimerInterrupt
 .text.vPortValidateInterruptPriority
                0x080068f8       0x80 ./ThirdParty/FreeRTOS-Kernel/portable/GCC/ARM_CM3/port.o
                0x080068f8                vPortValidateInterruptPriority
 .text.pvPortMalloc
                0x08006978      0x278 ./ThirdParty/FreeRTOS-Kernel/portable/MemMang/heap_4.o
                0x08006978                pvPortMalloc
 .text.vPortFree
                0x08006bf0       0xec ./ThirdParty/FreeRTOS-Kernel/portable/MemMang/heap_4.o
                0x08006bf0                vPortFree
 .text.prvHeapInit
                0x08006cdc       0xb4 ./ThirdParty/FreeRTOS-Kernel/portable/MemMang/heap_4.o
 .text.prvInsertBlockIntoFreeList
                0x08006d90       0xf4 ./ThirdParty/FreeRTOS-Kernel/portable/MemMang/heap_4.o
 .text.canardInit
                0x08006e84       0x68 ./ThirdParty/libcanard/canard.o
                0x08006e84                canardInit
 .text.canardGetLocalNodeID
                0x08006eec       0x16 ./ThirdParty/libcanard/canard.o
                0x08006eec                canardGetLocalNodeID
 .text.canardBufferFromIdx
                0x08006f02       0x16 ./ThirdParty/libcanard/canard.o
 .text.canardBufferToIdx
                0x08006f18       0x16 ./ThirdParty/libcanard/canard.o
 .text.canardRxFromIdx
                0x08006f2e       0x16 ./ThirdParty/libcanard/canard.o
 .text.canardRxToIdx
                0x08006f44       0x16 ./ThirdParty/libcanard/canard.o
 *fill*         0x08006f5a        0x2 
 .text.canardHandleRxFrame
                0x08006f5c      0x75c ./ThirdParty/libcanard/canard.o
                0x08006f5c                canardHandleRxFrame
 .text.canardCleanupStaleTransfers
                0x080076b8       0xd8 ./ThirdParty/libcanard/canard.o
                0x080076b8                canardCleanupStaleTransfers
 .text.canardDecodeScalar
                0x08007790      0x312 ./ThirdParty/libcanard/canard.o
                0x08007790                canardDecodeScalar
 .text.canardReleaseRxTransferPayload
                0x08007aa2       0x54 ./ThirdParty/libcanard/canard.o
                0x08007aa2                canardReleaseRxTransferPayload
 .text.computeTransferIDForwardDistance
                0x08007af6       0x3c ./ThirdParty/libcanard/canard.o
 .text.prepareForNextTransfer
                0x08007b32       0x42 ./ThirdParty/libcanard/canard.o
 .text.extractDataType
                0x08007b74       0x40 ./ThirdParty/libcanard/canard.o
                0x08007b74                extractDataType
 .text.extractTransferType
                0x08007bb4       0x46 ./ThirdParty/libcanard/canard.o
                0x08007bb4                extractTransferType
 .text.traverseRxStates
                0x08007bfa       0x5e ./ThirdParty/libcanard/canard.o
 .text.findRxState
                0x08007c58       0x44 ./ThirdParty/libcanard/canard.o
 .text.prependRxState
                0x08007c9c       0x4a ./ThirdParty/libcanard/canard.o
 .text.createRxState
                0x08007ce6       0x46 ./ThirdParty/libcanard/canard.o
 .text.releaseStatePayload
                0x08007d2c       0x68 ./ThirdParty/libcanard/canard.o
 .text.bufferBlockPushBytes
                0x08007d94      0x1f8 ./ThirdParty/libcanard/canard.o
 .text.createBufferBlock
                0x08007f8c       0x2a ./ThirdParty/libcanard/canard.o
 .text.copyBitArray
                0x08007fb6       0xec ./ThirdParty/libcanard/canard.o
 .text.descatterTransferPayload
                0x080080a2      0x1ea ./ThirdParty/libcanard/canard.o
 .text.isBigEndian
                0x0800828c       0x20 ./ThirdParty/libcanard/canard.o
 .text.swapByteOrder
                0x080082ac       0x5e ./ThirdParty/libcanard/canard.o
 .text.crcAddByte
                0x0800830a       0x5c ./ThirdParty/libcanard/canard.o
 .text.crcAddSignature
                0x08008366       0x5e ./ThirdParty/libcanard/canard.o
 .text.crcAdd   0x080083c4       0x3a ./ThirdParty/libcanard/canard.o
 .text.initPoolAllocator
                0x080083fe       0x6c ./ThirdParty/libcanard/canard.o
 .text.allocateBlock
                0x0800846a       0x50 ./ThirdParty/libcanard/canard.o
 .text.freeBlock
                0x080084ba       0x32 ./ThirdParty/libcanard/canard.o
 .text.memset   0x080084ec       0x10 C:/ST/STM32CubeIDE_2.1.0/STM32CubeIDE/plugins/com.st.stm32cube.ide.mcu.externaltools.gnu-tools-for-stm32.14.3.rel1.win32_1.0.100.202602081740/tools/bin/../lib/gcc/arm-none-eabi/14.3.1/../../../../arm-none-eabi/lib/thumb/v7-m/nofp\libc_nano.a(libc_a-memset.o)
                0x080084ec                memset
 .text.__libc_init_array
                0x080084fc       0x48 C:/ST/STM32CubeIDE_2.1.0/STM32CubeIDE/plugins/com.st.stm32cube.ide.mcu.externaltools.gnu-tools-for-stm32.14.3.rel1.win32_1.0.100.202602081740/tools/bin/../lib/gcc/arm-none-eabi/14.3.1/../../../../arm-none-eabi/lib/thumb/v7-m/nofp\libc_nano.a(libc_a-init.o)
                0x080084fc                __libc_init_array
 .text.memcpy   0x08008544       0x1c C:/ST/STM32CubeIDE_2.1.0/STM32CubeIDE/plugins/com.st.stm32cube.ide.mcu.externaltools.gnu-tools-for-stm32.14.3.rel1.win32_1.0.100.202602081740/tools/bin/../lib/gcc/arm-none-eabi/14.3.1/../../../../arm-none-eabi/lib/thumb/v7-m/nofp\libc_nano.a(libc_a-memcpy-stub.o)
                0x08008544                memcpy
 *(.glue_7)
 .glue_7        0x08008560        0x0 linker stubs
 *(.glue_7t)
 .glue_7t       0x08008560        0x0 linker stubs
 *(.eh_frame)
 .eh_frame      0x08008560        0x0 C:/ST/STM32CubeIDE_2.1.0/STM32CubeIDE/plugins/com.st.stm32cube.ide.mcu.externaltools.gnu-tools-for-stm32.14.3.rel1.win32_1.0.100.202602081740/tools/bin/../lib/gcc/arm-none-eabi/14.3.1/thumb/v7-m/nofp/crtbegin.o
 *(.init)
 .init          0x08008560        0x4 C:/ST/STM32CubeIDE_2.1.0/STM32CubeIDE/plugins/com.st.stm32cube.ide.mcu.externaltools.gnu-tools-for-stm32.14.3.rel1.win32_1.0.100.202602081740/tools/bin/../lib/gcc/arm-none-eabi/14.3.1/thumb/v7-m/nofp/crti.o
                0x08008560                _init
 .init          0x08008564        0x8 C:/ST/STM32CubeIDE_2.1.0/STM32CubeIDE/plugins/com.st.stm32cube.ide.mcu.externaltools.gnu-tools-for-stm32.14.3.rel1.win32_1.0.100.202602081740/tools/bin/../lib/gcc/arm-none-eabi/14.3.1/thumb/v7-m/nofp/crtn.o
 *(.fini)
 .fini          0x0800856c        0x4 C:/ST/STM32CubeIDE_2.1.0/STM32CubeIDE/plugins/com.st.stm32cube.ide.mcu.externaltools.gnu-tools-for-stm32.14.3.rel1.win32_1.0.100.202602081740/tools/bin/../lib/gcc/arm-none-eabi/14.3.1/thumb/v7-m/nofp/crti.o
                0x0800856c                _fini
 .fini          0x08008570        0x8 C:/ST/STM32CubeIDE_2.1.0/STM32CubeIDE/plugins/com.st.stm32cube.ide.mcu.externaltools.gnu-tools-for-stm32.14.3.rel1.win32_1.0.100.202602081740/tools/bin/../lib/gcc/arm-none-eabi/14.3.1/thumb/v7-m/nofp/crtn.o
                0x08008578                        . = ALIGN (0x4)
                0x08008578                        _etext = .

.vfp11_veneer   0x08008578        0x0
 .vfp11_veneer  0x08008578        0x0 linker stubs

.v4_bx          0x08008578        0x0
 .v4_bx         0x08008578        0x0 linker stubs

.iplt           0x08008578        0x0
 .iplt          0x08008578        0x0 C:/ST/STM32CubeIDE_2.1.0/STM32CubeIDE/plugins/com.st.stm32cube.ide.mcu.externaltools.gnu-tools-for-stm32.14.3.rel1.win32_1.0.100.202602081740/tools/bin/../lib/gcc/arm-none-eabi/14.3.1/thumb/v7-m/nofp/crtbegin.o

.rodata         0x08008578      0x194
                0x08008578                        . = ALIGN (0x4)
 *(.rodata)
 .rodata        0x08008578      0x13d ./RTOS/tasks/can_task.o
 *fill*         0x080086b5        0x3 
 .rodata        0x080086b8        0x5 ./ThirdParty/FreeRTOS-Kernel/tasks.o
 *fill*         0x080086bd        0x3 
 .rodata        0x080086c0        0x8 ./ThirdParty/FreeRTOS-Kernel/timers.o
 *(.rodata*)
 .rodata.AHBPrescTable
                0x080086c8       0x10 ./Core/Src/system_stm32f1xx.o
                0x080086c8                AHBPrescTable
 .rodata.APBPrescTable
                0x080086d8        0x8 ./Core/Src/system_stm32f1xx.o
                0x080086d8                APBPrescTable
 .rodata.aPLLMULFactorTable.1
                0x080086e0       0x10 ./Drivers/STM32F1xx_HAL_Driver/Src/stm32f1xx_hal_rcc.o
 .rodata.aPredivFactorTable.0
                0x080086f0        0x2 ./Drivers/STM32F1xx_HAL_Driver/Src/stm32f1xx_hal_rcc.o
 *fill*         0x080086f2        0x2 
 .rodata.hex_digits.2
                0x080086f4       0x11 ./RTOS/tasks/can_task.o
 *fill*         0x08008705        0x3 
 .rodata.uxTopUsedPriority
                0x08008708        0x4 ./ThirdParty/FreeRTOS-Kernel/tasks.o
                0x0800870c                        . = ALIGN (0x4)

.ARM.extab      0x0800870c        0x0
                0x0800870c                        . = ALIGN (0x4)
 *(.ARM.extab* .gnu.linkonce.armextab.*)
                0x0800870c                        . = ALIGN (0x4)

.ARM            0x0800870c        0x8
                0x0800870c                        . = ALIGN (0x4)
                0x0800870c                        __exidx_start = .
 *(.ARM.exidx*)
 .ARM.exidx     0x0800870c        0x8 C:/ST/STM32CubeIDE_2.1.0/STM32CubeIDE/plugins/com.st.stm32cube.ide.mcu.externaltools.gnu-tools-for-stm32.14.3.rel1.win32_1.0.100.202602081740/tools/bin/../lib/gcc/arm-none-eabi/14.3.1/thumb/v7-m/nofp\libgcc.a(_udivmoddi4.o)
                0x08008714                        __exidx_end = .
                0x08008714                        . = ALIGN (0x4)

.preinit_array  0x08008714        0x0
                0x08008714                        . = ALIGN (0x4)
                0x08008714                        PROVIDE (__preinit_array_start = .)
 *(.preinit_array*)
                0x08008714                        PROVIDE (__preinit_array_end = .)
                0x08008714                        . = ALIGN (0x4)

.init_array     0x08008714        0x4
                0x08008714                        . = ALIGN (0x4)
                0x08008714                        PROVIDE (__init_array_start = .)
 *(SORT_BY_NAME(.init_array.*))
 *(.init_array*)
 .init_array    0x08008714        0x4 C:/ST/STM32CubeIDE_2.1.0/STM32CubeIDE/plugins/com.st.stm32cube.ide.mcu.externaltools.gnu-tools-for-stm32.14.3.rel1.win32_1.0.100.202602081740/tools/bin/../lib/gcc/arm-none-eabi/14.3.1/thumb/v7-m/nofp/crtbegin.o
                0x08008718                        PROVIDE (__init_array_end = .)
                0x08008718                        . = ALIGN (0x4)

.fini_array     0x08008718        0x4
                0x08008718                        . = ALIGN (0x4)
                [!provide]                        PROVIDE (__fini_array_start = .)
 *(SORT_BY_NAME(.fini_array.*))
 *(.fini_array*)
 .fini_array    0x08008718        0x4 C:/ST/STM32CubeIDE_2.1.0/STM32CubeIDE/plugins/com.st.stm32cube.ide.mcu.externaltools.gnu-tools-for-stm32.14.3.rel1.win32_1.0.100.202602081740/tools/bin/../lib/gcc/arm-none-eabi/14.3.1/thumb/v7-m/nofp/crtbegin.o
                [!provide]                        PROVIDE (__fini_array_end = .)
                0x0800871c                        . = ALIGN (0x4)
                0x0800871c                        _sidata = LOADADDR (.data)

.rel.dyn        0x0800871c        0x0
 .rel.iplt      0x0800871c        0x0 C:/ST/STM32CubeIDE_2.1.0/STM32CubeIDE/plugins/com.st.stm32cube.ide.mcu.externaltools.gnu-tools-for-stm32.14.3.rel1.win32_1.0.100.202602081740/tools/bin/../lib/gcc/arm-none-eabi/14.3.1/thumb/v7-m/nofp/crtbegin.o

.data           0x20000000       0x10 load address 0x0800871c
                0x20000000                        . = ALIGN (0x4)
                0x20000000                        _sdata = .
 *(.data)
 *(.data*)
 .data.SystemCoreClock
                0x20000000        0x4 ./Core/Src/system_stm32f1xx.o
                0x20000000                SystemCoreClock
 .data.uwTickPrio
                0x20000004        0x4 ./Drivers/STM32F1xx_HAL_Driver/Src/stm32f1xx_hal.o
                0x20000004                uwTickPrio
 .data.uwTickFreq
                0x20000008        0x1 ./Drivers/STM32F1xx_HAL_Driver/Src/stm32f1xx_hal.o
                0x20000008                uwTickFreq
 *fill*         0x20000009        0x3 
 .data.uxCriticalNesting
                0x2000000c        0x4 ./ThirdParty/FreeRTOS-Kernel/portable/GCC/ARM_CM3/port.o
 *(.RamFunc)
 *(.RamFunc*)
                0x20000010                        . = ALIGN (0x4)
                0x20000010                        _edata = .

.igot.plt       0x20000010        0x0 load address 0x0800872c
 .igot.plt      0x20000010        0x0 C:/ST/STM32CubeIDE_2.1.0/STM32CubeIDE/plugins/com.st.stm32cube.ide.mcu.externaltools.gnu-tools-for-stm32.14.3.rel1.win32_1.0.100.202602081740/tools/bin/../lib/gcc/arm-none-eabi/14.3.1/thumb/v7-m/nofp/crtbegin.o
                0x20000010                        . = ALIGN (0x4)

.bss            0x20000010     0x23b4 load address 0x0800872c
                0x20000010                        _sbss = .
                0x20000010                        __bss_start__ = _sbss
 *(.bss)
 .bss           0x20000010       0x1c C:/ST/STM32CubeIDE_2.1.0/STM32CubeIDE/plugins/com.st.stm32cube.ide.mcu.externaltools.gnu-tools-for-stm32.14.3.rel1.win32_1.0.100.202602081740/tools/bin/../lib/gcc/arm-none-eabi/14.3.1/thumb/v7-m/nofp/crtbegin.o
 *(.bss*)
 .bss.hcan      0x2000002c       0x28 ./Core/Src/main.o
                0x2000002c                hcan
 .bss.htim2     0x20000054       0x48 ./Core/Src/main.o
                0x20000054                htim2
 .bss.huart2    0x2000009c       0x48 ./Core/Src/main.o
                0x2000009c                huart2
 .bss.uwTick    0x200000e4        0x4 ./Drivers/STM32F1xx_HAL_Driver/Src/stm32f1xx_hal.o
                0x200000e4                uwTick
 .bss.dronecan_rx_error_count
                0x200000e8        0x4 ./Middleware/dronecan/dronecan.o
                0x200000e8                dronecan_rx_error_count
 .bss.dronecan_node_status_decode_error_count
                0x200000ec        0x4 ./Middleware/dronecan/dronecan.o
                0x200000ec                dronecan_node_status_decode_error_count
 .bss.dronecan_node_status_received_count
                0x200000f0        0x4 ./Middleware/dronecan/dronecan.o
                0x200000f0                dronecan_node_status_received_count
 .bss.dronecan_array_command_decode_error_count
                0x200000f4        0x4 ./Middleware/dronecan/dronecan.o
                0x200000f4                dronecan_array_command_decode_error_count
 .bss.dronecan_array_command_received_count
                0x200000f8        0x4 ./Middleware/dronecan/dronecan.o
                0x200000f8                dronecan_array_command_received_count
 .bss.canard_instance
                0x200000fc       0x2c ./Middleware/dronecan/dronecan.o
 .bss.canard_memory_pool
                0x20000128      0x100 ./Middleware/dronecan/dronecan.o
 .bss.application_node_status_handler
                0x20000228        0x4 ./Middleware/dronecan/dronecan.o
 .bss.application_array_command_handler
                0x2000022c        0x4 ./Middleware/dronecan/dronecan.o
 .bss.application_user_reference
                0x20000230        0x4 ./Middleware/dronecan/dronecan.o
 .bss.can_rx_queue_drop_count
                0x20000234        0x4 ./RTOS/tasks/can_task.o
                0x20000234                can_rx_queue_drop_count
 .bss.can_rx_hal_error_count
                0x20000238        0x4 ./RTOS/tasks/can_task.o
                0x20000238                can_rx_hal_error_count
 .bss.can_rx_frame_count
                0x2000023c        0x4 ./RTOS/tasks/can_task.o
                0x2000023c                can_rx_frame_count
 .bss.can_console_uart_error_count
                0x20000240        0x4 ./RTOS/tasks/can_task.o
                0x20000240                can_console_uart_error_count
 .bss.can_instance
                0x20000244        0x4 ./RTOS/tasks/can_task.o
 .bss.can_test_queue
                0x20000248        0x4 ./RTOS/tasks/can_task.o
 .bss.console_uart_instance
                0x2000024c        0x4 ./RTOS/tasks/can_task.o
 .bss.previous_tick.1
                0x20000250        0x4 ./RTOS/tasks/can_task.o
 *fill*         0x20000254        0x4 
 .bss.accumulated_ticks.0
                0x20000258        0x8 ./RTOS/tasks/can_task.o
 .bss.pxCurrentTCB
                0x20000260        0x4 ./ThirdParty/FreeRTOS-Kernel/tasks.o
                0x20000260                pxCurrentTCB
 .bss.pxReadyTasksLists
                0x20000264       0x64 ./ThirdParty/FreeRTOS-Kernel/tasks.o
 .bss.xDelayedTaskList1
                0x200002c8       0x14 ./ThirdParty/FreeRTOS-Kernel/tasks.o
 .bss.xDelayedTaskList2
                0x200002dc       0x14 ./ThirdParty/FreeRTOS-Kernel/tasks.o
 .bss.pxDelayedTaskList
                0x200002f0        0x4 ./ThirdParty/FreeRTOS-Kernel/tasks.o
 .bss.pxOverflowDelayedTaskList
                0x200002f4        0x4 ./ThirdParty/FreeRTOS-Kernel/tasks.o
 .bss.xPendingReadyList
                0x200002f8       0x14 ./ThirdParty/FreeRTOS-Kernel/tasks.o
 .bss.xTasksWaitingTermination
                0x2000030c       0x14 ./ThirdParty/FreeRTOS-Kernel/tasks.o
 .bss.uxDeletedTasksWaitingCleanUp
                0x20000320        0x4 ./ThirdParty/FreeRTOS-Kernel/tasks.o
 .bss.xSuspendedTaskList
                0x20000324       0x14 ./ThirdParty/FreeRTOS-Kernel/tasks.o
 .bss.uxCurrentNumberOfTasks
                0x20000338        0x4 ./ThirdParty/FreeRTOS-Kernel/tasks.o
 .bss.xTickCount
                0x2000033c        0x4 ./ThirdParty/FreeRTOS-Kernel/tasks.o
 .bss.uxTopReadyPriority
                0x20000340        0x4 ./ThirdParty/FreeRTOS-Kernel/tasks.o
 .bss.xSchedulerRunning
                0x20000344        0x4 ./ThirdParty/FreeRTOS-Kernel/tasks.o
 .bss.xPendedTicks
                0x20000348        0x4 ./ThirdParty/FreeRTOS-Kernel/tasks.o
 .bss.xYieldPendings
                0x2000034c        0x4 ./ThirdParty/FreeRTOS-Kernel/tasks.o
 .bss.xNumOfOverflows
                0x20000350        0x4 ./ThirdParty/FreeRTOS-Kernel/tasks.o
 .bss.uxTaskNumber
                0x20000354        0x4 ./ThirdParty/FreeRTOS-Kernel/tasks.o
 .bss.xNextTaskUnblockTime
                0x20000358        0x4 ./ThirdParty/FreeRTOS-Kernel/tasks.o
 .bss.xIdleTaskHandles
                0x2000035c        0x4 ./ThirdParty/FreeRTOS-Kernel/tasks.o
 .bss.uxSchedulerSuspended
                0x20000360        0x4 ./ThirdParty/FreeRTOS-Kernel/tasks.o
 .bss.xActiveTimerList1
                0x20000364       0x14 ./ThirdParty/FreeRTOS-Kernel/timers.o
 .bss.xActiveTimerList2
                0x20000378       0x14 ./ThirdParty/FreeRTOS-Kernel/timers.o
 .bss.pxCurrentTimerList
                0x2000038c        0x4 ./ThirdParty/FreeRTOS-Kernel/timers.o
 .bss.pxOverflowTimerList
                0x20000390        0x4 ./ThirdParty/FreeRTOS-Kernel/timers.o
 .bss.xTimerQueue
                0x20000394        0x4 ./ThirdParty/FreeRTOS-Kernel/timers.o
 .bss.xTimerTaskHandle
                0x20000398        0x4 ./ThirdParty/FreeRTOS-Kernel/timers.o
 .bss.xLastTime.0
                0x2000039c        0x4 ./ThirdParty/FreeRTOS-Kernel/timers.o
 .bss.ucMaxSysCallPriority
                0x200003a0        0x1 ./ThirdParty/FreeRTOS-Kernel/portable/GCC/ARM_CM3/port.o
 *fill*         0x200003a1        0x3 
 .bss.ulMaxPRIGROUPValue
                0x200003a4        0x4 ./ThirdParty/FreeRTOS-Kernel/portable/GCC/ARM_CM3/port.o
 .bss.ucHeap    0x200003a8     0x2000 ./ThirdParty/FreeRTOS-Kernel/portable/MemMang/heap_4.o
 .bss.xStart    0x200023a8        0x8 ./ThirdParty/FreeRTOS-Kernel/portable/MemMang/heap_4.o
 .bss.pxEnd     0x200023b0        0x4 ./ThirdParty/FreeRTOS-Kernel/portable/MemMang/heap_4.o
 .bss.xFreeBytesRemaining
                0x200023b4        0x4 ./ThirdParty/FreeRTOS-Kernel/portable/MemMang/heap_4.o
 .bss.xMinimumEverFreeBytesRemaining
                0x200023b8        0x4 ./ThirdParty/FreeRTOS-Kernel/portable/MemMang/heap_4.o
 .bss.xNumberOfSuccessfulAllocations
                0x200023bc        0x4 ./ThirdParty/FreeRTOS-Kernel/portable/MemMang/heap_4.o
 .bss.xNumberOfSuccessfulFrees
                0x200023c0        0x4 ./ThirdParty/FreeRTOS-Kernel/portable/MemMang/heap_4.o
 *(COMMON)
                0x200023c4                        . = ALIGN (0x4)
                0x200023c4                        _ebss = .
                0x200023c4                        __bss_end__ = _ebss

._user_heap_stack
                0x200023c4      0x604 load address 0x0800872c
                0x200023c8                        . = ALIGN (0x8)
 *fill*         0x200023c4        0x4 
                [!provide]                        PROVIDE (end = .)
                0x200023c8                        PROVIDE (_end = .)
                0x200025c8                        . = (. + _Min_Heap_Size)
 *fill*         0x200023c8      0x200 
                0x200029c8                        . = (. + _Min_Stack_Size)
 *fill*         0x200025c8      0x400 
                0x200029c8                        . = ALIGN (0x8)

/DISCARD/
 libc.a(*)
 libm.a(*)
 libgcc.a(*)

.ARM.attributes
                0x00000000       0x29
 *(.ARM.attributes)
 .ARM.attributes
                0x00000000       0x1d C:/ST/STM32CubeIDE_2.1.0/STM32CubeIDE/plugins/com.st.stm32cube.ide.mcu.externaltools.gnu-tools-for-stm32.14.3.rel1.win32_1.0.100.202602081740/tools/bin/../lib/gcc/arm-none-eabi/14.3.1/thumb/v7-m/nofp/crti.o
 .ARM.attributes
                0x0000001d       0x2d C:/ST/STM32CubeIDE_2.1.0/STM32CubeIDE/plugins/com.st.stm32cube.ide.mcu.externaltools.gnu-tools-for-stm32.14.3.rel1.win32_1.0.100.202602081740/tools/bin/../lib/gcc/arm-none-eabi/14.3.1/thumb/v7-m/nofp/crtbegin.o
 .ARM.attributes
                0x0000004a       0x2d ./Core/Src/main.o
 .ARM.attributes
                0x00000077       0x2d ./Core/Src/stm32f1xx_hal_msp.o
 .ARM.attributes
                0x000000a4       0x2d ./Core/Src/stm32f1xx_it.o
 .ARM.attributes
                0x000000d1       0x2d ./Core/Src/system_stm32f1xx.o
 .ARM.attributes
                0x000000fe       0x21 ./Core/Startup/startup_stm32f103c8tx.o
 .ARM.attributes
                0x0000011f       0x2d ./Drivers/STM32F1xx_HAL_Driver/Src/stm32f1xx_hal.o
 .ARM.attributes
                0x0000014c       0x2d ./Drivers/STM32F1xx_HAL_Driver/Src/stm32f1xx_hal_can.o
 .ARM.attributes
                0x00000179       0x2d ./Drivers/STM32F1xx_HAL_Driver/Src/stm32f1xx_hal_cortex.o
 .ARM.attributes
                0x000001a6       0x2d ./Drivers/STM32F1xx_HAL_Driver/Src/stm32f1xx_hal_gpio.o
 .ARM.attributes
                0x000001d3       0x2d ./Drivers/STM32F1xx_HAL_Driver/Src/stm32f1xx_hal_rcc.o
 .ARM.attributes
                0x00000200       0x2d ./Drivers/STM32F1xx_HAL_Driver/Src/stm32f1xx_hal_tim.o
 .ARM.attributes
                0x0000022d       0x2d ./Drivers/STM32F1xx_HAL_Driver/Src/stm32f1xx_hal_tim_ex.o
 .ARM.attributes
                0x0000025a       0x2d ./Drivers/STM32F1xx_HAL_Driver/Src/stm32f1xx_hal_uart.o
 .ARM.attributes
                0x00000287       0x2d ./Middleware/dronecan/dronecan.o
 .ARM.attributes
                0x000002b4       0x2d ./Middleware/dronecan/dsdl_generated/src/thaco.equipment.actuator.ArrayCommand.o
 .ARM.attributes
                0x000002e1       0x2d ./Middleware/dronecan/dsdl_generated/src/uavcan.protocol.NodeStatus.o
 .ARM.attributes
                0x0000030e       0x2d ./RTOS/rtos.o
 .ARM.attributes
                0x0000033b       0x2d ./RTOS/tasks/can_task.o
 .ARM.attributes
                0x00000368       0x2d ./ThirdParty/FreeRTOS-Kernel/list.o
 .ARM.attributes
                0x00000395       0x2d ./ThirdParty/FreeRTOS-Kernel/queue.o
 .ARM.attributes
                0x000003c2       0x2d ./ThirdParty/FreeRTOS-Kernel/tasks.o
 .ARM.attributes
                0x000003ef       0x2d ./ThirdParty/FreeRTOS-Kernel/timers.o
 .ARM.attributes
                0x0000041c       0x2d ./ThirdParty/FreeRTOS-Kernel/portable/GCC/ARM_CM3/port.o
 .ARM.attributes
                0x00000449       0x2d ./ThirdParty/FreeRTOS-Kernel/portable/MemMang/heap_4.o
 .ARM.attributes
                0x00000476       0x2d ./ThirdParty/libcanard/canard.o
 .ARM.attributes
                0x000004a3       0x2d C:/ST/STM32CubeIDE_2.1.0/STM32CubeIDE/plugins/com.st.stm32cube.ide.mcu.externaltools.gnu-tools-for-stm32.14.3.rel1.win32_1.0.100.202602081740/tools/bin/../lib/gcc/arm-none-eabi/14.3.1/../../../../arm-none-eabi/lib/thumb/v7-m/nofp\libc_nano.a(libc_a-memset.o)
 .ARM.attributes
                0x000004d0       0x2d C:/ST/STM32CubeIDE_2.1.0/STM32CubeIDE/plugins/com.st.stm32cube.ide.mcu.externaltools.gnu-tools-for-stm32.14.3.rel1.win32_1.0.100.202602081740/tools/bin/../lib/gcc/arm-none-eabi/14.3.1/../../../../arm-none-eabi/lib/thumb/v7-m/nofp\libc_nano.a(libc_a-init.o)
 .ARM.attributes
                0x000004fd       0x2d C:/ST/STM32CubeIDE_2.1.0/STM32CubeIDE/plugins/com.st.stm32cube.ide.mcu.externaltools.gnu-tools-for-stm32.14.3.rel1.win32_1.0.100.202602081740/tools/bin/../lib/gcc/arm-none-eabi/14.3.1/../../../../arm-none-eabi/lib/thumb/v7-m/nofp\libc_nano.a(libc_a-memcpy-stub.o)
 .ARM.attributes
                0x0000052a       0x1d C:/ST/STM32CubeIDE_2.1.0/STM32CubeIDE/plugins/com.st.stm32cube.ide.mcu.externaltools.gnu-tools-for-stm32.14.3.rel1.win32_1.0.100.202602081740/tools/bin/../lib/gcc/arm-none-eabi/14.3.1/thumb/v7-m/nofp\libgcc.a(_aeabi_uldivmod.o)
 .ARM.attributes
                0x00000547       0x2d C:/ST/STM32CubeIDE_2.1.0/STM32CubeIDE/plugins/com.st.stm32cube.ide.mcu.externaltools.gnu-tools-for-stm32.14.3.rel1.win32_1.0.100.202602081740/tools/bin/../lib/gcc/arm-none-eabi/14.3.1/thumb/v7-m/nofp\libgcc.a(_udivmoddi4.o)
 .ARM.attributes
                0x00000574       0x1d C:/ST/STM32CubeIDE_2.1.0/STM32CubeIDE/plugins/com.st.stm32cube.ide.mcu.externaltools.gnu-tools-for-stm32.14.3.rel1.win32_1.0.100.202602081740/tools/bin/../lib/gcc/arm-none-eabi/14.3.1/thumb/v7-m/nofp\libgcc.a(_dvmd_tls.o)
 .ARM.attributes
                0x00000591       0x1d C:/ST/STM32CubeIDE_2.1.0/STM32CubeIDE/plugins/com.st.stm32cube.ide.mcu.externaltools.gnu-tools-for-stm32.14.3.rel1.win32_1.0.100.202602081740/tools/bin/../lib/gcc/arm-none-eabi/14.3.1/thumb/v7-m/nofp/crtn.o
OUTPUT(drone_actuator.elf elf32-littlearm)
LOAD linker stubs
LOAD C:/ST/STM32CubeIDE_2.1.0/STM32CubeIDE/plugins/com.st.stm32cube.ide.mcu.externaltools.gnu-tools-for-stm32.14.3.rel1.win32_1.0.100.202602081740/tools/bin/../lib/gcc/arm-none-eabi/14.3.1/../../../../arm-none-eabi/lib/thumb/v7-m/nofp\libc.a
LOAD C:/ST/STM32CubeIDE_2.1.0/STM32CubeIDE/plugins/com.st.stm32cube.ide.mcu.externaltools.gnu-tools-for-stm32.14.3.rel1.win32_1.0.100.202602081740/tools/bin/../lib/gcc/arm-none-eabi/14.3.1/../../../../arm-none-eabi/lib/thumb/v7-m/nofp\libm.a
LOAD C:/ST/STM32CubeIDE_2.1.0/STM32CubeIDE/plugins/com.st.stm32cube.ide.mcu.externaltools.gnu-tools-for-stm32.14.3.rel1.win32_1.0.100.202602081740/tools/bin/../lib/gcc/arm-none-eabi/14.3.1/thumb/v7-m/nofp\libgcc.a

.debug_info     0x00000000    0x1706b
 .debug_info    0x00000000     0x12da ./Core/Src/main.o
 .debug_info    0x000012da     0x11bd ./Core/Src/stm32f1xx_hal_msp.o
 .debug_info    0x00002497      0x509 ./Core/Src/stm32f1xx_it.o
 .debug_info    0x000029a0      0x222 ./Core/Src/system_stm32f1xx.o
 .debug_info    0x00002bc2       0x30 ./Core/Startup/startup_stm32f103c8tx.o
 .debug_info    0x00002bf2      0x704 ./Drivers/STM32F1xx_HAL_Driver/Src/stm32f1xx_hal.o
 .debug_info    0x000032f6      0xf13 ./Drivers/STM32F1xx_HAL_Driver/Src/stm32f1xx_hal_can.o
 .debug_info    0x00004209      0xa87 ./Drivers/STM32F1xx_HAL_Driver/Src/stm32f1xx_hal_cortex.o
 .debug_info    0x00004c90      0x5ab ./Drivers/STM32F1xx_HAL_Driver/Src/stm32f1xx_hal_gpio.o
 .debug_info    0x0000523b      0x7d5 ./Drivers/STM32F1xx_HAL_Driver/Src/stm32f1xx_hal_rcc.o
 .debug_info    0x00005a10     0x2959 ./Drivers/STM32F1xx_HAL_Driver/Src/stm32f1xx_hal_tim.o
 .debug_info    0x00008369     0x149b ./Drivers/STM32F1xx_HAL_Driver/Src/stm32f1xx_hal_tim_ex.o
 .debug_info    0x00009804     0x2eed ./Drivers/STM32F1xx_HAL_Driver/Src/stm32f1xx_hal_uart.o
 .debug_info    0x0000c6f1      0xc20 ./Middleware/dronecan/dronecan.o
 .debug_info    0x0000d311      0x577 ./Middleware/dronecan/dsdl_generated/src/thaco.equipment.actuator.ArrayCommand.o
 .debug_info    0x0000d888      0x40f ./Middleware/dronecan/dsdl_generated/src/uavcan.protocol.NodeStatus.o
 .debug_info    0x0000dc97      0x990 ./RTOS/rtos.o
 .debug_info    0x0000e627     0x14d4 ./RTOS/tasks/can_task.o
 .debug_info    0x0000fafb      0x2aa ./ThirdParty/FreeRTOS-Kernel/list.o
 .debug_info    0x0000fda5     0x1679 ./ThirdParty/FreeRTOS-Kernel/queue.o
 .debug_info    0x0001141e     0x25c7 ./ThirdParty/FreeRTOS-Kernel/tasks.o
 .debug_info    0x000139e5      0xe45 ./ThirdParty/FreeRTOS-Kernel/timers.o
 .debug_info    0x0001482a      0x52b ./ThirdParty/FreeRTOS-Kernel/portable/GCC/ARM_CM3/port.o
 .debug_info    0x00014d55      0x5f6 ./ThirdParty/FreeRTOS-Kernel/portable/MemMang/heap_4.o
 .debug_info    0x0001534b     0x1d20 ./ThirdParty/libcanard/canard.o

.debug_abbrev   0x00000000     0x39ec
 .debug_abbrev  0x00000000      0x308 ./Core/Src/main.o
 .debug_abbrev  0x00000308      0x26a ./Core/Src/stm32f1xx_hal_msp.o
 .debug_abbrev  0x00000572      0x1a4 ./Core/Src/stm32f1xx_it.o
 .debug_abbrev  0x00000716      0x13f ./Core/Src/system_stm32f1xx.o
 .debug_abbrev  0x00000855       0x24 ./Core/Startup/startup_stm32f103c8tx.o
 .debug_abbrev  0x00000879      0x201 ./Drivers/STM32F1xx_HAL_Driver/Src/stm32f1xx_hal.o
 .debug_abbrev  0x00000a7a      0x21c ./Drivers/STM32F1xx_HAL_Driver/Src/stm32f1xx_hal_can.o
 .debug_abbrev  0x00000c96      0x2f8 ./Drivers/STM32F1xx_HAL_Driver/Src/stm32f1xx_hal_cortex.o
 .debug_abbrev  0x00000f8e      0x1ca ./Drivers/STM32F1xx_HAL_Driver/Src/stm32f1xx_hal_gpio.o
 .debug_abbrev  0x00001158      0x2b3 ./Drivers/STM32F1xx_HAL_Driver/Src/stm32f1xx_hal_rcc.o
 .debug_abbrev  0x0000140b      0x277 ./Drivers/STM32F1xx_HAL_Driver/Src/stm32f1xx_hal_tim.o
 .debug_abbrev  0x00001682      0x282 ./Drivers/STM32F1xx_HAL_Driver/Src/stm32f1xx_hal_tim_ex.o
 .debug_abbrev  0x00001904      0x2f8 ./Drivers/STM32F1xx_HAL_Driver/Src/stm32f1xx_hal_uart.o
 .debug_abbrev  0x00001bfc      0x2ba ./Middleware/dronecan/dronecan.o
 .debug_abbrev  0x00001eb6      0x1f4 ./Middleware/dronecan/dsdl_generated/src/thaco.equipment.actuator.ArrayCommand.o
 .debug_abbrev  0x000020aa      0x18c ./Middleware/dronecan/dsdl_generated/src/uavcan.protocol.NodeStatus.o
 .debug_abbrev  0x00002236      0x201 ./RTOS/rtos.o
 .debug_abbrev  0x00002437      0x352 ./RTOS/tasks/can_task.o
 .debug_abbrev  0x00002789       0xee ./ThirdParty/FreeRTOS-Kernel/list.o
 .debug_abbrev  0x00002877      0x2ce ./ThirdParty/FreeRTOS-Kernel/queue.o
 .debug_abbrev  0x00002b45      0x392 ./ThirdParty/FreeRTOS-Kernel/tasks.o
 .debug_abbrev  0x00002ed7      0x2c3 ./ThirdParty/FreeRTOS-Kernel/timers.o
 .debug_abbrev  0x0000319a      0x255 ./ThirdParty/FreeRTOS-Kernel/portable/GCC/ARM_CM3/port.o
 .debug_abbrev  0x000033ef      0x258 ./ThirdParty/FreeRTOS-Kernel/portable/MemMang/heap_4.o
 .debug_abbrev  0x00003647      0x3a5 ./ThirdParty/libcanard/canard.o

.debug_aranges  0x00000000     0x1508
 .debug_aranges
                0x00000000       0x50 ./Core/Src/main.o
 .debug_aranges
                0x00000050       0x58 ./Core/Src/stm32f1xx_hal_msp.o
 .debug_aranges
                0x000000a8       0x58 ./Core/Src/stm32f1xx_it.o
 .debug_aranges
                0x00000100       0x28 ./Core/Src/system_stm32f1xx.o
 .debug_aranges
                0x00000128       0x28 ./Core/Startup/startup_stm32f103c8tx.o
 .debug_aranges
                0x00000150       0xe0 ./Drivers/STM32F1xx_HAL_Driver/Src/stm32f1xx_hal.o
 .debug_aranges
                0x00000230      0x138 ./Drivers/STM32F1xx_HAL_Driver/Src/stm32f1xx_hal_can.o
 .debug_aranges
                0x00000368      0x100 ./Drivers/STM32F1xx_HAL_Driver/Src/stm32f1xx_hal_cortex.o
 .debug_aranges
                0x00000468       0x58 ./Drivers/STM32F1xx_HAL_Driver/Src/stm32f1xx_hal_gpio.o
 .debug_aranges
                0x000004c0       0x90 ./Drivers/STM32F1xx_HAL_Driver/Src/stm32f1xx_hal_rcc.o
 .debug_aranges
                0x00000550      0x3d0 ./Drivers/STM32F1xx_HAL_Driver/Src/stm32f1xx_hal_tim.o
 .debug_aranges
                0x00000920      0x168 ./Drivers/STM32F1xx_HAL_Driver/Src/stm32f1xx_hal_tim_ex.o
 .debug_aranges
                0x00000a88      0x208 ./Drivers/STM32F1xx_HAL_Driver/Src/stm32f1xx_hal_uart.o
 .debug_aranges
                0x00000c90       0x60 ./Middleware/dronecan/dronecan.o
 .debug_aranges
                0x00000cf0       0x48 ./Middleware/dronecan/dsdl_generated/src/thaco.equipment.actuator.ArrayCommand.o
 .debug_aranges
                0x00000d38       0x38 ./Middleware/dronecan/dsdl_generated/src/uavcan.protocol.NodeStatus.o
 .debug_aranges
                0x00000d70       0x30 ./RTOS/rtos.o
 .debug_aranges
                0x00000da0       0x90 ./RTOS/tasks/can_task.o
 .debug_aranges
                0x00000e30       0x40 ./ThirdParty/FreeRTOS-Kernel/list.o
 .debug_aranges
                0x00000e70      0x110 ./ThirdParty/FreeRTOS-Kernel/queue.o
 .debug_aranges
                0x00000f80      0x1f8 ./ThirdParty/FreeRTOS-Kernel/tasks.o
 .debug_aranges
                0x00001178       0xe8 ./ThirdParty/FreeRTOS-Kernel/timers.o
 .debug_aranges
                0x00001260       0x78 ./ThirdParty/FreeRTOS-Kernel/portable/GCC/ARM_CM3/port.o
 .debug_aranges
                0x000012d8       0x70 ./ThirdParty/FreeRTOS-Kernel/portable/MemMang/heap_4.o
 .debug_aranges
                0x00001348      0x1c0 ./ThirdParty/libcanard/canard.o

.debug_rnglists
                0x00000000     0x105d
 .debug_rnglists
                0x00000000       0x3a ./Core/Src/main.o
 .debug_rnglists
                0x0000003a       0x3f ./Core/Src/stm32f1xx_hal_msp.o
 .debug_rnglists
                0x00000079       0x3d ./Core/Src/stm32f1xx_it.o
 .debug_rnglists
                0x000000b6       0x1a ./Core/Src/system_stm32f1xx.o
 .debug_rnglists
                0x000000d0       0x19 ./Core/Startup/startup_stm32f103c8tx.o
 .debug_rnglists
                0x000000e9       0xa3 ./Drivers/STM32F1xx_HAL_Driver/Src/stm32f1xx_hal.o
 .debug_rnglists
                0x0000018c       0xed ./Drivers/STM32F1xx_HAL_Driver/Src/stm32f1xx_hal_can.o
 .debug_rnglists
                0x00000279       0xbb ./Drivers/STM32F1xx_HAL_Driver/Src/stm32f1xx_hal_cortex.o
 .debug_rnglists
                0x00000334       0x3f ./Drivers/STM32F1xx_HAL_Driver/Src/stm32f1xx_hal_gpio.o
 .debug_rnglists
                0x00000373       0x6c ./Drivers/STM32F1xx_HAL_Driver/Src/stm32f1xx_hal_rcc.o
 .debug_rnglists
                0x000003df      0x31a ./Drivers/STM32F1xx_HAL_Driver/Src/stm32f1xx_hal_tim.o
 .debug_rnglists
                0x000006f9      0x125 ./Drivers/STM32F1xx_HAL_Driver/Src/stm32f1xx_hal_tim_ex.o
 .debug_rnglists
                0x0000081e      0x1bc ./Drivers/STM32F1xx_HAL_Driver/Src/stm32f1xx_hal_uart.o
 .debug_rnglists
                0x000009da       0x48 ./Middleware/dronecan/dronecan.o
 .debug_rnglists
                0x00000a22       0x33 ./Middleware/dronecan/dsdl_generated/src/thaco.equipment.actuator.ArrayCommand.o
 .debug_rnglists
                0x00000a55       0x27 ./Middleware/dronecan/dsdl_generated/src/uavcan.protocol.NodeStatus.o
 .debug_rnglists
                0x00000a7c       0x1f ./RTOS/rtos.o
 .debug_rnglists
                0x00000a9b       0x6e ./RTOS/tasks/can_task.o
 .debug_rnglists
                0x00000b09       0x2b ./ThirdParty/FreeRTOS-Kernel/list.o
 .debug_rnglists
                0x00000b34       0xd4 ./ThirdParty/FreeRTOS-Kernel/queue.o
 .debug_rnglists
                0x00000c08      0x1a5 ./ThirdParty/FreeRTOS-Kernel/tasks.o
 .debug_rnglists
                0x00000dad       0xad ./ThirdParty/FreeRTOS-Kernel/timers.o
 .debug_rnglists
                0x00000e5a       0x57 ./ThirdParty/FreeRTOS-Kernel/portable/GCC/ARM_CM3/port.o
 .debug_rnglists
                0x00000eb1       0x54 ./ThirdParty/FreeRTOS-Kernel/portable/MemMang/heap_4.o
 .debug_rnglists
                0x00000f05      0x158 ./ThirdParty/libcanard/canard.o

.debug_macro    0x00000000    0x19bd0
 .debug_macro   0x00000000      0x238 ./Core/Src/main.o
 .debug_macro   0x00000238      0x221 ./Core/Src/main.o
 .debug_macro   0x00000459       0x2e ./Core/Src/main.o
 .debug_macro   0x00000487       0x22 ./Core/Src/main.o
 .debug_macro   0x000004a9       0x22 ./Core/Src/main.o
 .debug_macro   0x000004cb       0x8e ./Core/Src/main.o
 .debug_macro   0x00000559       0x51 ./Core/Src/main.o
 .debug_macro   0x000005aa      0x103 ./Core/Src/main.o
 .debug_macro   0x000006ad       0x6a ./Core/Src/main.o
 .debug_macro   0x00000717      0x1df ./Core/Src/main.o
 .debug_macro   0x000008f6       0x1c ./Core/Src/main.o
 .debug_macro   0x00000912       0x22 ./Core/Src/main.o
 .debug_macro   0x00000934       0xbd ./Core/Src/main.o
 .debug_macro   0x000009f1      0xd23 ./Core/Src/main.o
 .debug_macro   0x00001714     0xe09e ./Core/Src/main.o
 .debug_macro   0x0000f7b2       0x6d ./Core/Src/main.o
 .debug_macro   0x0000f81f     0x34a2 ./Core/Src/main.o
 .debug_macro   0x00012cc1      0x190 ./Core/Src/main.o
 .debug_macro   0x00012e51       0x5c ./Core/Src/main.o
 .debug_macro   0x00012ead      0x5bc ./Core/Src/main.o
 .debug_macro   0x00013469      0x289 ./Core/Src/main.o
 .debug_macro   0x000136f2      0x1cb ./Core/Src/main.o
 .debug_macro   0x000138bd      0x114 ./Core/Src/main.o
 .debug_macro   0x000139d1      0x1b2 ./Core/Src/main.o
 .debug_macro   0x00013b83       0x27 ./Core/Src/main.o
 .debug_macro   0x00013baa      0x136 ./Core/Src/main.o
 .debug_macro   0x00013ce0      0x1bc ./Core/Src/main.o
 .debug_macro   0x00013e9c       0x34 ./Core/Src/main.o
 .debug_macro   0x00013ed0       0x3c ./Core/Src/main.o
 .debug_macro   0x00013f0c      0x408 ./Core/Src/main.o
 .debug_macro   0x00014314       0x57 ./Core/Src/main.o
 .debug_macro   0x0001436b       0x87 ./Core/Src/main.o
 .debug_macro   0x000143f2      0x240 ./Core/Src/main.o
 .debug_macro   0x00014632      0x140 ./Core/Src/main.o
 .debug_macro   0x00014772      0x8ed ./Core/Src/main.o
 .debug_macro   0x0001505f      0x28e ./Core/Src/main.o
 .debug_macro   0x000152ed       0x83 ./Core/Src/main.o
 .debug_macro   0x00015370       0x16 ./Core/Src/main.o
 .debug_macro   0x00015386      0x112 ./Core/Src/main.o
 .debug_macro   0x00015498       0x28 ./Core/Src/main.o
 .debug_macro   0x000154c0      0x182 ./Core/Src/main.o
 .debug_macro   0x00015642       0xee ./Core/Src/main.o
 .debug_macro   0x00015730       0x3a ./Core/Src/main.o
 .debug_macro   0x0001576a       0x1f ./Core/Src/main.o
 .debug_macro   0x00015789       0x12 ./Core/Src/main.o
 .debug_macro   0x0001579b     0x1105 ./Core/Src/main.o
 .debug_macro   0x000168a0       0xc3 ./Core/Src/main.o
 .debug_macro   0x00016963      0x161 ./Core/Src/main.o
 .debug_macro   0x00016ac4      0x1b7 ./Core/Src/stm32f1xx_hal_msp.o
 .debug_macro   0x00016c7b      0x244 ./Core/Src/stm32f1xx_it.o
 .debug_macro   0x00016ebf      0x1ad ./Core/Src/system_stm32f1xx.o
 .debug_macro   0x0001706c      0x1d1 ./Drivers/STM32F1xx_HAL_Driver/Src/stm32f1xx_hal.o
 .debug_macro   0x0001723d      0x1bc ./Drivers/STM32F1xx_HAL_Driver/Src/stm32f1xx_hal_can.o
 .debug_macro   0x000173f9      0x1ad ./Drivers/STM32F1xx_HAL_Driver/Src/stm32f1xx_hal_cortex.o
 .debug_macro   0x000175a6      0x218 ./Drivers/STM32F1xx_HAL_Driver/Src/stm32f1xx_hal_gpio.o
 .debug_macro   0x000177be      0x1bf ./Drivers/STM32F1xx_HAL_Driver/Src/stm32f1xx_hal_rcc.o
 .debug_macro   0x0001797d      0x1ae ./Drivers/STM32F1xx_HAL_Driver/Src/stm32f1xx_hal_tim.o
 .debug_macro   0x00017b2b      0x1ad ./Drivers/STM32F1xx_HAL_Driver/Src/stm32f1xx_hal_tim_ex.o
 .debug_macro   0x00017cd8      0x1ae ./Drivers/STM32F1xx_HAL_Driver/Src/stm32f1xx_hal_uart.o
 .debug_macro   0x00017e86      0x193 ./Middleware/dronecan/dronecan.o
 .debug_macro   0x00018019       0x22 ./Middleware/dronecan/dronecan.o
 .debug_macro   0x0001803b       0x61 ./Middleware/dronecan/dronecan.o
 .debug_macro   0x0001809c       0x10 ./Middleware/dronecan/dronecan.o
 .debug_macro   0x000180ac       0x20 ./Middleware/dronecan/dronecan.o
 .debug_macro   0x000180cc       0x16 ./Middleware/dronecan/dronecan.o
 .debug_macro   0x000180e2      0x12a ./Middleware/dronecan/dronecan.o
 .debug_macro   0x0001820c       0x28 ./Middleware/dronecan/dronecan.o
 .debug_macro   0x00018234       0x10 ./Middleware/dronecan/dronecan.o
 .debug_macro   0x00018244       0x16 ./Middleware/dronecan/dronecan.o
 .debug_macro   0x0001825a       0x5e ./Middleware/dronecan/dronecan.o
 .debug_macro   0x000182b8      0x173 ./Middleware/dronecan/dsdl_generated/src/thaco.equipment.actuator.ArrayCommand.o
 .debug_macro   0x0001842b      0x16a ./Middleware/dronecan/dsdl_generated/src/uavcan.protocol.NodeStatus.o
 .debug_macro   0x00018595      0x242 ./RTOS/rtos.o
 .debug_macro   0x000187d7      0x112 ./RTOS/rtos.o
 .debug_macro   0x000188e9      0x304 ./RTOS/tasks/can_task.o
 .debug_macro   0x00018bed       0x16 ./RTOS/tasks/can_task.o
 .debug_macro   0x00018c03       0x10 ./RTOS/tasks/can_task.o
 .debug_macro   0x00018c13       0x80 ./RTOS/tasks/can_task.o
 .debug_macro   0x00018c93      0x1a2 ./ThirdParty/FreeRTOS-Kernel/list.o
 .debug_macro   0x00018e35      0x239 ./ThirdParty/FreeRTOS-Kernel/queue.o
 .debug_macro   0x0001906e       0x16 ./ThirdParty/FreeRTOS-Kernel/queue.o
 .debug_macro   0x00019084      0x2cd ./ThirdParty/FreeRTOS-Kernel/tasks.o
 .debug_macro   0x00019351       0x16 ./ThirdParty/FreeRTOS-Kernel/tasks.o
 .debug_macro   0x00019367      0x1f1 ./ThirdParty/FreeRTOS-Kernel/timers.o
 .debug_macro   0x00019558       0x9e ./ThirdParty/FreeRTOS-Kernel/timers.o
 .debug_macro   0x000195f6      0x1ab ./ThirdParty/FreeRTOS-Kernel/portable/GCC/ARM_CM3/port.o
 .debug_macro   0x000197a1      0x237 ./ThirdParty/FreeRTOS-Kernel/portable/MemMang/heap_4.o
 .debug_macro   0x000199d8      0x1e2 ./ThirdParty/libcanard/canard.o
 .debug_macro   0x00019bba       0x16 ./ThirdParty/libcanard/canard.o

.debug_line     0x00000000    0x18184
 .debug_line    0x00000000      0xaa3 ./Core/Src/main.o
 .debug_line    0x00000aa3      0x825 ./Core/Src/stm32f1xx_hal_msp.o
 .debug_line    0x000012c8      0x94a ./Core/Src/stm32f1xx_it.o
 .debug_line    0x00001c12      0x796 ./Core/Src/system_stm32f1xx.o
 .debug_line    0x000023a8       0x78 ./Core/Startup/startup_stm32f103c8tx.o
 .debug_line    0x00002420      0x9ca ./Drivers/STM32F1xx_HAL_Driver/Src/stm32f1xx_hal.o
 .debug_line    0x00002dea     0x11c0 ./Drivers/STM32F1xx_HAL_Driver/Src/stm32f1xx_hal_can.o
 .debug_line    0x00003faa      0xb91 ./Drivers/STM32F1xx_HAL_Driver/Src/stm32f1xx_hal_cortex.o
 .debug_line    0x00004b3b      0xa21 ./Drivers/STM32F1xx_HAL_Driver/Src/stm32f1xx_hal_gpio.o
 .debug_line    0x0000555c      0xe80 ./Drivers/STM32F1xx_HAL_Driver/Src/stm32f1xx_hal_rcc.o
 .debug_line    0x000063dc     0x34bb ./Drivers/STM32F1xx_HAL_Driver/Src/stm32f1xx_hal_tim.o
 .debug_line    0x00009897     0x188b ./Drivers/STM32F1xx_HAL_Driver/Src/stm32f1xx_hal_tim_ex.o
 .debug_line    0x0000b122     0x24e3 ./Drivers/STM32F1xx_HAL_Driver/Src/stm32f1xx_hal_uart.o
 .debug_line    0x0000d605      0x994 ./Middleware/dronecan/dronecan.o
 .debug_line    0x0000df99      0x8ab ./Middleware/dronecan/dsdl_generated/src/thaco.equipment.actuator.ArrayCommand.o
 .debug_line    0x0000e844      0x783 ./Middleware/dronecan/dsdl_generated/src/uavcan.protocol.NodeStatus.o
 .debug_line    0x0000efc7      0x90d ./RTOS/rtos.o
 .debug_line    0x0000f8d4      0xf70 ./RTOS/tasks/can_task.o
 .debug_line    0x00010844      0x80b ./ThirdParty/FreeRTOS-Kernel/list.o
 .debug_line    0x0001104f     0x160a ./ThirdParty/FreeRTOS-Kernel/queue.o
 .debug_line    0x00012659     0x1f13 ./ThirdParty/FreeRTOS-Kernel/tasks.o
 .debug_line    0x0001456c      0xdb8 ./ThirdParty/FreeRTOS-Kernel/timers.o
 .debug_line    0x00015324      0x8bd ./ThirdParty/FreeRTOS-Kernel/portable/GCC/ARM_CM3/port.o
 .debug_line    0x00015be1      0xbb2 ./ThirdParty/FreeRTOS-Kernel/portable/MemMang/heap_4.o
 .debug_line    0x00016793     0x19f1 ./ThirdParty/libcanard/canard.o

.debug_str      0x00000000    0x9de8a
 .debug_str     0x00000000    0x9de8a ./Core/Src/main.o
                              0x91357 (size before relaxing)
 .debug_str     0x0009de8a    0x86640 ./Core/Src/stm32f1xx_hal_msp.o
 .debug_str     0x0009de8a    0x90950 ./Core/Src/stm32f1xx_it.o
 .debug_str     0x0009de8a    0x85929 ./Core/Src/system_stm32f1xx.o
 .debug_str     0x0009de8a       0x7e ./Core/Startup/startup_stm32f103c8tx.o
 .debug_str     0x0009de8a    0x8605c ./Drivers/STM32F1xx_HAL_Driver/Src/stm32f1xx_hal.o
 .debug_str     0x0009de8a    0x86131 ./Drivers/STM32F1xx_HAL_Driver/Src/stm32f1xx_hal_can.o
 .debug_str     0x0009de8a    0x85fa8 ./Drivers/STM32F1xx_HAL_Driver/Src/stm32f1xx_hal_cortex.o
 .debug_str     0x0009de8a    0x85caf ./Drivers/STM32F1xx_HAL_Driver/Src/stm32f1xx_hal_gpio.o
 .debug_str     0x0009de8a    0x85d58 ./Drivers/STM32F1xx_HAL_Driver/Src/stm32f1xx_hal_rcc.o
 .debug_str     0x0009de8a    0x86d5a ./Drivers/STM32F1xx_HAL_Driver/Src/stm32f1xx_hal_tim.o
 .debug_str     0x0009de8a    0x86566 ./Drivers/STM32F1xx_HAL_Driver/Src/stm32f1xx_hal_tim_ex.o
 .debug_str     0x0009de8a    0x863c9 ./Drivers/STM32F1xx_HAL_Driver/Src/stm32f1xx_hal_uart.o
 .debug_str     0x0009de8a     0x85f1 ./Middleware/dronecan/dronecan.o
 .debug_str     0x0009de8a     0x7d30 ./Middleware/dronecan/dsdl_generated/src/thaco.equipment.actuator.ArrayCommand.o
 .debug_str     0x0009de8a     0x7e02 ./Middleware/dronecan/dsdl_generated/src/uavcan.protocol.NodeStatus.o
 .debug_str     0x0009de8a    0x90c85 ./RTOS/rtos.o
 .debug_str     0x0009de8a    0x929e7 ./RTOS/tasks/can_task.o
 .debug_str     0x0009de8a    0x10c5d ./ThirdParty/FreeRTOS-Kernel/list.o
 .debug_str     0x0009de8a    0x13536 ./ThirdParty/FreeRTOS-Kernel/queue.o
 .debug_str     0x0009de8a    0x145e5 ./ThirdParty/FreeRTOS-Kernel/tasks.o
 .debug_str     0x0009de8a    0x1388c ./ThirdParty/FreeRTOS-Kernel/timers.o
 .debug_str     0x0009de8a     0xf6e5 ./ThirdParty/FreeRTOS-Kernel/portable/GCC/ARM_CM3/port.o
 .debug_str     0x0009de8a    0x1287f ./ThirdParty/FreeRTOS-Kernel/portable/MemMang/heap_4.o
 .debug_str     0x0009de8a     0x8a05 ./ThirdParty/libcanard/canard.o

.comment        0x00000000       0x43
 .comment       0x00000000       0x43 ./Core/Src/main.o
                                 0x44 (size before relaxing)
 .comment       0x00000043       0x44 ./Core/Src/stm32f1xx_hal_msp.o
 .comment       0x00000043       0x44 ./Core/Src/stm32f1xx_it.o
 .comment       0x00000043       0x44 ./Core/Src/system_stm32f1xx.o
 .comment       0x00000043       0x44 ./Drivers/STM32F1xx_HAL_Driver/Src/stm32f1xx_hal.o
 .comment       0x00000043       0x44 ./Drivers/STM32F1xx_HAL_Driver/Src/stm32f1xx_hal_can.o
 .comment       0x00000043       0x44 ./Drivers/STM32F1xx_HAL_Driver/Src/stm32f1xx_hal_cortex.o
 .comment       0x00000043       0x44 ./Drivers/STM32F1xx_HAL_Driver/Src/stm32f1xx_hal_gpio.o
 .comment       0x00000043       0x44 ./Drivers/STM32F1xx_HAL_Driver/Src/stm32f1xx_hal_rcc.o
 .comment       0x00000043       0x44 ./Drivers/STM32F1xx_HAL_Driver/Src/stm32f1xx_hal_tim.o
 .comment       0x00000043       0x44 ./Drivers/STM32F1xx_HAL_Driver/Src/stm32f1xx_hal_tim_ex.o
 .comment       0x00000043       0x44 ./Drivers/STM32F1xx_HAL_Driver/Src/stm32f1xx_hal_uart.o
 .comment       0x00000043       0x44 ./Middleware/dronecan/dronecan.o
 .comment       0x00000043       0x44 ./Middleware/dronecan/dsdl_generated/src/thaco.equipment.actuator.ArrayCommand.o
 .comment       0x00000043       0x44 ./Middleware/dronecan/dsdl_generated/src/uavcan.protocol.NodeStatus.o
 .comment       0x00000043       0x44 ./RTOS/rtos.o
 .comment       0x00000043       0x44 ./RTOS/tasks/can_task.o
 .comment       0x00000043       0x44 ./ThirdParty/FreeRTOS-Kernel/list.o
 .comment       0x00000043       0x44 ./ThirdParty/FreeRTOS-Kernel/queue.o
 .comment       0x00000043       0x44 ./ThirdParty/FreeRTOS-Kernel/tasks.o
 .comment       0x00000043       0x44 ./ThirdParty/FreeRTOS-Kernel/timers.o
 .comment       0x00000043       0x44 ./ThirdParty/FreeRTOS-Kernel/portable/GCC/ARM_CM3/port.o
 .comment       0x00000043       0x44 ./ThirdParty/FreeRTOS-Kernel/portable/MemMang/heap_4.o
 .comment       0x00000043       0x44 ./ThirdParty/libcanard/canard.o

.debug_frame    0x00000000     0x5494
 .debug_frame   0x00000000       0xe8 ./Core/Src/main.o
 .debug_frame   0x000000e8      0x130 ./Core/Src/stm32f1xx_hal_msp.o
 .debug_frame   0x00000218       0xdc ./Core/Src/stm32f1xx_it.o
 .debug_frame   0x000002f4       0x50 ./Core/Src/system_stm32f1xx.o
 .debug_frame   0x00000344      0x2e4 ./Drivers/STM32F1xx_HAL_Driver/Src/stm32f1xx_hal.o
 .debug_frame   0x00000628      0x524 ./Drivers/STM32F1xx_HAL_Driver/Src/stm32f1xx_hal_can.o
 .debug_frame   0x00000b4c      0x3f0 ./Drivers/STM32F1xx_HAL_Driver/Src/stm32f1xx_hal_cortex.o
 .debug_frame   0x00000f3c      0x130 ./Drivers/STM32F1xx_HAL_Driver/Src/stm32f1xx_hal_gpio.o
 .debug_frame   0x0000106c      0x1f8 ./Drivers/STM32F1xx_HAL_Driver/Src/stm32f1xx_hal_rcc.o
 .debug_frame   0x00001264     0x10e8 ./Drivers/STM32F1xx_HAL_Driver/Src/stm32f1xx_hal_tim.o
 .debug_frame   0x0000234c      0x600 ./Drivers/STM32F1xx_HAL_Driver/Src/stm32f1xx_hal_tim_ex.o
 .debug_frame   0x0000294c      0x8dc ./Drivers/STM32F1xx_HAL_Driver/Src/stm32f1xx_hal_uart.o
 .debug_frame   0x00003228      0x154 ./Middleware/dronecan/dronecan.o
 .debug_frame   0x0000337c       0xec ./Middleware/dronecan/dsdl_generated/src/thaco.equipment.actuator.ArrayCommand.o
 .debug_frame   0x00003468       0xa4 ./Middleware/dronecan/dsdl_generated/src/uavcan.protocol.NodeStatus.o
 .debug_frame   0x0000350c       0x74 ./RTOS/rtos.o
 .debug_frame   0x00003580      0x240 ./RTOS/tasks/can_task.o
 .debug_frame   0x000037c0       0xc4 ./ThirdParty/FreeRTOS-Kernel/list.o
 .debug_frame   0x00003884      0x478 ./ThirdParty/FreeRTOS-Kernel/queue.o
 .debug_frame   0x00003cfc      0x868 ./ThirdParty/FreeRTOS-Kernel/tasks.o
 .debug_frame   0x00004564      0x3a4 ./ThirdParty/FreeRTOS-Kernel/timers.o
 .debug_frame   0x00004908      0x17c ./ThirdParty/FreeRTOS-Kernel/portable/GCC/ARM_CM3/port.o
 .debug_frame   0x00004a84      0x178 ./ThirdParty/FreeRTOS-Kernel/portable/MemMang/heap_4.o
 .debug_frame   0x00004bfc      0x7c4 ./ThirdParty/libcanard/canard.o
 .debug_frame   0x000053c0       0x20 C:/ST/STM32CubeIDE_2.1.0/STM32CubeIDE/plugins/com.st.stm32cube.ide.mcu.externaltools.gnu-tools-for-stm32.14.3.rel1.win32_1.0.100.202602081740/tools/bin/../lib/gcc/arm-none-eabi/14.3.1/../../../../arm-none-eabi/lib/thumb/v7-m/nofp\libc_nano.a(libc_a-memset.o)
 .debug_frame   0x000053e0       0x2c C:/ST/STM32CubeIDE_2.1.0/STM32CubeIDE/plugins/com.st.stm32cube.ide.mcu.externaltools.gnu-tools-for-stm32.14.3.rel1.win32_1.0.100.202602081740/tools/bin/../lib/gcc/arm-none-eabi/14.3.1/../../../../arm-none-eabi/lib/thumb/v7-m/nofp\libc_nano.a(libc_a-init.o)
 .debug_frame   0x0000540c       0x28 C:/ST/STM32CubeIDE_2.1.0/STM32CubeIDE/plugins/com.st.stm32cube.ide.mcu.externaltools.gnu-tools-for-stm32.14.3.rel1.win32_1.0.100.202602081740/tools/bin/../lib/gcc/arm-none-eabi/14.3.1/../../../../arm-none-eabi/lib/thumb/v7-m/nofp\libc_nano.a(libc_a-memcpy-stub.o)
 .debug_frame   0x00005434       0x2c C:/ST/STM32CubeIDE_2.1.0/STM32CubeIDE/plugins/com.st.stm32cube.ide.mcu.externaltools.gnu-tools-for-stm32.14.3.rel1.win32_1.0.100.202602081740/tools/bin/../lib/gcc/arm-none-eabi/14.3.1/thumb/v7-m/nofp\libgcc.a(_aeabi_uldivmod.o)
 .debug_frame   0x00005460       0x34 C:/ST/STM32CubeIDE_2.1.0/STM32CubeIDE/plugins/com.st.stm32cube.ide.mcu.externaltools.gnu-tools-for-stm32.14.3.rel1.win32_1.0.100.202602081740/tools/bin/../lib/gcc/arm-none-eabi/14.3.1/thumb/v7-m/nofp\libgcc.a(_udivmoddi4.o)

.debug_line_str
                0x00000000       0x62
 .debug_line_str
                0x00000000       0x62 ./Core/Startup/startup_stm32f103c8tx.o
